Archive member included to satisfy reference by file (symbol)

C:/ST/STM32CubeIDE_1.7.0/STM32CubeIDE/plugins/com.st.stm32cube.ide.mcu.externaltools.gnu-tools-for-stm32.12.3.rel1.win32_1.0.200.202406191623/tools/bin/../lib/gcc/arm-none-eabi/12.3.1/../../../../arm-none-eabi/lib/thumb/v7-m/nofp\libc_nano.a(libc_a-exit.o)
                              C:/ST/STM32CubeIDE_1.7.0/STM32CubeIDE/plugins/com.st.stm32cube.ide.mcu.externaltools.gnu-tools-for-stm32.12.3.rel1.win32_1.0.200.202406191623/tools/bin/../lib/gcc/arm-none-eabi/12.3.1/../../../../arm-none-eabi/lib/thumb/v7-m/nofp/crt0.o (exit)
C:/ST/STM32CubeIDE_1.7.0/STM32CubeIDE/plugins/com.st.stm32cube.ide.mcu.externaltools.gnu-tools-for-stm32.12.3.rel1.win32_1.0.200.202406191623/tools/bin/../lib/gcc/arm-none-eabi/12.3.1/../../../../arm-none-eabi/lib/thumb/v7-m/nofp\libc_nano.a(libc_a-findfp.o)
                              C:/ST/STM32CubeIDE_1.7.0/STM32CubeIDE/plugins/com.st.stm32cube.ide.mcu.externaltools.gnu-tools-for-stm32.12.3.rel1.win32_1.0.200.202406191623/tools/bin/../lib/gcc/arm-none-eabi/12.3.1/../../../../arm-none-eabi/lib/thumb/v7-m/nofp\libc_nano.a(libc_a-exit.o) (__stdio_exit_handler)
C:/ST/STM32CubeIDE_1.7.0/STM32CubeIDE/plugins/com.st.stm32cube.ide.mcu.externaltools.gnu-tools-for-stm32.12.3.rel1.win32_1.0.200.202406191623/tools/bin/../lib/gcc/arm-none-eabi/12.3.1/../../../../arm-none-eabi/lib/thumb/v7-m/nofp\libc_nano.a(libc_a-fwalk.o)
                              C:/ST/STM32CubeIDE_1.7.0/STM32CubeIDE/plugins/com.st.stm32cube.ide.mcu.externaltools.gnu-tools-for-stm32.12.3.rel1.win32_1.0.200.202406191623/tools/bin/../lib/gcc/arm-none-eabi/12.3.1/../../../../arm-none-eabi/lib/thumb/v7-m/nofp\libc_nano.a(libc_a-findfp.o) (_fwalk_sglue)
C:/ST/STM32CubeIDE_1.7.0/STM32CubeIDE/plugins/com.st.stm32cube.ide.mcu.externaltools.gnu-tools-for-stm32.12.3.rel1.win32_1.0.200.202406191623/tools/bin/../lib/gcc/arm-none-eabi/12.3.1/../../../../arm-none-eabi/lib/thumb/v7-m/nofp\libc_nano.a(libc_a-stdio.o)
                              C:/ST/STM32CubeIDE_1.7.0/STM32CubeIDE/plugins/com.st.stm32cube.ide.mcu.externaltools.gnu-tools-for-stm32.12.3.rel1.win32_1.0.200.202406191623/tools/bin/../lib/gcc/arm-none-eabi/12.3.1/../../../../arm-none-eabi/lib/thumb/v7-m/nofp\libc_nano.a(libc_a-findfp.o) (__sread)
C:/ST/STM32CubeIDE_1.7.0/STM32CubeIDE/plugins/com.st.stm32cube.ide.mcu.externaltools.gnu-tools-for-stm32.12.3.rel1.win32_1.0.200.202406191623/tools/bin/../lib/gcc/arm-none-eabi/12.3.1/../../../../arm-none-eabi/lib/thumb/v7-m/nofp\libc_nano.a(libc_a-memset.o)
                              C:/ST/STM32CubeIDE_1.7.0/STM32CubeIDE/plugins/com.st.stm32cube.ide.mcu.externaltools.gnu-tools-for-stm32.12.3.rel1.win32_1.0.200.202406191623/tools/bin/../lib/gcc/arm-none-eabi/12.3.1/../../../../arm-none-eabi/lib/thumb/v7-m/nofp/crt0.o (memset)
C:/ST/STM32CubeIDE_1.7.0/STM32CubeIDE/plugins/com.st.stm32cube.ide.mcu.externaltools.gnu-tools-for-stm32.12.3.rel1.win32_1.0.200.202406191623/tools/bin/../lib/gcc/arm-none-eabi/12.3.1/../../../../arm-none-eabi/lib/thumb/v7-m/nofp\libc_nano.a(libc_a-closer.o)
                              C:/ST/STM32CubeIDE_1.7.0/STM32CubeIDE/plugins/com.st.stm32cube.ide.mcu.externaltools.gnu-tools-for-stm32.12.3.rel1.win32_1.0.200.202406191623/tools/bin/../lib/gcc/arm-none-eabi/12.3.1/../../../../arm-none-eabi/lib/thumb/v7-m/nofp\libc_nano.a(libc_a-stdio.o) (_close_r)
C:/ST/STM32CubeIDE_1.7.0/STM32CubeIDE/plugins/com.st.stm32cube.ide.mcu.externaltools.gnu-tools-for-stm32.12.3.rel1.win32_1.0.200.202406191623/tools/bin/../lib/gcc/arm-none-eabi/12.3.1/../../../../arm-none-eabi/lib/thumb/v7-m/nofp\libc_nano.a(libc_a-reent.o)
                              C:/ST/STM32CubeIDE_1.7.0/STM32CubeIDE/plugins/com.st.stm32cube.ide.mcu.externaltools.gnu-tools-for-stm32.12.3.rel1.win32_1.0.200.202406191623/tools/bin/../lib/gcc/arm-none-eabi/12.3.1/../../../../arm-none-eabi/lib/thumb/v7-m/nofp\libc_nano.a(libc_a-closer.o) (errno)
C:/ST/STM32CubeIDE_1.7.0/STM32CubeIDE/plugins/com.st.stm32cube.ide.mcu.externaltools.gnu-tools-for-stm32.12.3.rel1.win32_1.0.200.202406191623/tools/bin/../lib/gcc/arm-none-eabi/12.3.1/../../../../arm-none-eabi/lib/thumb/v7-m/nofp\libc_nano.a(libc_a-impure.o)
                              C:/ST/STM32CubeIDE_1.7.0/STM32CubeIDE/plugins/com.st.stm32cube.ide.mcu.externaltools.gnu-tools-for-stm32.12.3.rel1.win32_1.0.200.202406191623/tools/bin/../lib/gcc/arm-none-eabi/12.3.1/../../../../arm-none-eabi/lib/thumb/v7-m/nofp\libc_nano.a(libc_a-reent.o) (_impure_ptr)
C:/ST/STM32CubeIDE_1.7.0/STM32CubeIDE/plugins/com.st.stm32cube.ide.mcu.externaltools.gnu-tools-for-stm32.12.3.rel1.win32_1.0.200.202406191623/tools/bin/../lib/gcc/arm-none-eabi/12.3.1/../../../../arm-none-eabi/lib/thumb/v7-m/nofp\libc_nano.a(libc_a-lseekr.o)
[...]
Memory Configuration

Name             Origin             Length             Attributes
RAM              0x20000000         0x00002800         xrw
FLASH            0x08000000         0x00008000         xr
*default*        0x00000000         0xffffffff

Linker script and memory map

LOAD C:/ST/STM32CubeIDE_1.7.0/STM32CubeIDE/plugins/com.st.stm32cube.ide.mcu.externaltools.gnu-tools-for-stm32.12.3.rel1.win32_1.0.200.202406191623/tools/bin/../lib/gcc/arm-none-eabi/12.3.1/thumb/v7-m/nofp/crti.o
LOAD C:/ST/STM32CubeIDE_1.7.0/STM32CubeIDE/plugins/com.st.stm32cube.ide.mcu.externaltools.gnu-tools-for-stm32.12.3.rel1.win32_1.0.200.202406191623/tools/bin/../lib/gcc/arm-none-eabi/12.3.1/thumb/v7-m/nofp/crtbegin.o
LOAD C:/ST/STM32CubeIDE_1.7.0/STM32CubeIDE/plugins/com.st.stm32cube.ide.mcu.externaltools.gnu-tools-for-stm32.12.3.rel1.win32_1.0.200.202406191623/tools/bin/../lib/gcc/arm-none-eabi/12.3.1/../../../../arm-none-eabi/lib/thumb/v7-m/nofp/crt0.o
LOAD ./Core/Src/button.o
LOAD ./Core/Src/fsm_automatic.o
LOAD ./Core/Src/fsm_manual.o
LOAD ./Core/Src/fsm_setting.o
LOAD ./Core/Src/global.o
LOAD ./Core/Src/led7_segment.o
LOAD ./Core/Src/main.o
LOAD ./Core/Src/stm32f1xx_hal_msp.o
LOAD ./Core/Src/stm32f1xx_it.o
LOAD ./Core/Src/syscalls.o
LOAD ./Core/Src/sysmem.o
LOAD ./Core/Src/system_stm32f1xx.o
LOAD ./Core/Src/timer.o
LOAD ./Core/Src/traffic_light.o
LOAD ./Core/Startup/startup_stm32f103c6ux.o
LOAD ./Drivers/STM32F1xx_HAL_Driver/Src/stm32f1xx_hal.o
LOAD ./Drivers/STM32F1xx_HAL_Driver/Src/stm32f1xx_hal_cortex.o
LOAD ./Drivers/STM32F1xx_HAL_Driver/Src/stm32f1xx_hal_dma.o
LOAD ./Drivers/STM32F1xx_HAL_Driver/Src/stm32f1xx_hal_exti.o
LOAD ./Drivers/STM32F1xx_HAL_Driver/Src/stm32f1xx_hal_flash.o
LOAD ./Drivers/STM32F1xx_HAL_Driver/Src/stm32f1xx_hal_flash_ex.o
LOAD ./Drivers/STM32F1xx_HAL_Driver/Src/stm32f1xx_hal_gpio.o
LOAD ./Drivers/STM32F1xx_HAL_Driver/Src/stm32f1xx_hal_gpio_ex.o
LOAD ./Drivers/STM32F1xx_HAL_Driver/Src/stm32f1xx_hal_pwr.o
LOAD ./Drivers/STM32F1xx_HAL_Driver/Src/stm32f1xx_hal_rcc.o
LOAD ./Drivers/STM32F1xx_HAL_Driver/Src/stm32f1xx_hal_rcc_ex.o
LOAD ./Drivers/STM32F1xx_HAL_Driver/Src/stm32f1xx_hal_tim.o
LOAD ./Drivers/STM32F1xx_HAL_Driver/Src/stm32f1xx_hal_tim_ex.o
START GROUP
LOAD C:/ST/STM32CubeIDE_1.7.0/STM32CubeIDE/plugins/com.st.stm32cube.ide.mcu.externaltools.gnu-tools-for-stm32.12.3.rel1.win32_1.0.200.202406191623/tools/bin/../lib/gcc/arm-none-eabi/12.3.1/../../../../arm-none-eabi/lib/thumb/v7-m/nofp\libc_nano.a
LOAD C:/ST/STM32CubeIDE_1.7.0/STM32CubeIDE/plugins/com.st.stm32cube.ide.mcu.externaltools.gnu-tools-for-stm32.12.3.rel1.win32_1.0.200.202406191623/tools/bin/../lib/gcc/arm-none-eabi/12.3.1/../../../../arm-none-eabi/lib/thumb/v7-m/nofp\libm.a
END GROUP
START GROUP
LOAD C:/ST/STM32CubeIDE_1.7.0/STM32CubeIDE/plugins/com.st.stm32cube.ide.mcu.externaltools.gnu-tools-for-stm32.12.3.rel1.win32_1.0.200.202406191623/tools/bin/../lib/gcc/arm-none-eabi/12.3.1/thumb/v7-m/nofp\libgcc.a
LOAD C:/ST/STM32CubeIDE_1.7.0/STM32CubeIDE/plugins/com.st.stm32cube.ide.mcu.externaltools.gnu-tools-for-stm32.12.3.rel1.win32_1.0.200.202406191623/tools/bin/../lib/gcc/arm-none-eabi/12.3.1/../../../../arm-none-eabi/lib/thumb/v7-m/nofp\libc_nano.a
END GROUP
START GROUP
LOAD C:/ST/STM32CubeIDE_1.7.0/STM32CubeIDE/plugins/com.st.stm32cube.ide.mcu.externaltools.gnu-tools-for-stm32.12.3.rel1.win32_1.0.200.202406191623/tools/bin/../lib/gcc/arm-none-eabi/12.3.1/thumb/v7-m/nofp\libgcc.a
LOAD C:/ST/STM32CubeIDE_1.7.0/STM32CubeIDE/plugins/com.st.stm32cube.ide.mcu.externaltools.gnu-tools-for-stm32.12.3.rel1.win32_1.0.200.202406191623/tools/bin/../lib/gcc/arm-none-eabi/12.3.1/../../../../arm-none-eabi/lib/thumb/v7-m/nofp\libc_nano.a
LOAD C:/ST/STM32CubeIDE_1.7.0/STM32CubeIDE/plugins/com.st.stm32cube.ide.mcu.externaltools.gnu-tools-for-stm32.12.3.rel1.win32_1.0.200.202406191623/tools/bin/../lib/gcc/arm-none-eabi/12.3.1/../../../../arm-none-eabi/lib/thumb/v7-m/nofp\libnosys.a
END GROUP
START GROUP
LOAD C:/ST/STM32CubeIDE_1.7.0/STM32CubeIDE/plugins/com.st.stm32cube.ide.mcu.externaltools.gnu-tools-for-stm32.12.3.rel1.win32_1.0.200.202406191623/tools/bin/../lib/gcc/arm-none-eabi/12.3.1/thumb/v7-m/nofp\libgcc.a
LOAD C:/ST/STM32CubeIDE_1.7.0/STM32CubeIDE/plugins/com.st.stm32cube.ide.mcu.externaltools.gnu-tools-for-stm32.12.3.rel1.win32_1.0.200.202406191623/tools/bin/../lib/gcc/arm-none-eabi/12.3.1/../../../../arm-none-eabi/lib/thumb/v7-m/nofp\libc_nano.a
LOAD C:/ST/STM32CubeIDE_1.7.0/STM32CubeIDE/plugins/com.st.stm32cube.ide.mcu.externaltools.gnu-tools-for-stm32.12.3.rel1.win32_1.0.200.202406191623/tools/bin/../lib/gcc/arm-none-eabi/12.3.1/../../../../arm-none-eabi/lib/thumb/v7-m/nofp\libnosys.a
END GROUP
LOAD C:/ST/STM32CubeIDE_1.7.0/STM32CubeIDE/plugins/com.st.stm32cube.ide.mcu.externaltools.gnu-tools-for-stm32.12.3.rel1.win32_1.0.200.202406191623/tools/bin/../lib/gcc/arm-none-eabi/12.3.1/thumb/v7-m/nofp/crtend.o
LOAD C:/ST/STM32CubeIDE_1.7.0/STM32CubeIDE/plugins/com.st.stm32cube.ide.mcu.externaltools.gnu-tools-for-stm32.12.3.rel1.win32_1.0.200.202406191623/tools/bin/../lib/gcc/arm-none-eabi/12.3.1/thumb/v7-m/nofp/crtn.o
                0x20002800                        _estack = (ORIGIN (RAM) + LENGTH (RAM))
                0x00000200                        _Min_Heap_Size = 0x200
                0x00000400                        _Min_Stack_Size = 0x400

.isr_vector     0x08000000      0x10c
                0x08000000                        . = ALIGN (0x4)
 *(.isr_vector)
 .isr_vector    0x08000000      0x10c ./Core/Startup/startup_stm32f103c6ux.o
                0x08000000                g_pfnVectors
                0x0800010c                        . = ALIGN (0x4)

.text           0x0800010c     0x203c
                0x0800010c                        . = ALIGN (0x4)
 *(.text)
 .text          0x0800010c       0x40 C:/ST/STM32CubeIDE_1.7.0/STM32CubeIDE/plugins/com.st.stm32cube.ide.mcu.externaltools.gnu-tools-for-stm32.12.3.rel1.win32_1.0.200.202406191623/tools/bin/../lib/gcc/arm-none-eabi/12.3.1/thumb/v7-m/nofp/crtbegin.o
 *(.text*)
 .text.isButtonPressed
                0x0800014c       0x34 ./Core/Src/button.o
                0x0800014c                isButtonPressed
 .text.subKeyProcess
                0x08000180       0x2c ./Core/Src/button.o
                0x08000180                subKeyProcess
 .text.getKeyInput
                0x080001ac      0x120 ./Core/Src/button.o
                0x080001ac                getKeyInput
 .text.fsm_automatic_run
                0x080002cc      0x164 ./Core/Src/fsm_automatic.o
                0x080002cc                fsm_automatic_run
 .text.fsm_manual_run
                0x08000430       0xfc ./Core/Src/fsm_manual.o
                0x08000430                fsm_manual_run
 .text.fsm_setting
                0x0800052c        0xc ./Core/Src/fsm_setting.o
                0x0800052c                fsm_setting
 .text.main     0x08000538       0x38 ./Core/Src/main.o
                0x08000538                main
 .text.SystemClock_Config
                0x08000570       0x76 ./Core/Src/main.o
                0x08000570                SystemClock_Config
 *fill*         0x080005e6        0x2 
 .text.MX_TIM2_Init
                0x080005e8       0x98 ./Core/Src/main.o
 .text.MX_GPIO_Init
                0x08000680       0xc0 ./Core/Src/main.o
 .text.HAL_TIM_PeriodElapsedCallback
                0x08000740       0x18 ./Core/Src/main.o
                0x08000740                HAL_TIM_PeriodElapsedCallback
 .text.Error_Handler
                0x08000758        0xc ./Core/Src/main.o
                0x08000758                Error_Handler
 .text.HAL_MspInit
                0x08000764       0x64 ./Core/Src/stm32f1xx_hal_msp.o
                0x08000764                HAL_MspInit
 .text.HAL_TIM_Base_MspInit
                0x080007c8       0x48 ./Core/Src/stm32f1xx_hal_msp.o
                0x080007c8                HAL_TIM_Base_MspInit
 .text.NMI_Handler
                0x08000810        0x8 ./Core/Src/stm32f1xx_it.o
                0x08000810                NMI_Handler
 .text.HardFault_Handler
                0x08000818        0x8 ./Core/Src/stm32f1xx_it.o
                0x08000818                HardFault_Handler
 .text.MemManage_Handler
                0x08000820        0x8 ./Core/Src/stm32f1xx_it.o
                0x08000820                MemManage_Handler
 .text.BusFault_Handler
                0x08000828        0x8 ./Core/Src/stm32f1xx_it.o
                0x08000828                BusFault_Handler
 .text.UsageFault_Handler
                0x08000830        0x8 ./Core/Src/stm32f1xx_it.o
                0x08000830                UsageFault_Handler
 .text.SVC_Handler
                0x08000838        0xc ./Core/Src/stm32f1xx_it.o
                0x08000838                SVC_Handler
 .text.DebugMon_Handler
                0x08000844        0xc ./Core/Src/stm32f1xx_it.o
                0x08000844                DebugMon_Handler
 .text.PendSV_Handler
                0x08000850        0xc ./Core/Src/stm32f1xx_it.o
                0x08000850                PendSV_Handler
 .text.SysTick_Handler
                0x0800085c        0xc ./Core/Src/stm32f1xx_it.o
                0x0800085c                SysTick_Handler
 .text.TIM2_IRQHandler
                0x08000868       0x14 ./Core/Src/stm32f1xx_it.o
                0x08000868                TIM2_IRQHandler
 .text.SystemInit
                0x0800087c        0xc ./Core/Src/system_stm32f1xx.o
                0x0800087c                SystemInit
 .text.setTimer
                0x08000888       0x30 ./Core/Src/timer.o
                0x08000888                setTimer
 .text.isTimerExpired
                0x080008b8       0x34 ./Core/Src/timer.o
                0x080008b8                isTimerExpired
 .text.timerRun
                0x080008ec       0x60 ./Core/Src/timer.o
                0x080008ec                timerRun
 .text.turnOff_LED
                0x0800094c       0x50 ./Core/Src/traffic_light.o
                0x0800094c                turnOff_LED
 .text.turnOn_RED1
                0x0800099c       0x2c ./Core/Src/traffic_light.o
                0x0800099c                turnOn_RED1
 .text.turnOn_GREEN1
                0x080009c8       0x2c ./Core/Src/traffic_light.o
                0x080009c8                turnOn_GREEN1
 .text.turnOn_YELLOW1
                0x080009f4       0x2c ./Core/Src/traffic_light.o
                0x080009f4                turnOn_YELLOW1
 .text.turnOn_RED2
                0x08000a20       0x30 ./Core/Src/traffic_light.o
                0x08000a20                turnOn_RED2
 .text.turnOn_GREEN2
                0x08000a50       0x30 ./Core/Src/traffic_light.o
                0x08000a50                turnOn_GREEN2
 .text.turnOn_YELLOW2
                0x08000a80       0x30 ./Core/Src/traffic_light.o
                0x08000a80                turnOn_YELLOW2
 .text.Reset_Handler
                0x08000ab0       0x48 ./Core/Startup/startup_stm32f103c6ux.o
                0x08000ab0                Reset_Handler
 .text.Default_Handler
                0x08000af8        0x2 ./Core/Startup/startup_stm32f103c6ux.o
                0x08000af8                RTC_Alarm_IRQHandler
                0x08000af8                EXTI2_IRQHandler
                0x08000af8                TIM1_CC_IRQHandler
                0x08000af8                PVD_IRQHandler
                0x08000af8                EXTI3_IRQHandler
                0x08000af8                EXTI0_IRQHandler
                0x08000af8                ADC1_2_IRQHandler
                0x08000af8                SPI1_IRQHandler
                0x08000af8                TAMPER_IRQHandler
                0x08000af8                DMA1_Channel4_IRQHandler
                0x08000af8                RTC_IRQHandler
                0x08000af8                DMA1_Channel7_IRQHandler
                0x08000af8                CAN1_RX1_IRQHandler
                0x08000af8                I2C1_EV_IRQHandler
                0x08000af8                DMA1_Channel6_IRQHandler
                0x08000af8                TIM3_IRQHandler
                0x08000af8                RCC_IRQHandler
                0x08000af8                TIM1_TRG_COM_IRQHandler
                0x08000af8                DMA1_Channel1_IRQHandler
                0x08000af8                Default_Handler
                0x08000af8                EXTI15_10_IRQHandler
                0x08000af8                EXTI9_5_IRQHandler
                0x08000af8                DMA1_Channel5_IRQHandler
                0x08000af8                EXTI4_IRQHandler
                0x08000af8                USB_LP_CAN1_RX0_IRQHandler
                0x08000af8                USB_HP_CAN1_TX_IRQHandler
                0x08000af8                DMA1_Channel3_IRQHandler
                0x08000af8                TIM1_UP_IRQHandler
                0x08000af8                WWDG_IRQHandler
                0x08000af8                TIM1_BRK_IRQHandler
                0x08000af8                EXTI1_IRQHandler
                0x08000af8                USART2_IRQHandler
                0x08000af8                DMA1_Channel2_IRQHandler
                0x08000af8                CAN1_SCE_IRQHandler
                0x08000af8                FLASH_IRQHandler
                0x08000af8                USART1_IRQHandler
                0x08000af8                I2C1_ER_IRQHandler
                0x08000af8                USBWakeUp_IRQHandler
 *fill*         0x08000afa        0x2 
 .text.HAL_Init
                0x08000afc       0x2c ./Drivers/STM32F1xx_HAL_Driver/Src/stm32f1xx_hal.o
                0x08000afc                HAL_Init
 .text.HAL_InitTick
                0x08000b28       0x60 ./Drivers/STM32F1xx_HAL_Driver/Src/stm32f1xx_hal.o
                0x08000b28                HAL_InitTick
 .text.HAL_IncTick
                0x08000b88       0x24 ./Drivers/STM32F1xx_HAL_Driver/Src/stm32f1xx_hal.o
                0x08000b88                HAL_IncTick
 .text.HAL_GetTick
                0x08000bac       0x14 ./Drivers/STM32F1xx_HAL_Driver/Src/stm32f1xx_hal.o
                0x08000bac                HAL_GetTick
 .text.__NVIC_SetPriorityGrouping
                0x08000bc0       0x48 ./Drivers/STM32F1xx_HAL_Driver/Src/stm32f1xx_hal_cortex.o
 .text.__NVIC_GetPriorityGrouping
                0x08000c08       0x1c ./Drivers/STM32F1xx_HAL_Driver/Src/stm32f1xx_hal_cortex.o
 .text.__NVIC_EnableIRQ
                0x08000c24       0x38 ./Drivers/STM32F1xx_HAL_Driver/Src/stm32f1xx_hal_cortex.o
 .text.__NVIC_SetPriority
                0x08000c5c       0x54 ./Drivers/STM32F1xx_HAL_Driver/Src/stm32f1xx_hal_cortex.o
 .text.NVIC_EncodePriority
                0x08000cb0       0x64 ./Drivers/STM32F1xx_HAL_Driver/Src/stm32f1xx_hal_cortex.o
 .text.SysTick_Config
                0x08000d14       0x44 ./Drivers/STM32F1xx_HAL_Driver/Src/stm32f1xx_hal_cortex.o
 .text.HAL_NVIC_SetPriorityGrouping
                0x08000d58       0x16 ./Drivers/STM32F1xx_HAL_Driver/Src/stm32f1xx_hal_cortex.o
                0x08000d58                HAL_NVIC_SetPriorityGrouping
 .text.HAL_NVIC_SetPriority
                0x08000d6e       0x38 ./Drivers/STM32F1xx_HAL_Driver/Src/stm32f1xx_hal_cortex.o
                0x08000d6e                HAL_NVIC_SetPriority
 .text.HAL_NVIC_EnableIRQ
                0x08000da6       0x1c ./Drivers/STM32F1xx_HAL_Driver/Src/stm32f1xx_hal_cortex.o
                0x08000da6                HAL_NVIC_EnableIRQ
 .text.HAL_SYSTICK_Config
                0x08000dc2       0x18 ./Drivers/STM32F1xx_HAL_Driver/Src/stm32f1xx_hal_cortex.o
                0x08000dc2                HAL_SYSTICK_Config
 *fill*         0x08000dda        0x2 
 .text.HAL_GPIO_Init
                0x08000ddc      0x2f8 ./Drivers/STM32F1xx_HAL_Driver/Src/stm32f1xx_hal_gpio.o
                0x08000ddc                HAL_GPIO_Init
 .text.HAL_GPIO_ReadPin
                0x080010d4       0x2e ./Drivers/STM32F1xx_HAL_Driver/Src/stm32f1xx_hal_gpio.o
                0x080010d4                HAL_GPIO_ReadPin
 .text.HAL_GPIO_WritePin
                0x08001102       0x30 ./Drivers/STM32F1xx_HAL_Driver/Src/stm32f1xx_hal_gpio.o
                0x08001102                HAL_GPIO_WritePin
 .text.HAL_GPIO_TogglePin
                0x08001132       0x32 ./Drivers/STM32F1xx_HAL_Driver/Src/stm32f1xx_hal_gpio.o
                0x08001132                HAL_GPIO_TogglePin
 .text.HAL_RCC_OscConfig
                0x08001164      0x504 ./Drivers/STM32F1xx_HAL_Driver/Src/stm32f1xx_hal_rcc.o
                0x08001164                HAL_RCC_OscConfig
 .text.HAL_RCC_ClockConfig
                0x08001668      0x1d4 ./Drivers/STM32F1xx_HAL_Driver/Src/stm32f1xx_hal_rcc.o
                0x08001668                HAL_RCC_ClockConfig
 .text.HAL_RCC_GetSysClockFreq
                0x0800183c       0xa8 ./Drivers/STM32F1xx_HAL_Driver/Src/stm32f1xx_hal_rcc.o
                0x0800183c                HAL_RCC_GetSysClockFreq
 .text.RCC_Delay
                0x080018e4       0x3c ./Drivers/STM32F1xx_HAL_Driver/Src/stm32f1xx_hal_rcc.o
 .text.HAL_TIM_Base_Init
                0x08001920       0x9e ./Drivers/STM32F1xx_HAL_Driver/Src/stm32f1xx_hal_tim.o
                0x08001920                HAL_TIM_Base_Init
 *fill*         0x080019be        0x2 
 .text.HAL_TIM_Base_Start_IT
                0x080019c0       0x98 ./Drivers/STM32F1xx_HAL_Driver/Src/stm32f1xx_hal_tim.o
                0x080019c0                HAL_TIM_Base_Start_IT
 .text.HAL_TIM_IRQHandler
                0x08001a58      0x1e0 ./Drivers/STM32F1xx_HAL_Driver/Src/stm32f1xx_hal_tim.o
                0x08001a58                HAL_TIM_IRQHandler
 .text.HAL_TIM_ConfigClockSource
                0x08001c38      0x18e ./Drivers/STM32F1xx_HAL_Driver/Src/stm32f1xx_hal_tim.o
                0x08001c38                HAL_TIM_ConfigClockSource
 .text.HAL_TIM_OC_DelayElapsedCallback
                0x08001dc6       0x12 ./Drivers/STM32F1xx_HAL_Driver/Src/stm32f1xx_hal_tim.o
                0x08001dc6                HAL_TIM_OC_DelayElapsedCallback
 .text.HAL_TIM_IC_CaptureCallback
                0x08001dd8       0x12 ./Drivers/STM32F1xx_HAL_Driver/Src/stm32f1xx_hal_tim.o
                0x08001dd8                HAL_TIM_IC_CaptureCallback
 .text.HAL_TIM_PWM_PulseFinishedCallback
                0x08001dea       0x12 ./Drivers/STM32F1xx_HAL_Driver/Src/stm32f1xx_hal_tim.o
                0x08001dea                HAL_TIM_PWM_PulseFinishedCallback
 .text.HAL_TIM_TriggerCallback
                0x08001dfc       0x12 ./Drivers/STM32F1xx_HAL_Driver/Src/stm32f1xx_hal_tim.o
                0x08001dfc                HAL_TIM_TriggerCallback
 *fill*         0x08001e0e        0x2 
 .text.TIM_Base_SetConfig
                0x08001e10       0xc8 ./Drivers/STM32F1xx_HAL_Driver/Src/stm32f1xx_hal_tim.o
                0x08001e10                TIM_Base_SetConfig
 .text.TIM_TI1_ConfigInputStage
                0x08001ed8       0x5c ./Drivers/STM32F1xx_HAL_Driver/Src/stm32f1xx_hal_tim.o
 .text.TIM_TI2_ConfigInputStage
                0x08001f34       0x5e ./Drivers/STM32F1xx_HAL_Driver/Src/stm32f1xx_hal_tim.o
 .text.TIM_ITRx_SetConfig
                0x08001f92       0x34 ./Drivers/STM32F1xx_HAL_Driver/Src/stm32f1xx_hal_tim.o
 .text.TIM_ETR_SetConfig
                0x08001fc6       0x3e ./Drivers/STM32F1xx_HAL_Driver/Src/stm32f1xx_hal_tim.o
                0x08001fc6                TIM_ETR_SetConfig
 .text.HAL_TIMEx_MasterConfigSynchronization
                0x08002004       0xb0 ./Drivers/STM32F1xx_HAL_Driver/Src/stm32f1xx_hal_tim_ex.o
                0x08002004                HAL_TIMEx_MasterConfigSynchronization
 .text.HAL_TIMEx_CommutCallback
                0x080020b4       0x12 ./Drivers/STM32F1xx_HAL_Driver/Src/stm32f1xx_hal_tim_ex.o
                0x080020b4                HAL_TIMEx_CommutCallback
 .text.HAL_TIMEx_BreakCallback
                0x080020c6       0x12 ./Drivers/STM32F1xx_HAL_Driver/Src/stm32f1xx_hal_tim_ex.o
                0x080020c6                HAL_TIMEx_BreakCallback
 .text.memset   0x080020d8       0x10 C:/ST/STM32CubeIDE_1.7.0/STM32CubeIDE/plugins/com.st.stm32cube.ide.mcu.externaltools.gnu-tools-for-stm32.12.3.rel1.win32_1.0.200.202406191623/tools/bin/../lib/gcc/arm-none-eabi/12.3.1/../../../../arm-none-eabi/lib/thumb/v7-m/nofp\libc_nano.a(libc_a-memset.o)
                0x080020d8                memset
 .text.__libc_init_array
                0x080020e8       0x48 C:/ST/STM32CubeIDE_1.7.0/STM32CubeIDE/plugins/com.st.stm32cube.ide.mcu.externaltools.gnu-tools-for-stm32.12.3.rel1.win32_1.0.200.202406191623/tools/bin/../lib/gcc/arm-none-eabi/12.3.1/../../../../arm-none-eabi/lib/thumb/v7-m/nofp\libc_nano.a(libc_a-init.o)
                0x080020e8                __libc_init_array
 *(.glue_7)
 .glue_7        0x08002130        0x0 linker stubs
 *(.glue_7t)
 .glue_7t       0x08002130        0x0 linker stubs
 *(.eh_frame)
 .eh_frame      0x08002130        0x0 C:/ST/STM32CubeIDE_1.7.0/STM32CubeIDE/plugins/com.st.stm32cube.ide.mcu.externaltools.gnu-tools-for-stm32.12.3.rel1.win32_1.0.200.202406191623/tools/bin/../lib/gcc/arm-none-eabi/12.3.1/thumb/v7-m/nofp/crtbegin.o
 *(.init)
 .init          0x08002130        0x4 C:/ST/STM32CubeIDE_1.7.0/STM32CubeIDE/plugins/com.st.stm32cube.ide.mcu.externaltools.gnu-tools-for-stm32.12.3.rel1.win32_1.0.200.202406191623/tools/bin/../lib/gcc/arm-none-eabi/12.3.1/thumb/v7-m/nofp/crti.o
                0x08002130                _init
 .init          0x08002134        0x8 C:/ST/STM32CubeIDE_1.7.0/STM32CubeIDE/plugins/com.st.stm32cube.ide.mcu.externaltools.gnu-tools-for-stm32.12.3.rel1.win32_1.0.200.202406191623/tools/bin/../lib/gcc/arm-none-eabi/12.3.1/thumb/v7-m/nofp/crtn.o
 *(.fini)
 .fini          0x0800213c        0x4 C:/ST/STM32CubeIDE_1.7.0/STM32CubeIDE/plugins/com.st.stm32cube.ide.mcu.externaltools.gnu-tools-for-stm32.12.3.rel1.win32_1.0.200.202406191623/tools/bin/../lib/gcc/arm-none-eabi/12.3.1/thumb/v7-m/nofp/crti.o
                0x0800213c                _fini
 .fini          0x08002140        0x8 C:/ST/STM32CubeIDE_1.7.0/STM32CubeIDE/plugins/com.st.stm32cube.ide.mcu.externaltools.gnu-tools-for-stm32.12.3.rel1.win32_1.0.200.202406191623/tools/bin/../lib/gcc/arm-none-eabi/12.3.1/thumb/v7-m/nofp/crtn.o
                0x08002148                        . = ALIGN (0x4)
                0x08002148                        _etext = .

.vfp11_veneer   0x08002148        0x0
 .vfp11_veneer  0x08002148        0x0 linker stubs

.v4_bx          0x08002148        0x0
 .v4_bx         0x08002148        0x0 linker stubs

.iplt           0x08002148        0x0
 .iplt          0x08002148        0x0 C:/ST/STM32CubeIDE_1.7.0/STM32CubeIDE/plugins/com.st.stm32cube.ide.mcu.externaltools.gnu-tools-for-stm32.12.3.rel1.win32_1.0.200.202406191623/tools/bin/../lib/gcc/arm-none-eabi/12.3.1/thumb/v7-m/nofp/crtbegin.o

.rodata         0x08002148       0x24
                0x08002148                        . = ALIGN (0x4)
 *(.rodata)
 *(.rodata*)
 .rodata.AHBPrescTable
                0x08002148       0x10 ./Core/Src/system_stm32f1xx.o
                0x08002148                AHBPrescTable
 .rodata.aPLLMULFactorTable.1
                0x08002158       0x10 ./Drivers/STM32F1xx_HAL_Driver/Src/stm32f1xx_hal_rcc.o
 .rodata.aPredivFactorTable.0
                0x08002168        0x2 ./Drivers/STM32F1xx_HAL_Driver/Src/stm32f1xx_hal_rcc.o
                0x0800216c                        . = ALIGN (0x4)
 *fill*         0x0800216a        0x2 

.ARM.extab      0x0800216c        0x0
                0x0800216c                        . = ALIGN (0x4)
 *(.ARM.extab* .gnu.linkonce.armextab.*)
                0x0800216c                        . = ALIGN (0x4)

.ARM            0x0800216c        0x0
                0x0800216c                        . = ALIGN (0x4)
                0x0800216c                        __exidx_start = .
 *(.ARM.exidx*)
                0x0800216c                        __exidx_end = .
                0x0800216c                        . = ALIGN (0x4)

.preinit_array  0x0800216c        0x0
                0x0800216c                        . = ALIGN (0x4)
                0x0800216c                        PROVIDE (__preinit_array_start = .)
 *(.preinit_array*)
                0x0800216c                        PROVIDE (__preinit_array_end = .)
                0x0800216c                        . = ALIGN (0x4)

.init_array     0x0800216c        0x4
                0x0800216c                        . = ALIGN (0x4)
                0x0800216c                        PROVIDE (__init_array_start = .)
 *(SORT_BY_NAME(.init_array.*))
 *(.init_array*)
 .init_array    0x0800216c        0x4 C:/ST/STM32CubeIDE_1.7.0/STM32CubeIDE/plugins/com.st.stm32cube.ide.mcu.externaltools.gnu-tools-for-stm32.12.3.rel1.win32_1.0.200.202406191623/tools/bin/../lib/gcc/arm-none-eabi/12.3.1/thumb/v7-m/nofp/crtbegin.o
                0x08002170                        PROVIDE (__init_array_end = .)
                0x08002170                        . = ALIGN (0x4)

.fini_array     0x08002170        0x4
                0x08002170                        . = ALIGN (0x4)
                [!provide]                        PROVIDE (__fini_array_start = .)
 *(SORT_BY_NAME(.fini_array.*))
 *(.fini_array*)
 .fini_array    0x08002170        0x4 C:/ST/STM32CubeIDE_1.7.0/STM32CubeIDE/plugins/com.st.stm32cube.ide.mcu.externaltools.gnu-tools-for-stm32.12.3.rel1.win32_1.0.200.202406191623/tools/bin/../lib/gcc/arm-none-eabi/12.3.1/thumb/v7-m/nofp/crtbegin.o
                [!provide]                        PROVIDE (__fini_array_end = .)
                0x08002174                        . = ALIGN (0x4)
                0x08002174                        _sidata = LOADADDR (.data)

.rel.dyn        0x08002174        0x0
 .rel.iplt      0x08002174        0x0 C:/ST/STM32CubeIDE_1.7.0/STM32CubeIDE/plugins/com.st.stm32cube.ide.mcu.externaltools.gnu-tools-for-stm32.12.3.rel1.win32_1.0.200.202406191623/tools/bin/../lib/gcc/arm-none-eabi/12.3.1/thumb/v7-m/nofp/crtbegin.o

.data           0x20000000       0x10 load address 0x08002174
                0x20000000                        . = ALIGN (0x4)
                0x20000000                        _sdata = .
 *(.data)
 *(.data*)
 .data.TimerForKeyPress
                0x20000000        0x4 ./Core/Src/button.o
                0x20000000                TimerForKeyPress
 .data.SystemCoreClock
                0x20000004        0x4 ./Core/Src/system_stm32f1xx.o
                0x20000004                SystemCoreClock
 .data.uwTickPrio
                0x20000008        0x4 ./Drivers/STM32F1xx_HAL_Driver/Src/stm32f1xx_hal.o
                0x20000008                uwTickPrio
 .data.uwTickFreq
                0x2000000c        0x1 ./Drivers/STM32F1xx_HAL_Driver/Src/stm32f1xx_hal.o
                0x2000000c                uwTickFreq
 *(.RamFunc)
 *(.RamFunc*)
                0x20000010                        . = ALIGN (0x4)
 *fill*         0x2000000d        0x3 
                0x20000010                        _edata = .

.igot.plt       0x20000010        0x0 load address 0x08002184
 .igot.plt      0x20000010        0x0 C:/ST/STM32CubeIDE_1.7.0/STM32CubeIDE/plugins/com.st.stm32cube.ide.mcu.externaltools.gnu-tools-for-stm32.12.3.rel1.win32_1.0.200.202406191623/tools/bin/../lib/gcc/arm-none-eabi/12.3.1/thumb/v7-m/nofp/crtbegin.o
                0x20000010                        . = ALIGN (0x4)

.bss            0x20000010      0x184 load address 0x08002184
                0x20000010                        _sbss = .
                0x20000010                        __bss_start__ = _sbss
 *(.bss)
 .bss           0x20000010       0x1c C:/ST/STM32CubeIDE_1.7.0/STM32CubeIDE/plugins/com.st.stm32cube.ide.mcu.externaltools.gnu-tools-for-stm32.12.3.rel1.win32_1.0.200.202406191623/tools/bin/../lib/gcc/arm-none-eabi/12.3.1/thumb/v7-m/nofp/crtbegin.o
 *(.bss*)
 .bss.KeyReg0   0x2000002c       0x28 ./Core/Src/button.o
                0x2000002c                KeyReg0
 .bss.KeyReg1   0x20000054       0x28 ./Core/Src/button.o
                0x20000054                KeyReg1
 .bss.KeyReg2   0x2000007c       0x28 ./Core/Src/button.o
                0x2000007c                KeyReg2
 .bss.KeyReg3   0x200000a4       0x28 ./Core/Src/button.o
                0x200000a4                KeyReg3
 .bss.button_flag
                0x200000cc       0x28 ./Core/Src/button.o
                0x200000cc                button_flag
 .bss.status    0x200000f4        0x4 ./Core/Src/global.o
                0x200000f4                status
 .bss.htim2     0x200000f8       0x48 ./Core/Src/main.o
                0x200000f8                htim2
 .bss.timer_counter
                0x20000140       0x28 ./Core/Src/timer.o
                0x20000140                timer_counter
 .bss.timer_flag
                0x20000168       0x28 ./Core/Src/timer.o
                0x20000168                timer_flag
 .bss.uwTick    0x20000190        0x4 ./Drivers/STM32F1xx_HAL_Driver/Src/stm32f1xx_hal.o
                0x20000190                uwTick
 *(COMMON)
                0x20000194                        . = ALIGN (0x4)
                0x20000194                        _ebss = .
                0x20000194                        __bss_end__ = _ebss

._user_heap_stack
                0x20000194      0x604 load address 0x08002184
                0x20000198                        . = ALIGN (0x8)
 *fill*         0x20000194        0x4 
                [!provide]                        PROVIDE (end = .)
                0x20000198                        PROVIDE (_end = .)
                0x20000398                        . = (. + _Min_Heap_Size)
 *fill*         0x20000198      0x200 
                0x20000798                        . = (. + _Min_Stack_Size)
 *fill*         0x20000398      0x400 
                0x20000798                        . = ALIGN (0x8)

/DISCARD/
 libc.a(*)
 libm.a(*)
 libgcc.a(*)

.ARM.attributes
                0x00000000       0x29
 *(.ARM.attributes)
 .ARM.attributes
                0x00000000       0x1d C:/ST/STM32CubeIDE_1.7.0/STM32CubeIDE/plugins/com.st.stm32cube.ide.mcu.externaltools.gnu-tools-for-stm32.12.3.rel1.win32_1.0.200.202406191623/tools/bin/../lib/gcc/arm-none-eabi/12.3.1/thumb/v7-m/nofp/crti.o
 .ARM.attributes
                0x0000001d       0x2d C:/ST/STM32CubeIDE_1.7.0/STM32CubeIDE/plugins/com.st.stm32cube.ide.mcu.externaltools.gnu-tools-for-stm32.12.3.rel1.win32_1.0.200.202406191623/tools/bin/../lib/gcc/arm-none-eabi/12.3.1/thumb/v7-m/nofp/crtbegin.o
 .ARM.attributes
                0x0000004a       0x2d ./Core/Src/button.o
 .ARM.attributes
                0x00000077       0x2d ./Core/Src/fsm_automatic.o
 .ARM.attributes
                0x000000a4       0x2d ./Core/Src/fsm_manual.o
 .ARM.attributes
                0x000000d1       0x2d ./Core/Src/fsm_setting.o
 .ARM.attributes
                0x000000fe       0x2d ./Core/Src/global.o
 .ARM.attributes
                0x0000012b       0x2d ./Core/Src/main.o
 .ARM.attributes
                0x00000158       0x2d ./Core/Src/stm32f1xx_hal_msp.o
 .ARM.attributes
                0x00000185       0x2d ./Core/Src/stm32f1xx_it.o
 .ARM.attributes
                0x000001b2       0x2d ./Core/Src/system_stm32f1xx.o
 .ARM.attributes
                0x000001df       0x2d ./Core/Src/timer.o
 .ARM.attributes
                0x0000020c       0x2d ./Core/Src/traffic_light.o
 .ARM.attributes
                0x00000239       0x21 ./Core/Startup/startup_stm32f103c6ux.o
 .ARM.attributes
                0x0000025a       0x2d ./Drivers/STM32F1xx_HAL_Driver/Src/stm32f1xx_hal.o
 .ARM.attributes
                0x00000287       0x2d ./Drivers/STM32F1xx_HAL_Driver/Src/stm32f1xx_hal_cortex.o
 .ARM.attributes
                0x000002b4       0x2d ./Drivers/STM32F1xx_HAL_Driver/Src/stm32f1xx_hal_gpio.o
 .ARM.attributes
                0x000002e1       0x2d ./Drivers/STM32F1xx_HAL_Driver/Src/stm32f1xx_hal_rcc.o
 .ARM.attributes
                0x0000030e       0x2d ./Drivers/STM32F1xx_HAL_Driver/Src/stm32f1xx_hal_tim.o
 .ARM.attributes
                0x0000033b       0x2d ./Drivers/STM32F1xx_HAL_Driver/Src/stm32f1xx_hal_tim_ex.o
 .ARM.attributes
                0x00000368       0x2d C:/ST/STM32CubeIDE_1.7.0/STM32CubeIDE/plugins/com.st.stm32cube.ide.mcu.externaltools.gnu-tools-for-stm32.12.3.rel1.win32_1.0.200.202406191623/tools/bin/../lib/gcc/arm-none-eabi/12.3.1/../../../../arm-none-eabi/lib/thumb/v7-m/nofp\libc_nano.a(libc_a-memset.o)
 .ARM.attributes
                0x00000395       0x2d C:/ST/STM32CubeIDE_1.7.0/STM32CubeIDE/plugins/com.st.stm32cube.ide.mcu.externaltools.gnu-tools-for-stm32.12.3.rel1.win32_1.0.200.202406191623/tools/bin/../lib/gcc/arm-none-eabi/12.3.1/../../../../arm-none-eabi/lib/thumb/v7-m/nofp\libc_nano.a(libc_a-init.o)
 .ARM.attributes
                0x000003c2       0x1d C:/ST/STM32CubeIDE_1.7.0/STM32CubeIDE/plugins/com.st.stm32cube.ide.mcu.externaltools.gnu-tools-for-stm32.12.3.rel1.win32_1.0.200.202406191623/tools/bin/../lib/gcc/arm-none-eabi/12.3.1/thumb/v7-m/nofp/crtn.o
OUTPUT(LAB3_Exercise.elf elf32-littlearm)
LOAD linker stubs
LOAD C:/ST/STM32CubeIDE_1.7.0/STM32CubeIDE/plugins/com.st.stm32cube.ide.mcu.externaltools.gnu-tools-for-stm32.12.3.rel1.win32_1.0.200.202406191623/tools/bin/../lib/gcc/arm-none-eabi/12.3.1/../../../../arm-none-eabi/lib/thumb/v7-m/nofp\libc.a
LOAD C:/ST/STM32CubeIDE_1.7.0/STM32CubeIDE/plugins/com.st.stm32cube.ide.mcu.externaltools.gnu-tools-for-stm32.12.3.rel1.win32_1.0.200.202406191623/tools/bin/../lib/gcc/arm-none-eabi/12.3.1/../../../../arm-none-eabi/lib/thumb/v7-m/nofp\libm.a
LOAD C:/ST/STM32CubeIDE_1.7.0/STM32CubeIDE/plugins/com.st.stm32cube.ide.mcu.externaltools.gnu-tools-for-stm32.12.3.rel1.win32_1.0.200.202406191623/tools/bin/../lib/gcc/arm-none-eabi/12.3.1/thumb/v7-m/nofp\libgcc.a

.debug_info     0x00000000     0x8479
 .debug_info    0x00000000      0x29f ./Core/Src/button.o
 .debug_info    0x0000029f      0x1fc ./Core/Src/fsm_automatic.o
 .debug_info    0x0000049b      0x11f ./Core/Src/fsm_manual.o
 .debug_info    0x000005ba       0xa4 ./Core/Src/fsm_setting.o
 .debug_info    0x0000065e       0x8a ./Core/Src/global.o
 .debug_info    0x000006e8      0xb9f ./Core/Src/main.o
 .debug_info    0x00001287      0x91a ./Core/Src/stm32f1xx_hal_msp.o
 .debug_info    0x00001ba1      0x6a1 ./Core/Src/stm32f1xx_it.o
 .debug_info    0x00002242      0x222 ./Core/Src/system_stm32f1xx.o
 .debug_info    0x00002464      0x150 ./Core/Src/timer.o
 .debug_info    0x000025b4      0x1d2 ./Core/Src/traffic_light.o
 .debug_info    0x00002786       0x30 ./Core/Startup/startup_stm32f103c6ux.o
 .debug_info    0x000027b6      0x6e6 ./Drivers/STM32F1xx_HAL_Driver/Src/stm32f1xx_hal.o
 .debug_info    0x00002e9c      0xa69 ./Drivers/STM32F1xx_HAL_Driver/Src/stm32f1xx_hal_cortex.o
 .debug_info    0x00003905      0x5ab ./Drivers/STM32F1xx_HAL_Driver/Src/stm32f1xx_hal_gpio.o
 .debug_info    0x00003eb0      0x7d5 ./Drivers/STM32F1xx_HAL_Driver/Src/stm32f1xx_hal_rcc.o
 .debug_info    0x00004685     0x2959 ./Drivers/STM32F1xx_HAL_Driver/Src/stm32f1xx_hal_tim.o
 .debug_info    0x00006fde     0x149b ./Drivers/STM32F1xx_HAL_Driver/Src/stm32f1xx_hal_tim_ex.o

.debug_abbrev   0x00000000     0x1b90
 .debug_abbrev  0x00000000      0x1ab ./Core/Src/button.o
 .debug_abbrev  0x000001ab      0x117 ./Core/Src/fsm_automatic.o
 .debug_abbrev  0x000002c2       0xa4 ./Core/Src/fsm_manual.o
 .debug_abbrev  0x00000366       0x65 ./Core/Src/fsm_setting.o
 .debug_abbrev  0x000003cb       0x4a ./Core/Src/global.o
 .debug_abbrev  0x00000415      0x298 ./Core/Src/main.o
 .debug_abbrev  0x000006ad      0x1ad ./Core/Src/stm32f1xx_hal_msp.o
 .debug_abbrev  0x0000085a      0x191 ./Core/Src/stm32f1xx_it.o
 .debug_abbrev  0x000009eb      0x13f ./Core/Src/system_stm32f1xx.o
 .debug_abbrev  0x00000b2a       0xf3 ./Core/Src/timer.o
 .debug_abbrev  0x00000c1d       0xe0 ./Core/Src/traffic_light.o
 .debug_abbrev  0x00000cfd       0x24 ./Core/Startup/startup_stm32f103c6ux.o
 .debug_abbrev  0x00000d21      0x201 ./Drivers/STM32F1xx_HAL_Driver/Src/stm32f1xx_hal.o
 .debug_abbrev  0x00000f22      0x2f8 ./Drivers/STM32F1xx_HAL_Driver/Src/stm32f1xx_hal_cortex.o
 .debug_abbrev  0x0000121a      0x1ca ./Drivers/STM32F1xx_HAL_Driver/Src/stm32f1xx_hal_gpio.o
 .debug_abbrev  0x000013e4      0x2b3 ./Drivers/STM32F1xx_HAL_Driver/Src/stm32f1xx_hal_rcc.o
 .debug_abbrev  0x00001697      0x277 ./Drivers/STM32F1xx_HAL_Driver/Src/stm32f1xx_hal_tim.o
 .debug_abbrev  0x0000190e      0x282 ./Drivers/STM32F1xx_HAL_Driver/Src/stm32f1xx_hal_tim_ex.o

.debug_aranges  0x00000000      0xa58
 .debug_aranges
                0x00000000       0x30 ./Core/Src/button.o
 .debug_aranges
                0x00000030       0x20 ./Core/Src/fsm_automatic.o
 .debug_aranges
                0x00000050       0x20 ./Core/Src/fsm_manual.o
 .debug_aranges
                0x00000070       0x20 ./Core/Src/fsm_setting.o
 .debug_aranges
                0x00000090       0x18 ./Core/Src/global.o
 .debug_aranges
                0x000000a8       0x48 ./Core/Src/main.o
 .debug_aranges
                0x000000f0       0x30 ./Core/Src/stm32f1xx_hal_msp.o
 .debug_aranges
                0x00000120       0x68 ./Core/Src/stm32f1xx_it.o
 .debug_aranges
                0x00000188       0x28 ./Core/Src/system_stm32f1xx.o
 .debug_aranges
                0x000001b0       0x30 ./Core/Src/timer.o
 .debug_aranges
                0x000001e0       0x50 ./Core/Src/traffic_light.o
 .debug_aranges
                0x00000230       0x28 ./Core/Startup/startup_stm32f103c6ux.o
 .debug_aranges
                0x00000258       0xe0 ./Drivers/STM32F1xx_HAL_Driver/Src/stm32f1xx_hal.o
 .debug_aranges
                0x00000338      0x100 ./Drivers/STM32F1xx_HAL_Driver/Src/stm32f1xx_hal_cortex.o
 .debug_aranges
                0x00000438       0x58 ./Drivers/STM32F1xx_HAL_Driver/Src/stm32f1xx_hal_gpio.o
 .debug_aranges
                0x00000490       0x90 ./Drivers/STM32F1xx_HAL_Driver/Src/stm32f1xx_hal_rcc.o
 .debug_aranges
                0x00000520      0x3d0 ./Drivers/STM32F1xx_HAL_Driver/Src/stm32f1xx_hal_tim.o
 .debug_aranges
                0x000008f0      0x168 ./Drivers/STM32F1xx_HAL_Driver/Src/stm32f1xx_hal_tim_ex.o

.debug_rnglists
                0x00000000      0x7c7
 .debug_rnglists
                0x00000000       0x20 ./Core/Src/button.o
 .debug_rnglists
                0x00000020       0x14 ./Core/Src/fsm_automatic.o
 .debug_rnglists
                0x00000034       0x14 ./Core/Src/fsm_manual.o
 .debug_rnglists
                0x00000048       0x13 ./Core/Src/fsm_setting.o
 .debug_rnglists
                0x0000005b       0x33 ./Core/Src/main.o
 .debug_rnglists
                0x0000008e       0x1f ./Core/Src/stm32f1xx_hal_msp.o
 .debug_rnglists
                0x000000ad       0x49 ./Core/Src/stm32f1xx_it.o
 .debug_rnglists
                0x000000f6       0x1a ./Core/Src/system_stm32f1xx.o
 .debug_rnglists
                0x00000110       0x1f ./Core/Src/timer.o
 .debug_rnglists
                0x0000012f       0x37 ./Core/Src/traffic_light.o
 .debug_rnglists
                0x00000166       0x19 ./Core/Startup/startup_stm32f103c6ux.o
 .debug_rnglists
                0x0000017f       0xa3 ./Drivers/STM32F1xx_HAL_Driver/Src/stm32f1xx_hal.o
 .debug_rnglists
                0x00000222       0xbb ./Drivers/STM32F1xx_HAL_Driver/Src/stm32f1xx_hal_cortex.o
 .debug_rnglists
                0x000002dd       0x3f ./Drivers/STM32F1xx_HAL_Driver/Src/stm32f1xx_hal_gpio.o
 .debug_rnglists
                0x0000031c       0x6c ./Drivers/STM32F1xx_HAL_Driver/Src/stm32f1xx_hal_rcc.o
 .debug_rnglists
                0x00000388      0x31a ./Drivers/STM32F1xx_HAL_Driver/Src/stm32f1xx_hal_tim.o
 .debug_rnglists
                0x000006a2      0x125 ./Drivers/STM32F1xx_HAL_Driver/Src/stm32f1xx_hal_tim_ex.o

.debug_macro    0x00000000    0x1716a
 .debug_macro   0x00000000      0x1ff ./Core/Src/button.o
 .debug_macro   0x000001ff      0xaa8 ./Core/Src/button.o
 .debug_macro   0x00000ca7      0x215 ./Core/Src/button.o
 .debug_macro   0x00000ebc       0x2e ./Core/Src/button.o
 .debug_macro   0x00000eea       0x22 ./Core/Src/button.o
 .debug_macro   0x00000f0c       0x22 ./Core/Src/button.o
 .debug_macro   0x00000f2e       0x8e ./Core/Src/button.o
 .debug_macro   0x00000fbc       0x51 ./Core/Src/button.o
 .debug_macro   0x0000100d      0x103 ./Core/Src/button.o
 .debug_macro   0x00001110       0x6a ./Core/Src/button.o
 .debug_macro   0x0000117a      0x1df ./Core/Src/button.o
 .debug_macro   0x00001359       0x1c ./Core/Src/button.o
 .debug_macro   0x00001375       0x22 ./Core/Src/button.o
 .debug_macro   0x00001397       0xbd ./Core/Src/button.o
 .debug_macro   0x00001454      0xd23 ./Core/Src/button.o
 .debug_macro   0x00002177     0xde75 ./Core/Src/button.o
 .debug_macro   0x0000ffec       0x6d ./Core/Src/button.o
 .debug_macro   0x00010059     0x34a2 ./Core/Src/button.o
 .debug_macro   0x000134fb      0x189 ./Core/Src/button.o
 .debug_macro   0x00013684       0x5c ./Core/Src/button.o
 .debug_macro   0x000136e0      0x5bc ./Core/Src/button.o
 .debug_macro   0x00013c9c      0x1b7 ./Core/Src/button.o
 .debug_macro   0x00013e53      0x1cb ./Core/Src/button.o
 .debug_macro   0x0001401e      0x114 ./Core/Src/button.o
 .debug_macro   0x00014132      0x1b2 ./Core/Src/button.o
 .debug_macro   0x000142e4       0x27 ./Core/Src/button.o
 .debug_macro   0x0001430b      0x12f ./Core/Src/button.o
 .debug_macro   0x0001443a      0x1bc ./Core/Src/button.o
 .debug_macro   0x000145f6       0x34 ./Core/Src/button.o
 .debug_macro   0x0001462a       0x3c ./Core/Src/button.o
 .debug_macro   0x00014666       0x57 ./Core/Src/button.o
 .debug_macro   0x000146bd       0x87 ./Core/Src/button.o
 .debug_macro   0x00014744      0x183 ./Core/Src/button.o
 .debug_macro   0x000148c7      0x140 ./Core/Src/button.o
 .debug_macro   0x00014a07      0x8ed ./Core/Src/button.o
 .debug_macro   0x000152f4       0x69 ./Core/Src/button.o
 .debug_macro   0x0001535d      0x10c ./Core/Src/button.o
 .debug_macro   0x00015469       0x40 ./Core/Src/button.o
 .debug_macro   0x000154a9      0x1f9 ./Core/Src/fsm_automatic.o
 .debug_macro   0x000156a2      0x1f9 ./Core/Src/fsm_manual.o
 .debug_macro   0x0001589b      0x1ff ./Core/Src/fsm_setting.o
 .debug_macro   0x00015a9a      0x1f5 ./Core/Src/global.o
 .debug_macro   0x00015c8f      0x213 ./Core/Src/main.o
 .debug_macro   0x00015ea2      0x1a6 ./Core/Src/stm32f1xx_hal_msp.o
 .debug_macro   0x00016048      0x1b0 ./Core/Src/stm32f1xx_it.o
 .debug_macro   0x000161f8      0x197 ./Core/Src/system_stm32f1xx.o
 .debug_macro   0x0001638f      0x1b6 ./Core/Src/timer.o
 .debug_macro   0x00016545      0x1f9 ./Core/Src/traffic_light.o
 .debug_macro   0x0001673e      0x1bb ./Drivers/STM32F1xx_HAL_Driver/Src/stm32f1xx_hal.o
 .debug_macro   0x000168f9      0x197 ./Drivers/STM32F1xx_HAL_Driver/Src/stm32f1xx_hal_cortex.o
 .debug_macro   0x00016a90      0x202 ./Drivers/STM32F1xx_HAL_Driver/Src/stm32f1xx_hal_gpio.o
 .debug_macro   0x00016c92      0x1a9 ./Drivers/STM32F1xx_HAL_Driver/Src/stm32f1xx_hal_rcc.o
 .debug_macro   0x00016e3b      0x198 ./Drivers/STM32F1xx_HAL_Driver/Src/stm32f1xx_hal_tim.o
 .debug_macro   0x00016fd3      0x197 ./Drivers/STM32F1xx_HAL_Driver/Src/stm32f1xx_hal_tim_ex.o

.debug_line     0x00000000     0xce95
 .debug_line    0x00000000      0x812 ./Core/Src/button.o
 .debug_line    0x00000812      0x7d7 ./Core/Src/fsm_automatic.o
 .debug_line    0x00000fe9      0x7b1 ./Core/Src/fsm_manual.o
 .debug_line    0x0000179a      0x758 ./Core/Src/fsm_setting.o
 .debug_line    0x00001ef2      0x730 ./Core/Src/global.o
 .debug_line    0x00002622      0x88e ./Core/Src/main.o
 .debug_line    0x00002eb0      0x725 ./Core/Src/stm32f1xx_hal_msp.o
 .debug_line    0x000035d5      0x7c3 ./Core/Src/stm32f1xx_it.o
 .debug_line    0x00003d98      0x767 ./Core/Src/system_stm32f1xx.o
 .debug_line    0x000044ff      0x74b ./Core/Src/timer.o
 .debug_line    0x00004c4a      0x7e7 ./Core/Src/traffic_light.o
 .debug_line    0x00005431       0x78 ./Core/Startup/startup_stm32f103c6ux.o
 .debug_line    0x000054a9      0x994 ./Drivers/STM32F1xx_HAL_Driver/Src/stm32f1xx_hal.o
 .debug_line    0x00005e3d      0xb80 ./Drivers/STM32F1xx_HAL_Driver/Src/stm32f1xx_hal_cortex.o
 .debug_line    0x000069bd      0xa18 ./Drivers/STM32F1xx_HAL_Driver/Src/stm32f1xx_hal_gpio.o
 .debug_line    0x000073d5      0xd9d ./Drivers/STM32F1xx_HAL_Driver/Src/stm32f1xx_hal_rcc.o
 .debug_line    0x00008172     0x3470 ./Drivers/STM32F1xx_HAL_Driver/Src/stm32f1xx_hal_tim.o
 .debug_line    0x0000b5e2     0x18b3 ./Drivers/STM32F1xx_HAL_Driver/Src/stm32f1xx_hal_tim_ex.o

.debug_str      0x00000000    0x82472
 .debug_str     0x00000000    0x7f906 ./Core/Src/button.o
                              0x7fc49 (size before relaxing)
 .debug_str     0x0007f906       0xaf ./Core/Src/fsm_automatic.o
                              0x7fc44 (size before relaxing)
 .debug_str     0x0007f9b5       0x28 ./Core/Src/fsm_manual.o
                              0x7fbd5 (size before relaxing)
 .debug_str     0x0007f9dd       0x3a ./Core/Src/fsm_setting.o
                              0x7fb6e (size before relaxing)
 .debug_str     0x0007fa17       0x15 ./Core/Src/global.o
                              0x7fb48 (size before relaxing)
 .debug_str     0x0007fa2c      0x7b1 ./Core/Src/main.o
                              0x8044a (size before relaxing)
 .debug_str     0x000801dd      0x300 ./Core/Src/stm32f1xx_hal_msp.o
                              0x8028c (size before relaxing)
 .debug_str     0x000804dd       0xec ./Core/Src/stm32f1xx_it.o
                              0x7ffc7 (size before relaxing)
 .debug_str     0x000805c9       0x88 ./Core/Src/system_stm32f1xx.o
                              0x7f734 (size before relaxing)
 .debug_str     0x00080651       0x31 ./Core/Src/timer.o
                              0x7fa8d (size before relaxing)
 .debug_str     0x00080682       0x1c ./Core/Src/traffic_light.o
                              0x7fc21 (size before relaxing)
 .debug_str     0x0008069e       0x44 ./Core/Startup/startup_stm32f103c6ux.o
                                 0x70 (size before relaxing)
 .debug_str     0x000806e2      0x38e ./Drivers/STM32F1xx_HAL_Driver/Src/stm32f1xx_hal.o
                              0x7fe2d (size before relaxing)
 .debug_str     0x00080a70      0x294 ./Drivers/STM32F1xx_HAL_Driver/Src/stm32f1xx_hal_cortex.o
                              0x7fd79 (size before relaxing)
 .debug_str     0x00080d04      0x2d2 ./Drivers/STM32F1xx_HAL_Driver/Src/stm32f1xx_hal_gpio.o
                              0x7faba (size before relaxing)
 .debug_str     0x00080fd6      0x229 ./Drivers/STM32F1xx_HAL_Driver/Src/stm32f1xx_hal_rcc.o
                              0x7fb63 (size before relaxing)
 .debug_str     0x000811ff      0xde0 ./Drivers/STM32F1xx_HAL_Driver/Src/stm32f1xx_hal_tim.o
                              0x80b65 (size before relaxing)
 .debug_str     0x00081fdf      0x493 ./Drivers/STM32F1xx_HAL_Driver/Src/stm32f1xx_hal_tim_ex.o
                              0x80371 (size before relaxing)

.comment        0x00000000       0x43
 .comment       0x00000000       0x43 ./Core/Src/button.o
                                 0x44 (size before relaxing)
 .comment       0x00000043       0x44 ./Core/Src/fsm_automatic.o
 .comment       0x00000043       0x44 ./Core/Src/fsm_manual.o
 .comment       0x00000043       0x44 ./Core/Src/fsm_setting.o
 .comment       0x00000043       0x44 ./Core/Src/global.o
 .comment       0x00000043       0x44 ./Core/Src/main.o
 .comment       0x00000043       0x44 ./Core/Src/stm32f1xx_hal_msp.o
 .comment       0x00000043       0x44 ./Core/Src/stm32f1xx_it.o
 .comment       0x00000043       0x44 ./Core/Src/system_stm32f1xx.o
 .comment       0x00000043       0x44 ./Core/Src/timer.o
 .comment       0x00000043       0x44 ./Core/Src/traffic_light.o
 .comment       0x00000043       0x44 ./Drivers/STM32F1xx_HAL_Driver/Src/stm32f1xx_hal.o
 .comment       0x00000043       0x44 ./Drivers/STM32F1xx_HAL_Driver/Src/stm32f1xx_hal_cortex.o
 .comment       0x00000043       0x44 ./Drivers/STM32F1xx_HAL_Driver/Src/stm32f1xx_hal_gpio.o
 .comment       0x00000043       0x44 ./Drivers/STM32F1xx_HAL_Driver/Src/stm32f1xx_hal_rcc.o
 .comment       0x00000043       0x44 ./Drivers/STM32F1xx_HAL_Driver/Src/stm32f1xx_hal_tim.o
 .comment       0x00000043       0x44 ./Drivers/STM32F1xx_HAL_Driver/Src/stm32f1xx_hal_tim_ex.o

.debug_frame    0x00000000     0x2828
 .debug_frame   0x00000000       0x80 ./Core/Src/button.o
 .debug_frame   0x00000080       0x2c ./Core/Src/fsm_automatic.o
 .debug_frame   0x000000ac       0x2c ./Core/Src/fsm_manual.o
 .debug_frame   0x000000d8       0x30 ./Core/Src/fsm_setting.o
 .debug_frame   0x00000108       0xd4 ./Core/Src/main.o
 .debug_frame   0x000001dc       0x80 ./Core/Src/stm32f1xx_hal_msp.o
 .debug_frame   0x0000025c      0x120 ./Core/Src/stm32f1xx_it.o
 .debug_frame   0x0000037c       0x58 ./Core/Src/system_stm32f1xx.o
 .debug_frame   0x000003d4       0x88 ./Core/Src/timer.o
 .debug_frame   0x0000045c       0xd4 ./Core/Src/traffic_light.o
 .debug_frame   0x00000530      0x334 ./Drivers/STM32F1xx_HAL_Driver/Src/stm32f1xx_hal.o
 .debug_frame   0x00000864      0x428 ./Drivers/STM32F1xx_HAL_Driver/Src/stm32f1xx_hal_cortex.o
 .debug_frame   0x00000c8c      0x14c ./Drivers/STM32F1xx_HAL_Driver/Src/stm32f1xx_hal_gpio.o
 .debug_frame   0x00000dd8      0x218 ./Drivers/STM32F1xx_HAL_Driver/Src/stm32f1xx_hal_rcc.o
 .debug_frame   0x00000ff0     0x11b4 ./Drivers/STM32F1xx_HAL_Driver/Src/stm32f1xx_hal_tim.o
 .debug_frame   0x000021a4      0x638 ./Drivers/STM32F1xx_HAL_Driver/Src/stm32f1xx_hal_tim_ex.o
 .debug_frame   0x000027dc       0x20 C:/ST/STM32CubeIDE_1.7.0/STM32CubeIDE/plugins/com.st.stm32cube.ide.mcu.externaltools.gnu-tools-for-stm32.12.3.rel1.win32_1.0.200.202406191623/tools/bin/../lib/gcc/arm-none-eabi/12.3.1/../../../../arm-none-eabi/lib/thumb/v7-m/nofp\libc_nano.a(libc_a-memset.o)
 .debug_frame   0x000027fc       0x2c C:/ST/STM32CubeIDE_1.7.0/STM32CubeIDE/plugins/com.st.stm32cube.ide.mcu.externaltools.gnu-tools-for-stm32.12.3.rel1.win32_1.0.200.202406191623/tools/bin/../lib/gcc/arm-none-eabi/12.3.1/../../../../arm-none-eabi/lib/thumb/v7-m/nofp\libc_nano.a(libc_a-init.o)

.debug_line_str
                0x00000000       0x54
 .debug_line_str
                0x00000000       0x54 ./Core/Startup/startup_stm32f103c6ux.o
