Archive member included to satisfy reference by file (symbol)

C:/ST/STM32CubeIDE_1.7.0/STM32CubeIDE/plugins/com.st.stm32cube.ide.mcu.externaltools.gnu-tools-for-stm32.12.3.rel1.win32_1.0.200.202406191623/tools/bin/../lib/gcc/arm-none-eabi/12.3.1/../../../../arm-none-eabi/lib/thumb/v7-m/nofp\libc_nano.a(libc_a-exit.o)
                              C:/ST/STM32CubeIDE_1.7.0/STM32CubeIDE/plugins/com.st.stm32cube.ide.mcu.externaltools.gnu-tools-for-stm32.12.3.rel1.win32_1.0.200.202406191623/tools/bin/../lib/gcc/arm-none-eabi/12.3.1/../../../../arm-none-eabi/lib/thumb/v7-m/nofp/crt0.o (exit)
C:/ST/STM32CubeIDE_1.7.0/STM32CubeIDE/plugins/com.st.stm32cube.ide.mcu.externaltools.gnu-tools-for-stm32.12.3.rel1.win32_1.0.200.202406191623/tools/bin/../lib/gcc/arm-none-eabi/12.3.1/../../../../arm-none-eabi/lib/thumb/v7-m/nofp\libc_nano.a(libc_a-findfp.o)
                              C:/ST/STM32CubeIDE_1.7.0/STM32CubeIDE/plugins/com.st.stm32cube.ide.mcu.externaltools.gnu-tools-for-stm32.12.3.rel1.win32_1.0.200.202406191623/tools/bin/../lib/gcc/arm-none-eabi/12.3.1/../../../../arm-none-eabi/lib/thumb/v7-m/nofp\libc_nano.a(libc_a-exit.o) (__stdio_exit_handler)
C:/ST/STM32CubeIDE_1.7.0/STM32CubeIDE/plugins/com.st.stm32cube.ide.mcu.externaltools.gnu-tools-for-stm32.12.3.rel1.win32_1.0.200.202406191623/tools/bin/../lib/gcc/arm-none-eabi/12.3.1/../../../../arm-none-eabi/lib/thumb/v7-m/nofp\libc_nano.a(libc_a-fwalk.o)
                              C:/ST/STM32CubeIDE_1.7.0/STM32CubeIDE/plugins/com.st.stm32cube.ide.mcu.externaltools.gnu-tools-for-stm32.12.3.rel1.win32_1.0.200.202406191623/tools/bin/../lib/gcc/arm-none-eabi/12.3.1/../../../../arm-none-eabi/lib/thumb/v7-m/nofp\libc_nano.a(libc_a-findfp.o) (_fwalk_sglue)
C:/ST/STM32CubeIDE_1.7.0/STM32CubeIDE/plugins/com.st.stm32cube.ide.mcu.externaltools.gnu-tools-for-stm32.12.3.rel1.win32_1.0.200.202406191623/tools/bin/../lib/gcc/arm-none-eabi/12.3.1/../../../../arm-none-eabi/lib/thumb/v7-m/nofp\libc_nano.a(libc_a-stdio.o)
                              C:/ST/STM32CubeIDE_1.7.0/STM32CubeIDE/plugins/com.st.stm32cube.ide.mcu.externaltools.gnu-tools-for-stm32.12.3.rel1.win32_1.0.200.202406191623/tools/bin/../lib/gcc/arm-none-eabi/12.3.1/../../../../arm-none-eabi/lib/thumb/v7-m/nofp\libc_nano.a(libc_a-findfp.o) (__sread)
C:/ST/STM32CubeIDE_1.7.0/STM32CubeIDE/plugins/com.st.stm32cube.ide.mcu.externaltools.gnu-tools-for-stm32.12.3.rel1.win32_1.0.200.202406191623/tools/bin/../lib/gcc/arm-none-eabi/12.3.1/../../../../arm-none-eabi/lib/thumb/v7-m/nofp\libc_nano.a(libc_a-memset.o)
                              C:/ST/STM32CubeIDE_1.7.0/STM32CubeIDE/plugins/com.st.stm32cube.ide.mcu.externaltools.gnu-tools-for-stm32.12.3.rel1.win32_1.0.200.202406191623/tools/bin/../lib/gcc/arm-none-eabi/12.3.1/../../../../arm-none-eabi/lib/thumb/v7-m/nofp/crt0.o (memset)
C:/ST/STM32CubeIDE_1.7.0/STM32CubeIDE/plugins/com.st.stm32cube.ide.mcu.externaltools.gnu-tools-for-stm32.12.3.rel1.win32_1.0.200.202406191623/tools/bin/../lib/gcc/arm-none-eabi/12.3.1/../../../../arm-none-eabi/lib/thumb/v7-m/nofp\libc_nano.a(libc_a-closer.o)
                              C:/ST/STM32CubeIDE_1.7.0/STM32CubeIDE/plugins/com.st.stm32cube.ide.mcu.externaltools.gnu-tools-for-stm32.12.3.rel1.win32_1.0.200.202406191623/tools/bin/../lib/gcc/arm-none-eabi/12.3.1/../../../../arm-none-eabi/lib/thumb/v7-m/nofp\libc_nano.a(libc_a-stdio.o) (_close_r)
C:/ST/STM32CubeIDE_1.7.0/STM32CubeIDE/plugins/com.st.stm32cube.ide.mcu.externaltools.gnu-tools-for-stm32.12.3.rel1.win32_1.0.200.202406191623/tools/bin/../lib/gcc/arm-none-eabi/12.3.1/../../../../arm-none-eabi/lib/thumb/v7-m/nofp\libc_nano.a(libc_a-reent.o)
                              C:/ST/STM32CubeIDE_1.7.0/STM32CubeIDE/plugins/com.st.stm32cube.ide.mcu.externaltools.gnu-tools-for-stm32.12.3.rel1.win32_1.0.200.202406191623/tools/bin/../lib/gcc/arm-none-eabi/12.3.1/../../../../arm-none-eabi/lib/thumb/v7-m/nofp\libc_nano.a(libc_a-closer.o) (errno)
C:/ST/STM32CubeIDE_1.7.0/STM32CubeIDE/plugins/com.st.stm32cube.ide.mcu.externaltools.gnu-tools-for-stm32.12.3.rel1.win32_1.0.200.202406191623/tools/bin/../lib/gcc/arm-none-eabi/12.3.1/../../../../arm-none-eabi/lib/thumb/v7-m/nofp\libc_nano.a(libc_a-impure.o)
                              C:/ST/STM32CubeIDE_1.7.0/STM32CubeIDE/plugins/com.st.stm32cube.ide.mcu.externaltools.gnu-tools-for-stm32.12.3.rel1.win32_1.0.200.202406191623/tools/bin/../lib/gcc/arm-none-eabi/12.3.1/../../../../arm-none-eabi/lib/thumb/v7-m/nofp\libc_nano.a(libc_a-reent.o) (_impure_ptr)
C:/ST/STM32CubeIDE_1.7.0/STM32CubeIDE/plugins/com.st.stm32cube.ide.mcu.externaltools.gnu-tools-for-stm32.12.3.rel1.win32_1.0.200.202406191623/tools/bin/../lib/gcc/arm-none-eabi/12.3.1/../../../../arm-none-eabi/lib/thumb/v7-m/nofp\libc_nano.a(libc_a-lseekr.o)
[...]
Memory Configuration

Name             Origin             Length             Attributes
RAM              0x20000000         0x00002800         xrw
FLASH            0x08000000         0x00008000         xr
*default*        0x00000000         0xffffffff

Linker script and memory map

LOAD C:/ST/STM32CubeIDE_1.7.0/STM32CubeIDE/plugins/com.st.stm32cube.ide.mcu.externaltools.gnu-tools-for-stm32.12.3.rel1.win32_1.0.200.202406191623/tools/bin/../lib/gcc/arm-none-eabi/12.3.1/thumb/v7-m/nofp/crti.o
LOAD C:/ST/STM32CubeIDE_1.7.0/STM32CubeIDE/plugins/com.st.stm32cube.ide.mcu.externaltools.gnu-tools-for-stm32.12.3.rel1.win32_1.0.200.202406191623/tools/bin/../lib/gcc/arm-none-eabi/12.3.1/thumb/v7-m/nofp/crtbegin.o
LOAD C:/ST/STM32CubeIDE_1.7.0/STM32CubeIDE/plugins/com.st.stm32cube.ide.mcu.externaltools.gnu-tools-for-stm32.12.3.rel1.win32_1.0.200.202406191623/tools/bin/../lib/gcc/arm-none-eabi/12.3.1/../../../../arm-none-eabi/lib/thumb/v7-m/nofp/crt0.o
LOAD ./Core/Src/button.o
LOAD ./Core/Src/fsm_automatic.o
LOAD ./Core/Src/fsm_manual.o
LOAD ./Core/Src/fsm_setting.o
LOAD ./Core/Src/global.o
LOAD ./Core/Src/i2c-lcd.o
LOAD ./Core/Src/led7_segment.o
LOAD ./Core/Src/main.o
LOAD ./Core/Src/scheduler.o
LOAD ./Core/Src/stm32f1xx_hal_msp.o
LOAD ./Core/Src/stm32f1xx_it.o
LOAD ./Core/Src/syscalls.o
LOAD ./Core/Src/sysmem.o
LOAD ./Core/Src/system_stm32f1xx.o
LOAD ./Core/Src/timer.o
LOAD ./Core/Src/traffic_light.o
LOAD ./Core/Startup/startup_stm32f103c6ux.o
LOAD ./Drivers/STM32F1xx_HAL_Driver/Src/stm32f1xx_hal.o
LOAD ./Drivers/STM32F1xx_HAL_Driver/Src/stm32f1xx_hal_cortex.o
LOAD ./Drivers/STM32F1xx_HAL_Driver/Src/stm32f1xx_hal_dma.o
LOAD ./Drivers/STM32F1xx_HAL_Driver/Src/stm32f1xx_hal_exti.o
LOAD ./Drivers/STM32F1xx_HAL_Driver/Src/stm32f1xx_hal_flash.o
LOAD ./Drivers/STM32F1xx_HAL_Driver/Src/stm32f1xx_hal_flash_ex.o
LOAD ./Drivers/STM32F1xx_HAL_Driver/Src/stm32f1xx_hal_gpio.o
LOAD ./Drivers/STM32F1xx_HAL_Driver/Src/stm32f1xx_hal_gpio_ex.o
LOAD ./Drivers/STM32F1xx_HAL_Driver/Src/stm32f1xx_hal_i2c.o
LOAD ./Drivers/STM32F1xx_HAL_Driver/Src/stm32f1xx_hal_pwr.o
LOAD ./Drivers/STM32F1xx_HAL_Driver/Src/stm32f1xx_hal_rcc.o
LOAD ./Drivers/STM32F1xx_HAL_Driver/Src/stm32f1xx_hal_rcc_ex.o
LOAD ./Drivers/STM32F1xx_HAL_Driver/Src/stm32f1xx_hal_tim.o
LOAD ./Drivers/STM32F1xx_HAL_Driver/Src/stm32f1xx_hal_tim_ex.o
START GROUP
LOAD C:/ST/STM32CubeIDE_1.7.0/STM32CubeIDE/plugins/com.st.stm32cube.ide.mcu.externaltools.gnu-tools-for-stm32.12.3.rel1.win32_1.0.200.202406191623/tools/bin/../lib/gcc/arm-none-eabi/12.3.1/../../../../arm-none-eabi/lib/thumb/v7-m/nofp\libc_nano.a
LOAD C:/ST/STM32CubeIDE_1.7.0/STM32CubeIDE/plugins/com.st.stm32cube.ide.mcu.externaltools.gnu-tools-for-stm32.12.3.rel1.win32_1.0.200.202406191623/tools/bin/../lib/gcc/arm-none-eabi/12.3.1/../../../../arm-none-eabi/lib/thumb/v7-m/nofp\libm.a
END GROUP
START GROUP
LOAD C:/ST/STM32CubeIDE_1.7.0/STM32CubeIDE/plugins/com.st.stm32cube.ide.mcu.externaltools.gnu-tools-for-stm32.12.3.rel1.win32_1.0.200.202406191623/tools/bin/../lib/gcc/arm-none-eabi/12.3.1/thumb/v7-m/nofp\libgcc.a
LOAD C:/ST/STM32CubeIDE_1.7.0/STM32CubeIDE/plugins/com.st.stm32cube.ide.mcu.externaltools.gnu-tools-for-stm32.12.3.rel1.win32_1.0.200.202406191623/tools/bin/../lib/gcc/arm-none-eabi/12.3.1/../../../../arm-none-eabi/lib/thumb/v7-m/nofp\libc_nano.a
END GROUP
START GROUP
LOAD C:/ST/STM32CubeIDE_1.7.0/STM32CubeIDE/plugins/com.st.stm32cube.ide.mcu.externaltools.gnu-tools-for-stm32.12.3.rel1.win32_1.0.200.202406191623/tools/bin/../lib/gcc/arm-none-eabi/12.3.1/thumb/v7-m/nofp\libgcc.a
LOAD C:/ST/STM32CubeIDE_1.7.0/STM32CubeIDE/plugins/com.st.stm32cube.ide.mcu.externaltools.gnu-tools-for-stm32.12.3.rel1.win32_1.0.200.202406191623/tools/bin/../lib/gcc/arm-none-eabi/12.3.1/../../../../arm-none-eabi/lib/thumb/v7-m/nofp\libc_nano.a
LOAD C:/ST/STM32CubeIDE_1.7.0/STM32CubeIDE/plugins/com.st.stm32cube.ide.mcu.externaltools.gnu-tools-for-stm32.12.3.rel1.win32_1.0.200.202406191623/tools/bin/../lib/gcc/arm-none-eabi/12.3.1/../../../../arm-none-eabi/lib/thumb/v7-m/nofp\libnosys.a
END GROUP
START GROUP
LOAD C:/ST/STM32CubeIDE_1.7.0/STM32CubeIDE/plugins/com.st.stm32cube.ide.mcu.externaltools.gnu-tools-for-stm32.12.3.rel1.win32_1.0.200.202406191623/tools/bin/../lib/gcc/arm-none-eabi/12.3.1/thumb/v7-m/nofp\libgcc.a
LOAD C:/ST/STM32CubeIDE_1.7.0/STM32CubeIDE/plugins/com.st.stm32cube.ide.mcu.externaltools.gnu-tools-for-stm32.12.3.rel1.win32_1.0.200.202406191623/tools/bin/../lib/gcc/arm-none-eabi/12.3.1/../../../../arm-none-eabi/lib/thumb/v7-m/nofp\libc_nano.a
LOAD C:/ST/STM32CubeIDE_1.7.0/STM32CubeIDE/plugins/com.st.stm32cube.ide.mcu.externaltools.gnu-tools-for-stm32.12.3.rel1.win32_1.0.200.202406191623/tools/bin/../lib/gcc/arm-none-eabi/12.3.1/../../../../arm-none-eabi/lib/thumb/v7-m/nofp\libnosys.a
END GROUP
LOAD C:/ST/STM32CubeIDE_1.7.0/STM32CubeIDE/plugins/com.st.stm32cube.ide.mcu.externaltools.gnu-tools-for-stm32.12.3.rel1.win32_1.0.200.202406191623/tools/bin/../lib/gcc/arm-none-eabi/12.3.1/thumb/v7-m/nofp/crtend.o
LOAD C:/ST/STM32CubeIDE_1.7.0/STM32CubeIDE/plugins/com.st.stm32cube.ide.mcu.externaltools.gnu-tools-for-stm32.12.3.rel1.win32_1.0.200.202406191623/tools/bin/../lib/gcc/arm-none-eabi/12.3.1/thumb/v7-m/nofp/crtn.o
                0x20002800                        _estack = (ORIGIN (RAM) + LENGTH (RAM))
                0x00000200                        _Min_Heap_Size = 0x200
                0x00000400                        _Min_Stack_Size = 0x400

.isr_vector     0x08000000      0x10c
                0x08000000                        . = ALIGN (0x4)
 *(.isr_vector)
 .isr_vector    0x08000000      0x10c ./Core/Startup/startup_stm32f103c6ux.o
                0x08000000                g_pfnVectors
                0x0800010c                        . = ALIGN (0x4)

.text           0x0800010c     0x360c
                0x0800010c                        . = ALIGN (0x4)
 *(.text)
 .text          0x0800010c       0x40 C:/ST/STM32CubeIDE_1.7.0/STM32CubeIDE/plugins/com.st.stm32cube.ide.mcu.externaltools.gnu-tools-for-stm32.12.3.rel1.win32_1.0.200.202406191623/tools/bin/../lib/gcc/arm-none-eabi/12.3.1/thumb/v7-m/nofp/crtbegin.o
 *(.text*)
 .text.isButtonPressed
                0x0800014c       0x34 ./Core/Src/button.o
                0x0800014c                isButtonPressed
 .text.subKeyProcess
                0x08000180       0x2c ./Core/Src/button.o
                0x08000180                subKeyProcess
 .text.getKeyInput
                0x080001ac       0xf4 ./Core/Src/button.o
                0x080001ac                getKeyInput
 .text.scanLEDs
                0x080002a0       0x60 ./Core/Src/fsm_automatic.o
                0x080002a0                scanLEDs
 .text.fsm_automatic_run
                0x08000300      0x414 ./Core/Src/fsm_automatic.o
                0x08000300                fsm_automatic_run
 .text.fsm_manual_run
                0x08000714      0x220 ./Core/Src/fsm_manual.o
                0x08000714                fsm_manual_run
 .text.fsm_setting
                0x08000934      0x280 ./Core/Src/fsm_setting.o
                0x08000934                fsm_setting
 .text.updateClockBuffer
                0x08000bb4       0x78 ./Core/Src/led7_segment.o
                0x08000bb4                updateClockBuffer
 .text.update7SEG_1
                0x08000c2c       0x70 ./Core/Src/led7_segment.o
                0x08000c2c                update7SEG_1
 .text.update7SEG_2
                0x08000c9c       0x70 ./Core/Src/led7_segment.o
                0x08000c9c                update7SEG_2
 .text.display7SEG_1
                0x08000d0c      0x390 ./Core/Src/led7_segment.o
                0x08000d0c                display7SEG_1
 .text.display7SEG_2
                0x0800109c      0x3ec ./Core/Src/led7_segment.o
                0x0800109c                display7SEG_2
 .text.main     0x08001488       0x64 ./Core/Src/main.o
                0x08001488                main
 .text.SystemClock_Config
                0x080014ec       0x76 ./Core/Src/main.o
                0x080014ec                SystemClock_Config
 *fill*         0x08001562        0x2 
 .text.MX_I2C1_Init
                0x08001564       0x5c ./Core/Src/main.o
 .text.MX_TIM2_Init
                0x080015c0       0x98 ./Core/Src/main.o
 .text.MX_GPIO_Init
                0x08001658       0xc4 ./Core/Src/main.o
 .text.HAL_TIM_PeriodElapsedCallback
                0x0800171c       0x18 ./Core/Src/main.o
                0x0800171c                HAL_TIM_PeriodElapsedCallback
 .text.Error_Handler
                0x08001734        0xc ./Core/Src/main.o
                0x08001734                Error_Handler
 .text.SCH_Init
                0x08001740       0x34 ./Core/Src/scheduler.o
                0x08001740                SCH_Init
 .text.SCH_Update
                0x08001774       0xe0 ./Core/Src/scheduler.o
                0x08001774                SCH_Update
 .text.SCH_Add_Task
                0x08001854       0xa4 ./Core/Src/scheduler.o
                0x08001854                SCH_Add_Task
 .text.SCH_Dispatch_Tasks
                0x080018f8       0x94 ./Core/Src/scheduler.o
                0x080018f8                SCH_Dispatch_Tasks
 .text.SCH_Delete_Task
                0x0800198c       0x64 ./Core/Src/scheduler.o
                0x0800198c                SCH_Delete_Task
 .text.HAL_MspInit
                0x080019f0       0x64 ./Core/Src/stm32f1xx_hal_msp.o
                0x080019f0                HAL_MspInit
 .text.HAL_I2C_MspInit
                0x08001a54       0x80 ./Core/Src/stm32f1xx_hal_msp.o
                0x08001a54                HAL_I2C_MspInit
 .text.HAL_TIM_Base_MspInit
                0x08001ad4       0x48 ./Core/Src/stm32f1xx_hal_msp.o
                0x08001ad4                HAL_TIM_Base_MspInit
 .text.NMI_Handler
                0x08001b1c        0x8 ./Core/Src/stm32f1xx_it.o
                0x08001b1c                NMI_Handler
 .text.HardFault_Handler
                0x08001b24        0x8 ./Core/Src/stm32f1xx_it.o
                0x08001b24                HardFault_Handler
 .text.MemManage_Handler
                0x08001b2c        0x8 ./Core/Src/stm32f1xx_it.o
                0x08001b2c                MemManage_Handler
 .text.BusFault_Handler
                0x08001b34        0x8 ./Core/Src/stm32f1xx_it.o
                0x08001b34                BusFault_Handler
 .text.UsageFault_Handler
                0x08001b3c        0x8 ./Core/Src/stm32f1xx_it.o
                0x08001b3c                UsageFault_Handler
 .text.SVC_Handler
                0x08001b44        0xc ./Core/Src/stm32f1xx_it.o
                0x08001b44                SVC_Handler
 .text.DebugMon_Handler
                0x08001b50        0xc ./Core/Src/stm32f1xx_it.o
                0x08001b50                DebugMon_Handler
 .text.PendSV_Handler
                0x08001b5c        0xc ./Core/Src/stm32f1xx_it.o
                0x08001b5c                PendSV_Handler
 .text.SysTick_Handler
                0x08001b68        0xc ./Core/Src/stm32f1xx_it.o
                0x08001b68                SysTick_Handler
 .text.TIM2_IRQHandler
                0x08001b74       0x14 ./Core/Src/stm32f1xx_it.o
                0x08001b74                TIM2_IRQHandler
 .text.SystemInit
                0x08001b88        0xc ./Core/Src/system_stm32f1xx.o
                0x08001b88                SystemInit
 .text.setTimer
                0x08001b94       0x30 ./Core/Src/timer.o
                0x08001b94                setTimer
 .text.isTimerExpired
                0x08001bc4       0x34 ./Core/Src/timer.o
                0x08001bc4                isTimerExpired
 .text.timerRun
                0x08001bf8       0x60 ./Core/Src/timer.o
                0x08001bf8                timerRun
 .text.turnOn_RED1
                0x08001c58       0x2c ./Core/Src/traffic_light.o
                0x08001c58                turnOn_RED1
 .text.turnOn_GREEN1
                0x08001c84       0x2c ./Core/Src/traffic_light.o
                0x08001c84                turnOn_GREEN1
 .text.turnOn_YELLOW1
                0x08001cb0       0x2c ./Core/Src/traffic_light.o
                0x08001cb0                turnOn_YELLOW1
 .text.turnOn_RED2
                0x08001cdc       0x30 ./Core/Src/traffic_light.o
                0x08001cdc                turnOn_RED2
 .text.turnOn_GREEN2
                0x08001d0c       0x30 ./Core/Src/traffic_light.o
                0x08001d0c                turnOn_GREEN2
 .text.turnOn_YELLOW2
                0x08001d3c       0x30 ./Core/Src/traffic_light.o
                0x08001d3c                turnOn_YELLOW2
 .text.turnOff  0x08001d6c       0x50 ./Core/Src/traffic_light.o
                0x08001d6c                turnOff
 .text.Reset_Handler
                0x08001dbc       0x48 ./Core/Startup/startup_stm32f103c6ux.o
                0x08001dbc                Reset_Handler
 .text.Default_Handler
                0x08001e04        0x2 ./Core/Startup/startup_stm32f103c6ux.o
                0x08001e04                RTC_Alarm_IRQHandler
                0x08001e04                EXTI2_IRQHandler
                0x08001e04                TIM1_CC_IRQHandler
                0x08001e04                PVD_IRQHandler
                0x08001e04                EXTI3_IRQHandler
                0x08001e04                EXTI0_IRQHandler
                0x08001e04                ADC1_2_IRQHandler
                0x08001e04                SPI1_IRQHandler
                0x08001e04                TAMPER_IRQHandler
                0x08001e04                DMA1_Channel4_IRQHandler
                0x08001e04                RTC_IRQHandler
                0x08001e04                DMA1_Channel7_IRQHandler
                0x08001e04                CAN1_RX1_IRQHandler
                0x08001e04                I2C1_EV_IRQHandler
                0x08001e04                DMA1_Channel6_IRQHandler
                0x08001e04                TIM3_IRQHandler
                0x08001e04                RCC_IRQHandler
                0x08001e04                TIM1_TRG_COM_IRQHandler
                0x08001e04                DMA1_Channel1_IRQHandler
                0x08001e04                Default_Handler
                0x08001e04                EXTI15_10_IRQHandler
                0x08001e04                EXTI9_5_IRQHandler
                0x08001e04                DMA1_Channel5_IRQHandler
                0x08001e04                EXTI4_IRQHandler
                0x08001e04                USB_LP_CAN1_RX0_IRQHandler
                0x08001e04                USB_HP_CAN1_TX_IRQHandler
                0x08001e04                DMA1_Channel3_IRQHandler
                0x08001e04                TIM1_UP_IRQHandler
                0x08001e04                WWDG_IRQHandler
                0x08001e04                TIM1_BRK_IRQHandler
                0x08001e04                EXTI1_IRQHandler
                0x08001e04                USART2_IRQHandler
                0x08001e04                DMA1_Channel2_IRQHandler
                0x08001e04                CAN1_SCE_IRQHandler
                0x08001e04                FLASH_IRQHandler
                0x08001e04                USART1_IRQHandler
                0x08001e04                I2C1_ER_IRQHandler
                0x08001e04                USBWakeUp_IRQHandler
 *fill*         0x08001e06        0x2 
 .text.HAL_Init
                0x08001e08       0x2c ./Drivers/STM32F1xx_HAL_Driver/Src/stm32f1xx_hal.o
                0x08001e08                HAL_Init
 .text.HAL_InitTick
                0x08001e34       0x60 ./Drivers/STM32F1xx_HAL_Driver/Src/stm32f1xx_hal.o
                0x08001e34                HAL_InitTick
 .text.HAL_IncTick
                0x08001e94       0x24 ./Drivers/STM32F1xx_HAL_Driver/Src/stm32f1xx_hal.o
                0x08001e94                HAL_IncTick
 .text.HAL_GetTick
                0x08001eb8       0x14 ./Drivers/STM32F1xx_HAL_Driver/Src/stm32f1xx_hal.o
                0x08001eb8                HAL_GetTick
 .text.__NVIC_SetPriorityGrouping
                0x08001ecc       0x48 ./Drivers/STM32F1xx_HAL_Driver/Src/stm32f1xx_hal_cortex.o
 .text.__NVIC_GetPriorityGrouping
                0x08001f14       0x1c ./Drivers/STM32F1xx_HAL_Driver/Src/stm32f1xx_hal_cortex.o
 .text.__NVIC_EnableIRQ
                0x08001f30       0x38 ./Drivers/STM32F1xx_HAL_Driver/Src/stm32f1xx_hal_cortex.o
 .text.__NVIC_SetPriority
                0x08001f68       0x54 ./Drivers/STM32F1xx_HAL_Driver/Src/stm32f1xx_hal_cortex.o
 .text.NVIC_EncodePriority
                0x08001fbc       0x64 ./Drivers/STM32F1xx_HAL_Driver/Src/stm32f1xx_hal_cortex.o
 .text.SysTick_Config
                0x08002020       0x44 ./Drivers/STM32F1xx_HAL_Driver/Src/stm32f1xx_hal_cortex.o
 .text.HAL_NVIC_SetPriorityGrouping
                0x08002064       0x16 ./Drivers/STM32F1xx_HAL_Driver/Src/stm32f1xx_hal_cortex.o
                0x08002064                HAL_NVIC_SetPriorityGrouping
 .text.HAL_NVIC_SetPriority
                0x0800207a       0x38 ./Drivers/STM32F1xx_HAL_Driver/Src/stm32f1xx_hal_cortex.o
                0x0800207a                HAL_NVIC_SetPriority
 .text.HAL_NVIC_EnableIRQ
                0x080020b2       0x1c ./Drivers/STM32F1xx_HAL_Driver/Src/stm32f1xx_hal_cortex.o
                0x080020b2                HAL_NVIC_EnableIRQ
 .text.HAL_SYSTICK_Config
                0x080020ce       0x18 ./Drivers/STM32F1xx_HAL_Driver/Src/stm32f1xx_hal_cortex.o
                0x080020ce                HAL_SYSTICK_Config
 *fill*         0x080020e6        0x2 
 .text.HAL_GPIO_Init
                0x080020e8      0x2f8 ./Drivers/STM32F1xx_HAL_Driver/Src/stm32f1xx_hal_gpio.o
                0x080020e8                HAL_GPIO_Init
 .text.HAL_GPIO_ReadPin
                0x080023e0       0x2e ./Drivers/STM32F1xx_HAL_Driver/Src/stm32f1xx_hal_gpio.o
                0x080023e0                HAL_GPIO_ReadPin
 .text.HAL_GPIO_WritePin
                0x0800240e       0x30 ./Drivers/STM32F1xx_HAL_Driver/Src/stm32f1xx_hal_gpio.o
                0x0800240e                HAL_GPIO_WritePin
 .text.HAL_GPIO_TogglePin
                0x0800243e       0x32 ./Drivers/STM32F1xx_HAL_Driver/Src/stm32f1xx_hal_gpio.o
                0x0800243e                HAL_GPIO_TogglePin
 .text.HAL_I2C_Init
                0x08002470      0x288 ./Drivers/STM32F1xx_HAL_Driver/Src/stm32f1xx_hal_i2c.o
                0x08002470                HAL_I2C_Init
 .text.HAL_RCC_OscConfig
                0x080026f8      0x504 ./Drivers/STM32F1xx_HAL_Driver/Src/stm32f1xx_hal_rcc.o
                0x080026f8                HAL_RCC_OscConfig
 .text.HAL_RCC_ClockConfig
                0x08002bfc      0x1d4 ./Drivers/STM32F1xx_HAL_Driver/Src/stm32f1xx_hal_rcc.o
                0x08002bfc                HAL_RCC_ClockConfig
 .text.HAL_RCC_GetSysClockFreq
                0x08002dd0       0xa8 ./Drivers/STM32F1xx_HAL_Driver/Src/stm32f1xx_hal_rcc.o
                0x08002dd0                HAL_RCC_GetSysClockFreq
 .text.HAL_RCC_GetHCLKFreq
                0x08002e78       0x14 ./Drivers/STM32F1xx_HAL_Driver/Src/stm32f1xx_hal_rcc.o
                0x08002e78                HAL_RCC_GetHCLKFreq
 .text.HAL_RCC_GetPCLK1Freq
                0x08002e8c       0x28 ./Drivers/STM32F1xx_HAL_Driver/Src/stm32f1xx_hal_rcc.o
                0x08002e8c                HAL_RCC_GetPCLK1Freq
 .text.RCC_Delay
                0x08002eb4       0x3c ./Drivers/STM32F1xx_HAL_Driver/Src/stm32f1xx_hal_rcc.o
 .text.HAL_TIM_Base_Init
                0x08002ef0       0x9e ./Drivers/STM32F1xx_HAL_Driver/Src/stm32f1xx_hal_tim.o
                0x08002ef0                HAL_TIM_Base_Init
 *fill*         0x08002f8e        0x2 
 .text.HAL_TIM_Base_Start_IT
                0x08002f90       0x98 ./Drivers/STM32F1xx_HAL_Driver/Src/stm32f1xx_hal_tim.o
                0x08002f90                HAL_TIM_Base_Start_IT
 .text.HAL_TIM_IRQHandler
                0x08003028      0x1e0 ./Drivers/STM32F1xx_HAL_Driver/Src/stm32f1xx_hal_tim.o
                0x08003028                HAL_TIM_IRQHandler
 .text.HAL_TIM_ConfigClockSource
                0x08003208      0x18e ./Drivers/STM32F1xx_HAL_Driver/Src/stm32f1xx_hal_tim.o
                0x08003208                HAL_TIM_ConfigClockSource
 .text.HAL_TIM_OC_DelayElapsedCallback
                0x08003396       0x12 ./Drivers/STM32F1xx_HAL_Driver/Src/stm32f1xx_hal_tim.o
                0x08003396                HAL_TIM_OC_DelayElapsedCallback
 .text.HAL_TIM_IC_CaptureCallback
                0x080033a8       0x12 ./Drivers/STM32F1xx_HAL_Driver/Src/stm32f1xx_hal_tim.o
                0x080033a8                HAL_TIM_IC_CaptureCallback
 .text.HAL_TIM_PWM_PulseFinishedCallback
                0x080033ba       0x12 ./Drivers/STM32F1xx_HAL_Driver/Src/stm32f1xx_hal_tim.o
                0x080033ba                HAL_TIM_PWM_PulseFinishedCallback
 .text.HAL_TIM_TriggerCallback
                0x080033cc       0x12 ./Drivers/STM32F1xx_HAL_Driver/Src/stm32f1xx_hal_tim.o
                0x080033cc                HAL_TIM_TriggerCallback
 *fill*         0x080033de        0x2 
 .text.TIM_Base_SetConfig
                0x080033e0       0xc8 ./Drivers/STM32F1xx_HAL_Driver/Src/stm32f1xx_hal_tim.o
                0x080033e0                TIM_Base_SetConfig
 .text.TIM_TI1_ConfigInputStage
                0x080034a8       0x5c ./Drivers/STM32F1xx_HAL_Driver/Src/stm32f1xx_hal_tim.o
 .text.TIM_TI2_ConfigInputStage
                0x08003504       0x5e ./Drivers/STM32F1xx_HAL_Driver/Src/stm32f1xx_hal_tim.o
 .text.TIM_ITRx_SetConfig
                0x08003562       0x34 ./Drivers/STM32F1xx_HAL_Driver/Src/stm32f1xx_hal_tim.o
 .text.TIM_ETR_SetConfig
                0x08003596       0x3e ./Drivers/STM32F1xx_HAL_Driver/Src/stm32f1xx_hal_tim.o
                0x08003596                TIM_ETR_SetConfig
 .text.HAL_TIMEx_MasterConfigSynchronization
                0x080035d4       0xb0 ./Drivers/STM32F1xx_HAL_Driver/Src/stm32f1xx_hal_tim_ex.o
                0x080035d4                HAL_TIMEx_MasterConfigSynchronization
 .text.HAL_TIMEx_CommutCallback
                0x08003684       0x12 ./Drivers/STM32F1xx_HAL_Driver/Src/stm32f1xx_hal_tim_ex.o
                0x08003684                HAL_TIMEx_CommutCallback
 .text.HAL_TIMEx_BreakCallback
                0x08003696       0x12 ./Drivers/STM32F1xx_HAL_Driver/Src/stm32f1xx_hal_tim_ex.o
                0x08003696                HAL_TIMEx_BreakCallback
 .text.memset   0x080036a8       0x10 C:/ST/STM32CubeIDE_1.7.0/STM32CubeIDE/plugins/com.st.stm32cube.ide.mcu.externaltools.gnu-tools-for-stm32.12.3.rel1.win32_1.0.200.202406191623/tools/bin/../lib/gcc/arm-none-eabi/12.3.1/../../../../arm-none-eabi/lib/thumb/v7-m/nofp\libc_nano.a(libc_a-memset.o)
                0x080036a8                memset
 .text.__libc_init_array
                0x080036b8       0x48 C:/ST/STM32CubeIDE_1.7.0/STM32CubeIDE/plugins/com.st.stm32cube.ide.mcu.externaltools.gnu-tools-for-stm32.12.3.rel1.win32_1.0.200.202406191623/tools/bin/../lib/gcc/arm-none-eabi/12.3.1/../../../../arm-none-eabi/lib/thumb/v7-m/nofp\libc_nano.a(libc_a-init.o)
                0x080036b8                __libc_init_array
 *(.glue_7)
 .glue_7        0x08003700        0x0 linker stubs
 *(.glue_7t)
 .glue_7t       0x08003700        0x0 linker stubs
 *(.eh_frame)
 .eh_frame      0x08003700        0x0 C:/ST/STM32CubeIDE_1.7.0/STM32CubeIDE/plugins/com.st.stm32cube.ide.mcu.externaltools.gnu-tools-for-stm32.12.3.rel1.win32_1.0.200.202406191623/tools/bin/../lib/gcc/arm-none-eabi/12.3.1/thumb/v7-m/nofp/crtbegin.o
 *(.init)
 .init          0x08003700        0x4 C:/ST/STM32CubeIDE_1.7.0/STM32CubeIDE/plugins/com.st.stm32cube.ide.mcu.externaltools.gnu-tools-for-stm32.12.3.rel1.win32_1.0.200.202406191623/tools/bin/../lib/gcc/arm-none-eabi/12.3.1/thumb/v7-m/nofp/crti.o
                0x08003700                _init
 .init          0x08003704        0x8 C:/ST/STM32CubeIDE_1.7.0/STM32CubeIDE/plugins/com.st.stm32cube.ide.mcu.externaltools.gnu-tools-for-stm32.12.3.rel1.win32_1.0.200.202406191623/tools/bin/../lib/gcc/arm-none-eabi/12.3.1/thumb/v7-m/nofp/crtn.o
 *(.fini)
 .fini          0x0800370c        0x4 C:/ST/STM32CubeIDE_1.7.0/STM32CubeIDE/plugins/com.st.stm32cube.ide.mcu.externaltools.gnu-tools-for-stm32.12.3.rel1.win32_1.0.200.202406191623/tools/bin/../lib/gcc/arm-none-eabi/12.3.1/thumb/v7-m/nofp/crti.o
                0x0800370c                _fini
 .fini          0x08003710        0x8 C:/ST/STM32CubeIDE_1.7.0/STM32CubeIDE/plugins/com.st.stm32cube.ide.mcu.externaltools.gnu-tools-for-stm32.12.3.rel1.win32_1.0.200.202406191623/tools/bin/../lib/gcc/arm-none-eabi/12.3.1/thumb/v7-m/nofp/crtn.o
                0x08003718                        . = ALIGN (0x4)
                0x08003718                        _etext = .

.vfp11_veneer   0x08003718        0x0
 .vfp11_veneer  0x08003718        0x0 linker stubs

.v4_bx          0x08003718        0x0
 .v4_bx         0x08003718        0x0 linker stubs

.iplt           0x08003718        0x0
 .iplt          0x08003718        0x0 C:/ST/STM32CubeIDE_1.7.0/STM32CubeIDE/plugins/com.st.stm32cube.ide.mcu.externaltools.gnu-tools-for-stm32.12.3.rel1.win32_1.0.200.202406191623/tools/bin/../lib/gcc/arm-none-eabi/12.3.1/thumb/v7-m/nofp/crtbegin.o

.rodata         0x08003718       0x2c
                0x08003718                        . = ALIGN (0x4)
 *(.rodata)
 *(.rodata*)
 .rodata.AHBPrescTable
                0x08003718       0x10 ./Core/Src/system_stm32f1xx.o
                0x08003718                AHBPrescTable
 .rodata.APBPrescTable
                0x08003728        0x8 ./Core/Src/system_stm32f1xx.o
                0x08003728                APBPrescTable
 .rodata.aPLLMULFactorTable.1
                0x08003730       0x10 ./Drivers/STM32F1xx_HAL_Driver/Src/stm32f1xx_hal_rcc.o
 .rodata.aPredivFactorTable.0
                0x08003740        0x2 ./Drivers/STM32F1xx_HAL_Driver/Src/stm32f1xx_hal_rcc.o
                0x08003744                        . = ALIGN (0x4)
 *fill*         0x08003742        0x2 

.ARM.extab      0x08003744        0x0
                0x08003744                        . = ALIGN (0x4)
 *(.ARM.extab* .gnu.linkonce.armextab.*)
                0x08003744                        . = ALIGN (0x4)

.ARM            0x08003744        0x0
                0x08003744                        . = ALIGN (0x4)
                0x08003744                        __exidx_start = .
 *(.ARM.exidx*)
                0x08003744                        __exidx_end = .
                0x08003744                        . = ALIGN (0x4)

.preinit_array  0x08003744        0x0
                0x08003744                        . = ALIGN (0x4)
                0x08003744                        PROVIDE (__preinit_array_start = .)
 *(.preinit_array*)
                0x08003744                        PROVIDE (__preinit_array_end = .)
                0x08003744                        . = ALIGN (0x4)

.init_array     0x08003744        0x4
                0x08003744                        . = ALIGN (0x4)
                0x08003744                        PROVIDE (__init_array_start = .)
 *(SORT_BY_NAME(.init_array.*))
 *(.init_array*)
 .init_array    0x08003744        0x4 C:/ST/STM32CubeIDE_1.7.0/STM32CubeIDE/plugins/com.st.stm32cube.ide.mcu.externaltools.gnu-tools-for-stm32.12.3.rel1.win32_1.0.200.202406191623/tools/bin/../lib/gcc/arm-none-eabi/12.3.1/thumb/v7-m/nofp/crtbegin.o
                0x08003748                        PROVIDE (__init_array_end = .)
                0x08003748                        . = ALIGN (0x4)

.fini_array     0x08003748        0x4
                0x08003748                        . = ALIGN (0x4)
                [!provide]                        PROVIDE (__fini_array_start = .)
 *(SORT_BY_NAME(.fini_array.*))
 *(.fini_array*)
 .fini_array    0x08003748        0x4 C:/ST/STM32CubeIDE_1.7.0/STM32CubeIDE/plugins/com.st.stm32cube.ide.mcu.externaltools.gnu-tools-for-stm32.12.3.rel1.win32_1.0.200.202406191623/tools/bin/../lib/gcc/arm-none-eabi/12.3.1/thumb/v7-m/nofp/crtbegin.o
                [!provide]                        PROVIDE (__fini_array_end = .)
                0x0800374c                        . = ALIGN (0x4)
                0x0800374c                        _sidata = LOADADDR (.data)

.rel.dyn        0x0800374c        0x0
 .rel.iplt      0x0800374c        0x0 C:/ST/STM32CubeIDE_1.7.0/STM32CubeIDE/plugins/com.st.stm32cube.ide.mcu.externaltools.gnu-tools-for-stm32.12.3.rel1.win32_1.0.200.202406191623/tools/bin/../lib/gcc/arm-none-eabi/12.3.1/thumb/v7-m/nofp/crtbegin.o

.data           0x20000000       0x18 load address 0x0800374c
                0x20000000                        . = ALIGN (0x4)
                0x20000000                        _sdata = .
 *(.data)
 *(.data*)
 .data.TIME_RED
                0x20000000        0x4 ./Core/Src/global.o
                0x20000000                TIME_RED
 .data.TIME_YELLOW
                0x20000004        0x4 ./Core/Src/global.o
                0x20000004                TIME_YELLOW
 .data.TIME_GREEN
                0x20000008        0x4 ./Core/Src/global.o
                0x20000008                TIME_GREEN
 .data.SystemCoreClock
                0x2000000c        0x4 ./Core/Src/system_stm32f1xx.o
                0x2000000c                SystemCoreClock
 .data.uwTickPrio
                0x20000010        0x4 ./Drivers/STM32F1xx_HAL_Driver/Src/stm32f1xx_hal.o
                0x20000010                uwTickPrio
 .data.uwTickFreq
                0x20000014        0x1 ./Drivers/STM32F1xx_HAL_Driver/Src/stm32f1xx_hal.o
                0x20000014                uwTickFreq
 *(.RamFunc)
 *(.RamFunc*)
                0x20000018                        . = ALIGN (0x4)
 *fill*         0x20000015        0x3 
                0x20000018                        _edata = .

.igot.plt       0x20000018        0x0 load address 0x08003764
 .igot.plt      0x20000018        0x0 C:/ST/STM32CubeIDE_1.7.0/STM32CubeIDE/plugins/com.st.stm32cube.ide.mcu.externaltools.gnu-tools-for-stm32.12.3.rel1.win32_1.0.200.202406191623/tools/bin/../lib/gcc/arm-none-eabi/12.3.1/thumb/v7-m/nofp/crtbegin.o
                0x20000018                        . = ALIGN (0x4)

.bss            0x20000018      0x524 load address 0x08003764
                0x20000018                        _sbss = .
                0x20000018                        __bss_start__ = _sbss
 *(.bss)
 .bss           0x20000018       0x1c C:/ST/STM32CubeIDE_1.7.0/STM32CubeIDE/plugins/com.st.stm32cube.ide.mcu.externaltools.gnu-tools-for-stm32.12.3.rel1.win32_1.0.200.202406191623/tools/bin/../lib/gcc/arm-none-eabi/12.3.1/thumb/v7-m/nofp/crtbegin.o
 *(.bss*)
 .bss.KeyReg0   0x20000034       0x28 ./Core/Src/button.o
                0x20000034                KeyReg0
 .bss.KeyReg1   0x2000005c       0x28 ./Core/Src/button.o
                0x2000005c                KeyReg1
 .bss.KeyReg2   0x20000084       0x28 ./Core/Src/button.o
                0x20000084                KeyReg2
 .bss.KeyReg3   0x200000ac       0x28 ./Core/Src/button.o
                0x200000ac                KeyReg3
 .bss.button_flag
                0x200000d4       0x28 ./Core/Src/button.o
                0x200000d4                button_flag
 .bss.status    0x200000fc        0x4 ./Core/Src/global.o
                0x200000fc                status
 .bss.status_1  0x20000100        0x4 ./Core/Src/global.o
                0x20000100                status_1
 .bss.status_2  0x20000104        0x4 ./Core/Src/global.o
                0x20000104                status_2
 .bss.time_1    0x20000108        0x4 ./Core/Src/global.o
                0x20000108                time_1
 .bss.time_2    0x2000010c        0x4 ./Core/Src/global.o
                0x2000010c                time_2
 .bss.count     0x20000110        0x4 ./Core/Src/global.o
                0x20000110                count
 .bss.index_led_1
                0x20000114        0x4 ./Core/Src/global.o
                0x20000114                index_led_1
 .bss.index_led_2
                0x20000118        0x4 ./Core/Src/global.o
                0x20000118                index_led_2
 .bss.led_buffer
                0x2000011c       0x10 ./Core/Src/led7_segment.o
                0x2000011c                led_buffer
 .bss.hi2c1     0x2000012c       0x54 ./Core/Src/main.o
                0x2000012c                hi2c1
 .bss.htim2     0x20000180       0x48 ./Core/Src/main.o
                0x20000180                htim2
 .bss.SCH_tasks_G
                0x200001c8      0x320 ./Core/Src/scheduler.o
                0x200001c8                SCH_tasks_G
 .bss.timer_counter
                0x200004e8       0x28 ./Core/Src/timer.o
                0x200004e8                timer_counter
 .bss.timer_flag
                0x20000510       0x28 ./Core/Src/timer.o
                0x20000510                timer_flag
 .bss.uwTick    0x20000538        0x4 ./Drivers/STM32F1xx_HAL_Driver/Src/stm32f1xx_hal.o
                0x20000538                uwTick
 *(COMMON)
                0x2000053c                        . = ALIGN (0x4)
                0x2000053c                        _ebss = .
                0x2000053c                        __bss_end__ = _ebss

._user_heap_stack
                0x2000053c      0x604 load address 0x08003764
                0x20000540                        . = ALIGN (0x8)
 *fill*         0x2000053c        0x4 
                [!provide]                        PROVIDE (end = .)
                0x20000540                        PROVIDE (_end = .)
                0x20000740                        . = (. + _Min_Heap_Size)
 *fill*         0x20000540      0x200 
                0x20000b40                        . = (. + _Min_Stack_Size)
 *fill*         0x20000740      0x400 
                0x20000b40                        . = ALIGN (0x8)

/DISCARD/
 libc.a(*)
 libm.a(*)
 libgcc.a(*)

.ARM.attributes
                0x00000000       0x29
 *(.ARM.attributes)
 .ARM.attributes
                0x00000000       0x1d C:/ST/STM32CubeIDE_1.7.0/STM32CubeIDE/plugins/com.st.stm32cube.ide.mcu.externaltools.gnu-tools-for-stm32.12.3.rel1.win32_1.0.200.202406191623/tools/bin/../lib/gcc/arm-none-eabi/12.3.1/thumb/v7-m/nofp/crti.o
 .ARM.attributes
                0x0000001d       0x2d C:/ST/STM32CubeIDE_1.7.0/STM32CubeIDE/plugins/com.st.stm32cube.ide.mcu.externaltools.gnu-tools-for-stm32.12.3.rel1.win32_1.0.200.202406191623/tools/bin/../lib/gcc/arm-none-eabi/12.3.1/thumb/v7-m/nofp/crtbegin.o
 .ARM.attributes
                0x0000004a       0x2d ./Core/Src/button.o
 .ARM.attributes
                0x00000077       0x2d ./Core/Src/fsm_automatic.o
 .ARM.attributes
                0x000000a4       0x2d ./Core/Src/fsm_manual.o
 .ARM.attributes
                0x000000d1       0x2d ./Core/Src/fsm_setting.o
 .ARM.attributes
                0x000000fe       0x2d ./Core/Src/global.o
 .ARM.attributes
                0x0000012b       0x2d ./Core/Src/led7_segment.o
 .ARM.attributes
                0x00000158       0x2d ./Core/Src/main.o
 .ARM.attributes
                0x00000185       0x2d ./Core/Src/scheduler.o
 .ARM.attributes
                0x000001b2       0x2d ./Core/Src/stm32f1xx_hal_msp.o
 .ARM.attributes
                0x000001df       0x2d ./Core/Src/stm32f1xx_it.o
 .ARM.attributes
                0x0000020c       0x2d ./Core/Src/system_stm32f1xx.o
 .ARM.attributes
                0x00000239       0x2d ./Core/Src/timer.o
 .ARM.attributes
                0x00000266       0x2d ./Core/Src/traffic_light.o
 .ARM.attributes
                0x00000293       0x21 ./Core/Startup/startup_stm32f103c6ux.o
 .ARM.attributes
                0x000002b4       0x2d ./Drivers/STM32F1xx_HAL_Driver/Src/stm32f1xx_hal.o
 .ARM.attributes
                0x000002e1       0x2d ./Drivers/STM32F1xx_HAL_Driver/Src/stm32f1xx_hal_cortex.o
 .ARM.attributes
                0x0000030e       0x2d ./Drivers/STM32F1xx_HAL_Driver/Src/stm32f1xx_hal_gpio.o
 .ARM.attributes
                0x0000033b       0x2d ./Drivers/STM32F1xx_HAL_Driver/Src/stm32f1xx_hal_i2c.o
 .ARM.attributes
                0x00000368       0x2d ./Drivers/STM32F1xx_HAL_Driver/Src/stm32f1xx_hal_rcc.o
 .ARM.attributes
                0x00000395       0x2d ./Drivers/STM32F1xx_HAL_Driver/Src/stm32f1xx_hal_tim.o
 .ARM.attributes
                0x000003c2       0x2d ./Drivers/STM32F1xx_HAL_Driver/Src/stm32f1xx_hal_tim_ex.o
 .ARM.attributes
                0x000003ef       0x2d C:/ST/STM32CubeIDE_1.7.0/STM32CubeIDE/plugins/com.st.stm32cube.ide.mcu.externaltools.gnu-tools-for-stm32.12.3.rel1.win32_1.0.200.202406191623/tools/bin/../lib/gcc/arm-none-eabi/12.3.1/../../../../arm-none-eabi/lib/thumb/v7-m/nofp\libc_nano.a(libc_a-memset.o)
 .ARM.attributes
                0x0000041c       0x2d C:/ST/STM32CubeIDE_1.7.0/STM32CubeIDE/plugins/com.st.stm32cube.ide.mcu.externaltools.gnu-tools-for-stm32.12.3.rel1.win32_1.0.200.202406191623/tools/bin/../lib/gcc/arm-none-eabi/12.3.1/../../../../arm-none-eabi/lib/thumb/v7-m/nofp\libc_nano.a(libc_a-init.o)
 .ARM.attributes
                0x00000449       0x1d C:/ST/STM32CubeIDE_1.7.0/STM32CubeIDE/plugins/com.st.stm32cube.ide.mcu.externaltools.gnu-tools-for-stm32.12.3.rel1.win32_1.0.200.202406191623/tools/bin/../lib/gcc/arm-none-eabi/12.3.1/thumb/v7-m/nofp/crtn.o
OUTPUT(LAB3-4.elf elf32-littlearm)
LOAD linker stubs
LOAD C:/ST/STM32CubeIDE_1.7.0/STM32CubeIDE/plugins/com.st.stm32cube.ide.mcu.externaltools.gnu-tools-for-stm32.12.3.rel1.win32_1.0.200.202406191623/tools/bin/../lib/gcc/arm-none-eabi/12.3.1/../../../../arm-none-eabi/lib/thumb/v7-m/nofp\libc.a
LOAD C:/ST/STM32CubeIDE_1.7.0/STM32CubeIDE/plugins/com.st.stm32cube.ide.mcu.externaltools.gnu-tools-for-stm32.12.3.rel1.win32_1.0.200.202406191623/tools/bin/../lib/gcc/arm-none-eabi/12.3.1/../../../../arm-none-eabi/lib/thumb/v7-m/nofp\libm.a
LOAD C:/ST/STM32CubeIDE_1.7.0/STM32CubeIDE/plugins/com.st.stm32cube.ide.mcu.externaltools.gnu-tools-for-stm32.12.3.rel1.win32_1.0.200.202406191623/tools/bin/../lib/gcc/arm-none-eabi/12.3.1/thumb/v7-m/nofp\libgcc.a

.debug_info     0x00000000     0xb88c
 .debug_info    0x00000000      0x28d ./Core/Src/button.o
 .debug_info    0x0000028d      0x2a0 ./Core/Src/fsm_automatic.o
 .debug_info    0x0000052d      0x16c ./Core/Src/fsm_manual.o
 .debug_info    0x00000699      0x1ef ./Core/Src/fsm_setting.o
 .debug_info    0x00000888      0x162 ./Core/Src/global.o
 .debug_info    0x000009ea      0x269 ./Core/Src/led7_segment.o
 .debug_info    0x00000c53      0xecc ./Core/Src/main.o
 .debug_info    0x00001b1f      0x212 ./Core/Src/scheduler.o
 .debug_info    0x00001d31      0xd5f ./Core/Src/stm32f1xx_hal_msp.o
 .debug_info    0x00002a90      0x6a1 ./Core/Src/stm32f1xx_it.o
 .debug_info    0x00003131      0x222 ./Core/Src/system_stm32f1xx.o
 .debug_info    0x00003353      0x150 ./Core/Src/timer.o
 .debug_info    0x000034a3      0x1d2 ./Core/Src/traffic_light.o
 .debug_info    0x00003675       0x30 ./Core/Startup/startup_stm32f103c6ux.o
 .debug_info    0x000036a5      0x6e6 ./Drivers/STM32F1xx_HAL_Driver/Src/stm32f1xx_hal.o
 .debug_info    0x00003d8b      0xa69 ./Drivers/STM32F1xx_HAL_Driver/Src/stm32f1xx_hal_cortex.o
 .debug_info    0x000047f4      0x5ab ./Drivers/STM32F1xx_HAL_Driver/Src/stm32f1xx_hal_gpio.o
 .debug_info    0x00004d9f     0x2524 ./Drivers/STM32F1xx_HAL_Driver/Src/stm32f1xx_hal_i2c.o
 .debug_info    0x000072c3      0x7d5 ./Drivers/STM32F1xx_HAL_Driver/Src/stm32f1xx_hal_rcc.o
 .debug_info    0x00007a98     0x2959 ./Drivers/STM32F1xx_HAL_Driver/Src/stm32f1xx_hal_tim.o
 .debug_info    0x0000a3f1     0x149b ./Drivers/STM32F1xx_HAL_Driver/Src/stm32f1xx_hal_tim_ex.o

.debug_abbrev   0x00000000     0x2202
 .debug_abbrev  0x00000000      0x198 ./Core/Src/button.o
 .debug_abbrev  0x00000198      0x136 ./Core/Src/fsm_automatic.o
 .debug_abbrev  0x000002ce       0xa8 ./Core/Src/fsm_manual.o
 .debug_abbrev  0x00000376      0x109 ./Core/Src/fsm_setting.o
 .debug_abbrev  0x0000047f       0x4e ./Core/Src/global.o
 .debug_abbrev  0x000004cd      0x169 ./Core/Src/led7_segment.o
 .debug_abbrev  0x00000636      0x2e4 ./Core/Src/main.o
 .debug_abbrev  0x0000091a      0x13a ./Core/Src/scheduler.o
 .debug_abbrev  0x00000a54      0x1d5 ./Core/Src/stm32f1xx_hal_msp.o
 .debug_abbrev  0x00000c29      0x191 ./Core/Src/stm32f1xx_it.o
 .debug_abbrev  0x00000dba      0x13f ./Core/Src/system_stm32f1xx.o
 .debug_abbrev  0x00000ef9       0xf3 ./Core/Src/timer.o
 .debug_abbrev  0x00000fec       0xe0 ./Core/Src/traffic_light.o
 .debug_abbrev  0x000010cc       0x24 ./Core/Startup/startup_stm32f103c6ux.o
 .debug_abbrev  0x000010f0      0x201 ./Drivers/STM32F1xx_HAL_Driver/Src/stm32f1xx_hal.o
 .debug_abbrev  0x000012f1      0x2f8 ./Drivers/STM32F1xx_HAL_Driver/Src/stm32f1xx_hal_cortex.o
 .debug_abbrev  0x000015e9      0x1ca ./Drivers/STM32F1xx_HAL_Driver/Src/stm32f1xx_hal_gpio.o
 .debug_abbrev  0x000017b3      0x2a3 ./Drivers/STM32F1xx_HAL_Driver/Src/stm32f1xx_hal_i2c.o
 .debug_abbrev  0x00001a56      0x2b3 ./Drivers/STM32F1xx_HAL_Driver/Src/stm32f1xx_hal_rcc.o
 .debug_abbrev  0x00001d09      0x277 ./Drivers/STM32F1xx_HAL_Driver/Src/stm32f1xx_hal_tim.o
 .debug_abbrev  0x00001f80      0x282 ./Drivers/STM32F1xx_HAL_Driver/Src/stm32f1xx_hal_tim_ex.o

.debug_aranges  0x00000000      0xda0
 .debug_aranges
                0x00000000       0x30 ./Core/Src/button.o
 .debug_aranges
                0x00000030       0x28 ./Core/Src/fsm_automatic.o
 .debug_aranges
                0x00000058       0x20 ./Core/Src/fsm_manual.o
 .debug_aranges
                0x00000078       0x20 ./Core/Src/fsm_setting.o
 .debug_aranges
                0x00000098       0x18 ./Core/Src/global.o
 .debug_aranges
                0x000000b0       0x40 ./Core/Src/led7_segment.o
 .debug_aranges
                0x000000f0       0x50 ./Core/Src/main.o
 .debug_aranges
                0x00000140       0x40 ./Core/Src/scheduler.o
 .debug_aranges
                0x00000180       0x40 ./Core/Src/stm32f1xx_hal_msp.o
 .debug_aranges
                0x000001c0       0x68 ./Core/Src/stm32f1xx_it.o
 .debug_aranges
                0x00000228       0x28 ./Core/Src/system_stm32f1xx.o
 .debug_aranges
                0x00000250       0x30 ./Core/Src/timer.o
 .debug_aranges
                0x00000280       0x50 ./Core/Src/traffic_light.o
 .debug_aranges
                0x000002d0       0x28 ./Core/Startup/startup_stm32f103c6ux.o
 .debug_aranges
                0x000002f8       0xe0 ./Drivers/STM32F1xx_HAL_Driver/Src/stm32f1xx_hal.o
 .debug_aranges
                0x000003d8      0x100 ./Drivers/STM32F1xx_HAL_Driver/Src/stm32f1xx_hal_cortex.o
 .debug_aranges
                0x000004d8       0x58 ./Drivers/STM32F1xx_HAL_Driver/Src/stm32f1xx_hal_gpio.o
 .debug_aranges
                0x00000530      0x2a8 ./Drivers/STM32F1xx_HAL_Driver/Src/stm32f1xx_hal_i2c.o
 .debug_aranges
                0x000007d8       0x90 ./Drivers/STM32F1xx_HAL_Driver/Src/stm32f1xx_hal_rcc.o
 .debug_aranges
                0x00000868      0x3d0 ./Drivers/STM32F1xx_HAL_Driver/Src/stm32f1xx_hal_tim.o
 .debug_aranges
                0x00000c38      0x168 ./Drivers/STM32F1xx_HAL_Driver/Src/stm32f1xx_hal_tim_ex.o

.debug_rnglists
                0x00000000      0xa78
 .debug_rnglists
                0x00000000       0x20 ./Core/Src/button.o
 .debug_rnglists
                0x00000020       0x1a ./Core/Src/fsm_automatic.o
 .debug_rnglists
                0x0000003a       0x14 ./Core/Src/fsm_manual.o
 .debug_rnglists
                0x0000004e       0x14 ./Core/Src/fsm_setting.o
 .debug_rnglists
                0x00000062       0x2d ./Core/Src/led7_segment.o
 .debug_rnglists
                0x0000008f       0x39 ./Core/Src/main.o
 .debug_rnglists
                0x000000c8       0x2e ./Core/Src/scheduler.o
 .debug_rnglists
                0x000000f6       0x2c ./Core/Src/stm32f1xx_hal_msp.o
 .debug_rnglists
                0x00000122       0x49 ./Core/Src/stm32f1xx_it.o
 .debug_rnglists
                0x0000016b       0x1a ./Core/Src/system_stm32f1xx.o
 .debug_rnglists
                0x00000185       0x1f ./Core/Src/timer.o
 .debug_rnglists
                0x000001a4       0x37 ./Core/Src/traffic_light.o
 .debug_rnglists
                0x000001db       0x19 ./Core/Startup/startup_stm32f103c6ux.o
 .debug_rnglists
                0x000001f4       0xa3 ./Drivers/STM32F1xx_HAL_Driver/Src/stm32f1xx_hal.o
 .debug_rnglists
                0x00000297       0xbb ./Drivers/STM32F1xx_HAL_Driver/Src/stm32f1xx_hal_cortex.o
 .debug_rnglists
                0x00000352       0x3f ./Drivers/STM32F1xx_HAL_Driver/Src/stm32f1xx_hal_gpio.o
 .debug_rnglists
                0x00000391      0x23c ./Drivers/STM32F1xx_HAL_Driver/Src/stm32f1xx_hal_i2c.o
 .debug_rnglists
                0x000005cd       0x6c ./Drivers/STM32F1xx_HAL_Driver/Src/stm32f1xx_hal_rcc.o
 .debug_rnglists
                0x00000639      0x31a ./Drivers/STM32F1xx_HAL_Driver/Src/stm32f1xx_hal_tim.o
 .debug_rnglists
                0x00000953      0x125 ./Drivers/STM32F1xx_HAL_Driver/Src/stm32f1xx_hal_tim_ex.o

.debug_macro    0x00000000    0x18849
 .debug_macro   0x00000000      0x209 ./Core/Src/button.o
 .debug_macro   0x00000209      0xaa8 ./Core/Src/button.o
 .debug_macro   0x00000cb1      0x21b ./Core/Src/button.o
 .debug_macro   0x00000ecc       0x2e ./Core/Src/button.o
 .debug_macro   0x00000efa       0x22 ./Core/Src/button.o
 .debug_macro   0x00000f1c       0x22 ./Core/Src/button.o
 .debug_macro   0x00000f3e       0x8e ./Core/Src/button.o
 .debug_macro   0x00000fcc       0x51 ./Core/Src/button.o
 .debug_macro   0x0000101d      0x103 ./Core/Src/button.o
 .debug_macro   0x00001120       0x6a ./Core/Src/button.o
 .debug_macro   0x0000118a      0x1df ./Core/Src/button.o
 .debug_macro   0x00001369       0x1c ./Core/Src/button.o
 .debug_macro   0x00001385       0x22 ./Core/Src/button.o
 .debug_macro   0x000013a7       0xbd ./Core/Src/button.o
 .debug_macro   0x00001464      0xd23 ./Core/Src/button.o
 .debug_macro   0x00002187     0xde75 ./Core/Src/button.o
 .debug_macro   0x0000fffc       0x6d ./Core/Src/button.o
 .debug_macro   0x00010069     0x34a2 ./Core/Src/button.o
 .debug_macro   0x0001350b      0x189 ./Core/Src/button.o
 .debug_macro   0x00013694       0x5c ./Core/Src/button.o
 .debug_macro   0x000136f0      0x5bc ./Core/Src/button.o
 .debug_macro   0x00013cac      0x1b7 ./Core/Src/button.o
 .debug_macro   0x00013e63      0x1cb ./Core/Src/button.o
 .debug_macro   0x0001402e      0x114 ./Core/Src/button.o
 .debug_macro   0x00014142      0x1b2 ./Core/Src/button.o
 .debug_macro   0x000142f4       0x27 ./Core/Src/button.o
 .debug_macro   0x0001431b      0x12f ./Core/Src/button.o
 .debug_macro   0x0001444a      0x1bc ./Core/Src/button.o
 .debug_macro   0x00014606       0x34 ./Core/Src/button.o
 .debug_macro   0x0001463a       0x3c ./Core/Src/button.o
 .debug_macro   0x00014676       0x57 ./Core/Src/button.o
 .debug_macro   0x000146cd       0x87 ./Core/Src/button.o
 .debug_macro   0x00014754      0x183 ./Core/Src/button.o
 .debug_macro   0x000148d7      0x287 ./Core/Src/button.o
 .debug_macro   0x00014b5e      0x140 ./Core/Src/button.o
 .debug_macro   0x00014c9e      0x8ed ./Core/Src/button.o
 .debug_macro   0x0001558b       0x69 ./Core/Src/button.o
 .debug_macro   0x000155f4      0x160 ./Core/Src/button.o
 .debug_macro   0x00015754       0x76 ./Core/Src/button.o
 .debug_macro   0x000157ca      0x207 ./Core/Src/fsm_automatic.o
 .debug_macro   0x000159d1      0x203 ./Core/Src/fsm_manual.o
 .debug_macro   0x00015bd4      0x209 ./Core/Src/fsm_setting.o
 .debug_macro   0x00015ddd      0x1ff ./Core/Src/global.o
 .debug_macro   0x00015fdc      0x203 ./Core/Src/led7_segment.o
 .debug_macro   0x000161df      0x308 ./Core/Src/main.o
 .debug_macro   0x000164e7       0x61 ./Core/Src/main.o
 .debug_macro   0x00016548       0x24 ./Core/Src/main.o
 .debug_macro   0x0001656c       0x43 ./Core/Src/main.o
 .debug_macro   0x000165af       0x34 ./Core/Src/main.o
 .debug_macro   0x000165e3       0x16 ./Core/Src/main.o
 .debug_macro   0x000165f9       0x35 ./Core/Src/main.o
 .debug_macro   0x0001662e      0x369 ./Core/Src/main.o
 .debug_macro   0x00016997       0x10 ./Core/Src/main.o
 .debug_macro   0x000169a7       0x16 ./Core/Src/main.o
 .debug_macro   0x000169bd       0x43 ./Core/Src/main.o
 .debug_macro   0x00016a00       0x34 ./Core/Src/main.o
 .debug_macro   0x00016a34       0x10 ./Core/Src/main.o
 .debug_macro   0x00016a44       0x58 ./Core/Src/main.o
 .debug_macro   0x00016a9c       0x8e ./Core/Src/main.o
 .debug_macro   0x00016b2a       0x1c ./Core/Src/main.o
 .debug_macro   0x00016b46      0x177 ./Core/Src/main.o
 .debug_macro   0x00016cbd       0x16 ./Core/Src/main.o
 .debug_macro   0x00016cd3       0x16 ./Core/Src/main.o
 .debug_macro   0x00016ce9      0x146 ./Core/Src/main.o
 .debug_macro   0x00016e2f       0x10 ./Core/Src/main.o
 .debug_macro   0x00016e3f      0x2e6 ./Core/Src/scheduler.o
 .debug_macro   0x00017125       0x9e ./Core/Src/scheduler.o
 .debug_macro   0x000171c3      0x10b ./Core/Src/scheduler.o
 .debug_macro   0x000172ce       0x56 ./Core/Src/scheduler.o
 .debug_macro   0x00017324      0x1b0 ./Core/Src/stm32f1xx_hal_msp.o
 .debug_macro   0x000174d4      0x1ba ./Core/Src/stm32f1xx_it.o
 .debug_macro   0x0001768e      0x1a1 ./Core/Src/system_stm32f1xx.o
 .debug_macro   0x0001782f      0x1c0 ./Core/Src/timer.o
 .debug_macro   0x000179ef      0x203 ./Core/Src/traffic_light.o
 .debug_macro   0x00017bf2      0x1c5 ./Drivers/STM32F1xx_HAL_Driver/Src/stm32f1xx_hal.o
 .debug_macro   0x00017db7      0x1a1 ./Drivers/STM32F1xx_HAL_Driver/Src/stm32f1xx_hal_cortex.o
 .debug_macro   0x00017f58      0x20c ./Drivers/STM32F1xx_HAL_Driver/Src/stm32f1xx_hal_gpio.o
 .debug_macro   0x00018164      0x1ef ./Drivers/STM32F1xx_HAL_Driver/Src/stm32f1xx_hal_i2c.o
 .debug_macro   0x00018353      0x1b3 ./Drivers/STM32F1xx_HAL_Driver/Src/stm32f1xx_hal_rcc.o
 .debug_macro   0x00018506      0x1a2 ./Drivers/STM32F1xx_HAL_Driver/Src/stm32f1xx_hal_tim.o
 .debug_macro   0x000186a8      0x1a1 ./Drivers/STM32F1xx_HAL_Driver/Src/stm32f1xx_hal_tim_ex.o

.debug_line     0x00000000    0x12327
 .debug_line    0x00000000      0x81a ./Core/Src/button.o
 .debug_line    0x0000081a      0x8ec ./Core/Src/fsm_automatic.o
 .debug_line    0x00001106      0x860 ./Core/Src/fsm_manual.o
 .debug_line    0x00001966      0x863 ./Core/Src/fsm_setting.o
 .debug_line    0x000021c9      0x747 ./Core/Src/global.o
 .debug_line    0x00002910      0x8aa ./Core/Src/led7_segment.o
 .debug_line    0x000031ba      0xa35 ./Core/Src/main.o
 .debug_line    0x00003bef      0x9c3 ./Core/Src/scheduler.o
 .debug_line    0x000045b2      0x787 ./Core/Src/stm32f1xx_hal_msp.o
 .debug_line    0x00004d39      0x7da ./Core/Src/stm32f1xx_it.o
 .debug_line    0x00005513      0x77e ./Core/Src/system_stm32f1xx.o
 .debug_line    0x00005c91      0x762 ./Core/Src/timer.o
 .debug_line    0x000063f3      0x7fe ./Core/Src/traffic_light.o
 .debug_line    0x00006bf1       0x78 ./Core/Startup/startup_stm32f103c6ux.o
 .debug_line    0x00006c69      0x9ab ./Drivers/STM32F1xx_HAL_Driver/Src/stm32f1xx_hal.o
 .debug_line    0x00007614      0xb97 ./Drivers/STM32F1xx_HAL_Driver/Src/stm32f1xx_hal_cortex.o
 .debug_line    0x000081ab      0xa2f ./Drivers/STM32F1xx_HAL_Driver/Src/stm32f1xx_hal_gpio.o
 .debug_line    0x00008bda     0x3c48 ./Drivers/STM32F1xx_HAL_Driver/Src/stm32f1xx_hal_i2c.o
 .debug_line    0x0000c822      0xdb4 ./Drivers/STM32F1xx_HAL_Driver/Src/stm32f1xx_hal_rcc.o
 .debug_line    0x0000d5d6     0x3487 ./Drivers/STM32F1xx_HAL_Driver/Src/stm32f1xx_hal_tim.o
 .debug_line    0x00010a5d     0x18ca ./Drivers/STM32F1xx_HAL_Driver/Src/stm32f1xx_hal_tim_ex.o

.debug_str      0x00000000    0x8858d
 .debug_str     0x00000000    0x81396 ./Core/Src/button.o
                              0x816f1 (size before relaxing)
 .debug_str     0x00081396      0x12d ./Core/Src/fsm_automatic.o
                              0x8177b (size before relaxing)
 .debug_str     0x000814c3       0x28 ./Core/Src/fsm_manual.o
                              0x816cb (size before relaxing)
 .debug_str     0x000814eb       0x40 ./Core/Src/fsm_setting.o
                              0x816e5 (size before relaxing)
 .debug_str     0x0008152b       0x15 ./Core/Src/global.o
                              0x8165f (size before relaxing)
 .debug_str     0x00081540       0x60 ./Core/Src/led7_segment.o
                              0x816e6 (size before relaxing)
 .debug_str     0x000815a0     0x413f ./Core/Src/main.o
                              0x858f3 (size before relaxing)
 .debug_str     0x000856df       0x64 ./Core/Src/scheduler.o
                              0x84dd6 (size before relaxing)
 .debug_str     0x00085743      0x337 ./Core/Src/stm32f1xx_hal_msp.o
                              0x82002 (size before relaxing)
 .debug_str     0x00085a7a       0xec ./Core/Src/stm32f1xx_it.o
                              0x81a10 (size before relaxing)
 .debug_str     0x00085b66       0x7e ./Core/Src/system_stm32f1xx.o
                              0x81020 (size before relaxing)
 .debug_str     0x00085be4       0x3c ./Core/Src/timer.o
                              0x814d6 (size before relaxing)
 .debug_str     0x00085c20       0x1c ./Core/Src/traffic_light.o
                              0x816d6 (size before relaxing)
 .debug_str     0x00085c3c       0x44 ./Core/Startup/startup_stm32f103c6ux.o
                                 0x70 (size before relaxing)
 .debug_str     0x00085c80      0x38e ./Drivers/STM32F1xx_HAL_Driver/Src/stm32f1xx_hal.o
                              0x81719 (size before relaxing)
 .debug_str     0x0008600e      0x294 ./Drivers/STM32F1xx_HAL_Driver/Src/stm32f1xx_hal_cortex.o
                              0x81665 (size before relaxing)
 .debug_str     0x000862a2      0x2c2 ./Drivers/STM32F1xx_HAL_Driver/Src/stm32f1xx_hal_gpio.o
                              0x813a6 (size before relaxing)
 .debug_str     0x00086564      0xbd5 ./Drivers/STM32F1xx_HAL_Driver/Src/stm32f1xx_hal_i2c.o
                              0x820e7 (size before relaxing)
 .debug_str     0x00087139      0x209 ./Drivers/STM32F1xx_HAL_Driver/Src/stm32f1xx_hal_rcc.o
                              0x8144f (size before relaxing)
 .debug_str     0x00087342      0xdb8 ./Drivers/STM32F1xx_HAL_Driver/Src/stm32f1xx_hal_tim.o
                              0x82451 (size before relaxing)
 .debug_str     0x000880fa      0x493 ./Drivers/STM32F1xx_HAL_Driver/Src/stm32f1xx_hal_tim_ex.o
                              0x81c5d (size before relaxing)

.comment        0x00000000       0x43
 .comment       0x00000000       0x43 ./Core/Src/button.o
                                 0x44 (size before relaxing)
 .comment       0x00000043       0x44 ./Core/Src/fsm_automatic.o
 .comment       0x00000043       0x44 ./Core/Src/fsm_manual.o
 .comment       0x00000043       0x44 ./Core/Src/fsm_setting.o
 .comment       0x00000043       0x44 ./Core/Src/global.o
 .comment       0x00000043       0x44 ./Core/Src/led7_segment.o
 .comment       0x00000043       0x44 ./Core/Src/main.o
 .comment       0x00000043       0x44 ./Core/Src/scheduler.o
 .comment       0x00000043       0x44 ./Core/Src/stm32f1xx_hal_msp.o
 .comment       0x00000043       0x44 ./Core/Src/stm32f1xx_it.o
 .comment       0x00000043       0x44 ./Core/Src/system_stm32f1xx.o
 .comment       0x00000043       0x44 ./Core/Src/timer.o
 .comment       0x00000043       0x44 ./Core/Src/traffic_light.o
 .comment       0x00000043       0x44 ./Drivers/STM32F1xx_HAL_Driver/Src/stm32f1xx_hal.o
 .comment       0x00000043       0x44 ./Drivers/STM32F1xx_HAL_Driver/Src/stm32f1xx_hal_cortex.o
 .comment       0x00000043       0x44 ./Drivers/STM32F1xx_HAL_Driver/Src/stm32f1xx_hal_gpio.o
 .comment       0x00000043       0x44 ./Drivers/STM32F1xx_HAL_Driver/Src/stm32f1xx_hal_i2c.o
 .comment       0x00000043       0x44 ./Drivers/STM32F1xx_HAL_Driver/Src/stm32f1xx_hal_rcc.o
 .comment       0x00000043       0x44 ./Drivers/STM32F1xx_HAL_Driver/Src/stm32f1xx_hal_tim.o
 .comment       0x00000043       0x44 ./Drivers/STM32F1xx_HAL_Driver/Src/stm32f1xx_hal_tim_ex.o

.debug_frame    0x00000000     0x36d0
 .debug_frame   0x00000000       0x80 ./Core/Src/button.o
 .debug_frame   0x00000080       0x50 ./Core/Src/fsm_automatic.o
 .debug_frame   0x000000d0       0x2c ./Core/Src/fsm_manual.o
 .debug_frame   0x000000fc       0x2c ./Core/Src/fsm_setting.o
 .debug_frame   0x00000128       0xd0 ./Core/Src/led7_segment.o
 .debug_frame   0x000001f8       0xf0 ./Core/Src/main.o
 .debug_frame   0x000002e8       0xd0 ./Core/Src/scheduler.o
 .debug_frame   0x000003b8       0xc8 ./Core/Src/stm32f1xx_hal_msp.o
 .debug_frame   0x00000480      0x120 ./Core/Src/stm32f1xx_it.o
 .debug_frame   0x000005a0       0x58 ./Core/Src/system_stm32f1xx.o
 .debug_frame   0x000005f8       0x88 ./Core/Src/timer.o
 .debug_frame   0x00000680       0xd4 ./Core/Src/traffic_light.o
 .debug_frame   0x00000754      0x334 ./Drivers/STM32F1xx_HAL_Driver/Src/stm32f1xx_hal.o
 .debug_frame   0x00000a88      0x428 ./Drivers/STM32F1xx_HAL_Driver/Src/stm32f1xx_hal_cortex.o
 .debug_frame   0x00000eb0      0x14c ./Drivers/STM32F1xx_HAL_Driver/Src/stm32f1xx_hal_gpio.o
 .debug_frame   0x00000ffc      0xc84 ./Drivers/STM32F1xx_HAL_Driver/Src/stm32f1xx_hal_i2c.o
 .debug_frame   0x00001c80      0x218 ./Drivers/STM32F1xx_HAL_Driver/Src/stm32f1xx_hal_rcc.o
 .debug_frame   0x00001e98     0x11b4 ./Drivers/STM32F1xx_HAL_Driver/Src/stm32f1xx_hal_tim.o
 .debug_frame   0x0000304c      0x638 ./Drivers/STM32F1xx_HAL_Driver/Src/stm32f1xx_hal_tim_ex.o
 .debug_frame   0x00003684       0x20 C:/ST/STM32CubeIDE_1.7.0/STM32CubeIDE/plugins/com.st.stm32cube.ide.mcu.externaltools.gnu-tools-for-stm32.12.3.rel1.win32_1.0.200.202406191623/tools/bin/../lib/gcc/arm-none-eabi/12.3.1/../../../../arm-none-eabi/lib/thumb/v7-m/nofp\libc_nano.a(libc_a-memset.o)
 .debug_frame   0x000036a4       0x2c C:/ST/STM32CubeIDE_1.7.0/STM32CubeIDE/plugins/com.st.stm32cube.ide.mcu.externaltools.gnu-tools-for-stm32.12.3.rel1.win32_1.0.200.202406191623/tools/bin/../lib/gcc/arm-none-eabi/12.3.1/../../../../arm-none-eabi/lib/thumb/v7-m/nofp\libc_nano.a(libc_a-init.o)

.debug_line_str
                0x00000000       0x54
 .debug_line_str
                0x00000000       0x54 ./Core/Startup/startup_stm32f103c6ux.o
