Archive member included to satisfy reference by file (symbol)

C:/ST/STM32CubeIDE_1.7.0/STM32CubeIDE/plugins/com.st.stm32cube.ide.mcu.externaltools.gnu-tools-for-stm32.12.3.rel1.win32_1.0.200.202406191623/tools/bin/../lib/gcc/arm-none-eabi/12.3.1/../../../../arm-none-eabi/lib/thumb/v7-m/nofp\libc_nano.a(libc_a-exit.o)
                              C:/ST/STM32CubeIDE_1.7.0/STM32CubeIDE/plugins/com.st.stm32cube.ide.mcu.externaltools.gnu-tools-for-stm32.12.3.rel1.win32_1.0.200.202406191623/tools/bin/../lib/gcc/arm-none-eabi/12.3.1/../../../../arm-none-eabi/lib/thumb/v7-m/nofp/crt0.o (exit)
C:/ST/STM32CubeIDE_1.7.0/STM32CubeIDE/plugins/com.st.stm32cube.ide.mcu.externaltools.gnu-tools-for-stm32.12.3.rel1.win32_1.0.200.202406191623/tools/bin/../lib/gcc/arm-none-eabi/12.3.1/../../../../arm-none-eabi/lib/thumb/v7-m/nofp\libc_nano.a(libc_a-findfp.o)
                              C:/ST/STM32CubeIDE_1.7.0/STM32CubeIDE/plugins/com.st.stm32cube.ide.mcu.externaltools.gnu-tools-for-stm32.12.3.rel1.win32_1.0.200.202406191623/tools/bin/../lib/gcc/arm-none-eabi/12.3.1/../../../../arm-none-eabi/lib/thumb/v7-m/nofp\libc_nano.a(libc_a-exit.o) (__stdio_exit_handler)
C:/ST/STM32CubeIDE_1.7.0/STM32CubeIDE/plugins/com.st.stm32cube.ide.mcu.externaltools.gnu-tools-for-stm32.12.3.rel1.win32_1.0.200.202406191623/tools/bin/../lib/gcc/arm-none-eabi/12.3.1/../../../../arm-none-eabi/lib/thumb/v7-m/nofp\libc_nano.a(libc_a-fwalk.o)
                              C:/ST/STM32CubeIDE_1.7.0/STM32CubeIDE/plugins/com.st.stm32cube.ide.mcu.externaltools.gnu-tools-for-stm32.12.3.rel1.win32_1.0.200.202406191623/tools/bin/../lib/gcc/arm-none-eabi/12.3.1/../../../../arm-none-eabi/lib/thumb/v7-m/nofp\libc_nano.a(libc_a-findfp.o) (_fwalk_sglue)
C:/ST/STM32CubeIDE_1.7.0/STM32CubeIDE/plugins/com.st.stm32cube.ide.mcu.externaltools.gnu-tools-for-stm32.12.3.rel1.win32_1.0.200.202406191623/tools/bin/../lib/gcc/arm-none-eabi/12.3.1/../../../../arm-none-eabi/lib/thumb/v7-m/nofp\libc_nano.a(libc_a-stdio.o)
                              C:/ST/STM32CubeIDE_1.7.0/STM32CubeIDE/plugins/com.st.stm32cube.ide.mcu.externaltools.gnu-tools-for-stm32.12.3.rel1.win32_1.0.200.202406191623/tools/bin/../lib/gcc/arm-none-eabi/12.3.1/../../../../arm-none-eabi/lib/thumb/v7-m/nofp\libc_nano.a(libc_a-findfp.o) (__sread)
C:/ST/STM32CubeIDE_1.7.0/STM32CubeIDE/plugins/com.st.stm32cube.ide.mcu.externaltools.gnu-tools-for-stm32.12.3.rel1.win32_1.0.200.202406191623/tools/bin/../lib/gcc/arm-none-eabi/12.3.1/../../../../arm-none-eabi/lib/thumb/v7-m/nofp\libc_nano.a(libc_a-memset.o)
                              C:/ST/STM32CubeIDE_1.7.0/STM32CubeIDE/plugins/com.st.stm32cube.ide.mcu.externaltools.gnu-tools-for-stm32.12.3.rel1.win32_1.0.200.202406191623/tools/bin/../lib/gcc/arm-none-eabi/12.3.1/../../../../arm-none-eabi/lib/thumb/v7-m/nofp/crt0.o (memset)
C:/ST/STM32CubeIDE_1.7.0/STM32CubeIDE/plugins/com.st.stm32cube.ide.mcu.externaltools.gnu-tools-for-stm32.12.3.rel1.win32_1.0.200.202406191623/tools/bin/../lib/gcc/arm-none-eabi/12.3.1/../../../../arm-none-eabi/lib/thumb/v7-m/nofp\libc_nano.a(libc_a-closer.o)
                              C:/ST/STM32CubeIDE_1.7.0/STM32CubeIDE/plugins/com.st.stm32cube.ide.mcu.externaltools.gnu-tools-for-stm32.12.3.rel1.win32_1.0.200.202406191623/tools/bin/../lib/gcc/arm-none-eabi/12.3.1/../../../../arm-none-eabi/lib/thumb/v7-m/nofp\libc_nano.a(libc_a-stdio.o) (_close_r)
C:/ST/STM32CubeIDE_1.7.0/STM32CubeIDE/plugins/com.st.stm32cube.ide.mcu.externaltools.gnu-tools-for-stm32.12.3.rel1.win32_1.0.200.202406191623/tools/bin/../lib/gcc/arm-none-eabi/12.3.1/../../../../arm-none-eabi/lib/thumb/v7-m/nofp\libc_nano.a(libc_a-reent.o)
                              C:/ST/STM32CubeIDE_1.7.0/STM32CubeIDE/plugins/com.st.stm32cube.ide.mcu.externaltools.gnu-tools-for-stm32.12.3.rel1.win32_1.0.200.202406191623/tools/bin/../lib/gcc/arm-none-eabi/12.3.1/../../../../arm-none-eabi/lib/thumb/v7-m/nofp\libc_nano.a(libc_a-closer.o) (errno)
C:/ST/STM32CubeIDE_1.7.0/STM32CubeIDE/plugins/com.st.stm32cube.ide.mcu.externaltools.gnu-tools-for-stm32.12.3.rel1.win32_1.0.200.202406191623/tools/bin/../lib/gcc/arm-none-eabi/12.3.1/../../../../arm-none-eabi/lib/thumb/v7-m/nofp\libc_nano.a(libc_a-impure.o)
                              C:/ST/STM32CubeIDE_1.7.0/STM32CubeIDE/plugins/com.st.stm32cube.ide.mcu.externaltools.gnu-tools-for-stm32.12.3.rel1.win32_1.0.200.202406191623/tools/bin/../lib/gcc/arm-none-eabi/12.3.1/../../../../arm-none-eabi/lib/thumb/v7-m/nofp\libc_nano.a(libc_a-reent.o) (_impure_ptr)
C:/ST/STM32CubeIDE_1.7.0/STM32CubeIDE/plugins/com.st.stm32cube.ide.mcu.externaltools.gnu-tools-for-stm32.12.3.rel1.win32_1.0.200.202406191623/tools/bin/../lib/gcc/arm-none-eabi/12.3.1/../../../../arm-none-eabi/lib/thumb/v7-m/nofp\libc_nano.a(libc_a-lseekr.o)
[...]
Memory Configuration

Name             Origin             Length             Attributes
RAM              0x20000000         0x00002800         xrw
FLASH            0x08000000         0x00008000         xr
*default*        0x00000000         0xffffffff

Linker script and memory map

LOAD C:/ST/STM32CubeIDE_1.7.0/STM32CubeIDE/plugins/com.st.stm32cube.ide.mcu.externaltools.gnu-tools-for-stm32.12.3.rel1.win32_1.0.200.202406191623/tools/bin/../lib/gcc/arm-none-eabi/12.3.1/thumb/v7-m/nofp/crti.o
LOAD C:/ST/STM32CubeIDE_1.7.0/STM32CubeIDE/plugins/com.st.stm32cube.ide.mcu.externaltools.gnu-tools-for-stm32.12.3.rel1.win32_1.0.200.202406191623/tools/bin/../lib/gcc/arm-none-eabi/12.3.1/thumb/v7-m/nofp/crtbegin.o
LOAD C:/ST/STM32CubeIDE_1.7.0/STM32CubeIDE/plugins/com.st.stm32cube.ide.mcu.externaltools.gnu-tools-for-stm32.12.3.rel1.win32_1.0.200.202406191623/tools/bin/../lib/gcc/arm-none-eabi/12.3.1/../../../../arm-none-eabi/lib/thumb/v7-m/nofp/crt0.o
LOAD ./Core/Src/button.o
LOAD ./Core/Src/fsm_automatic.o
LOAD ./Core/Src/fsm_manual.o
LOAD ./Core/Src/fsm_setting.o
LOAD ./Core/Src/global.o
LOAD ./Core/Src/led7_segment.o
LOAD ./Core/Src/main.o
LOAD ./Core/Src/stm32f1xx_hal_msp.o
LOAD ./Core/Src/stm32f1xx_it.o
LOAD ./Core/Src/syscalls.o
LOAD ./Core/Src/sysmem.o
LOAD ./Core/Src/system_stm32f1xx.o
LOAD ./Core/Src/timer.o
LOAD ./Core/Src/traffic_light.o
LOAD ./Core/Startup/startup_stm32f103c6ux.o
LOAD ./Drivers/STM32F1xx_HAL_Driver/Src/stm32f1xx_hal.o
LOAD ./Drivers/STM32F1xx_HAL_Driver/Src/stm32f1xx_hal_cortex.o
LOAD ./Drivers/STM32F1xx_HAL_Driver/Src/stm32f1xx_hal_dma.o
LOAD ./Drivers/STM32F1xx_HAL_Driver/Src/stm32f1xx_hal_exti.o
LOAD ./Drivers/STM32F1xx_HAL_Driver/Src/stm32f1xx_hal_flash.o
LOAD ./Drivers/STM32F1xx_HAL_Driver/Src/stm32f1xx_hal_flash_ex.o
LOAD ./Drivers/STM32F1xx_HAL_Driver/Src/stm32f1xx_hal_gpio.o
LOAD ./Drivers/STM32F1xx_HAL_Driver/Src/stm32f1xx_hal_gpio_ex.o
LOAD ./Drivers/STM32F1xx_HAL_Driver/Src/stm32f1xx_hal_pwr.o
LOAD ./Drivers/STM32F1xx_HAL_Driver/Src/stm32f1xx_hal_rcc.o
LOAD ./Drivers/STM32F1xx_HAL_Driver/Src/stm32f1xx_hal_rcc_ex.o
LOAD ./Drivers/STM32F1xx_HAL_Driver/Src/stm32f1xx_hal_tim.o
LOAD ./Drivers/STM32F1xx_HAL_Driver/Src/stm32f1xx_hal_tim_ex.o
START GROUP
LOAD C:/ST/STM32CubeIDE_1.7.0/STM32CubeIDE/plugins/com.st.stm32cube.ide.mcu.externaltools.gnu-tools-for-stm32.12.3.rel1.win32_1.0.200.202406191623/tools/bin/../lib/gcc/arm-none-eabi/12.3.1/../../../../arm-none-eabi/lib/thumb/v7-m/nofp\libc_nano.a
LOAD C:/ST/STM32CubeIDE_1.7.0/STM32CubeIDE/plugins/com.st.stm32cube.ide.mcu.externaltools.gnu-tools-for-stm32.12.3.rel1.win32_1.0.200.202406191623/tools/bin/../lib/gcc/arm-none-eabi/12.3.1/../../../../arm-none-eabi/lib/thumb/v7-m/nofp\libm.a
END GROUP
START GROUP
LOAD C:/ST/STM32CubeIDE_1.7.0/STM32CubeIDE/plugins/com.st.stm32cube.ide.mcu.externaltools.gnu-tools-for-stm32.12.3.rel1.win32_1.0.200.202406191623/tools/bin/../lib/gcc/arm-none-eabi/12.3.1/thumb/v7-m/nofp\libgcc.a
LOAD C:/ST/STM32CubeIDE_1.7.0/STM32CubeIDE/plugins/com.st.stm32cube.ide.mcu.externaltools.gnu-tools-for-stm32.12.3.rel1.win32_1.0.200.202406191623/tools/bin/../lib/gcc/arm-none-eabi/12.3.1/../../../../arm-none-eabi/lib/thumb/v7-m/nofp\libc_nano.a
END GROUP
START GROUP
LOAD C:/ST/STM32CubeIDE_1.7.0/STM32CubeIDE/plugins/com.st.stm32cube.ide.mcu.externaltools.gnu-tools-for-stm32.12.3.rel1.win32_1.0.200.202406191623/tools/bin/../lib/gcc/arm-none-eabi/12.3.1/thumb/v7-m/nofp\libgcc.a
LOAD C:/ST/STM32CubeIDE_1.7.0/STM32CubeIDE/plugins/com.st.stm32cube.ide.mcu.externaltools.gnu-tools-for-stm32.12.3.rel1.win32_1.0.200.202406191623/tools/bin/../lib/gcc/arm-none-eabi/12.3.1/../../../../arm-none-eabi/lib/thumb/v7-m/nofp\libc_nano.a
LOAD C:/ST/STM32CubeIDE_1.7.0/STM32CubeIDE/plugins/com.st.stm32cube.ide.mcu.externaltools.gnu-tools-for-stm32.12.3.rel1.win32_1.0.200.202406191623/tools/bin/../lib/gcc/arm-none-eabi/12.3.1/../../../../arm-none-eabi/lib/thumb/v7-m/nofp\libnosys.a
END GROUP
START GROUP
LOAD C:/ST/STM32CubeIDE_1.7.0/STM32CubeIDE/plugins/com.st.stm32cube.ide.mcu.externaltools.gnu-tools-for-stm32.12.3.rel1.win32_1.0.200.202406191623/tools/bin/../lib/gcc/arm-none-eabi/12.3.1/thumb/v7-m/nofp\libgcc.a
LOAD C:/ST/STM32CubeIDE_1.7.0/STM32CubeIDE/plugins/com.st.stm32cube.ide.mcu.externaltools.gnu-tools-for-stm32.12.3.rel1.win32_1.0.200.202406191623/tools/bin/../lib/gcc/arm-none-eabi/12.3.1/../../../../arm-none-eabi/lib/thumb/v7-m/nofp\libc_nano.a
LOAD C:/ST/STM32CubeIDE_1.7.0/STM32CubeIDE/plugins/com.st.stm32cube.ide.mcu.externaltools.gnu-tools-for-stm32.12.3.rel1.win32_1.0.200.202406191623/tools/bin/../lib/gcc/arm-none-eabi/12.3.1/../../../../arm-none-eabi/lib/thumb/v7-m/nofp\libnosys.a
END GROUP
LOAD C:/ST/STM32CubeIDE_1.7.0/STM32CubeIDE/plugins/com.st.stm32cube.ide.mcu.externaltools.gnu-tools-for-stm32.12.3.rel1.win32_1.0.200.202406191623/tools/bin/../lib/gcc/arm-none-eabi/12.3.1/thumb/v7-m/nofp/crtend.o
LOAD C:/ST/STM32CubeIDE_1.7.0/STM32CubeIDE/plugins/com.st.stm32cube.ide.mcu.externaltools.gnu-tools-for-stm32.12.3.rel1.win32_1.0.200.202406191623/tools/bin/../lib/gcc/arm-none-eabi/12.3.1/thumb/v7-m/nofp/crtn.o
                0x20002800                        _estack = (ORIGIN (RAM) + LENGTH (RAM))
                0x00000200                        _Min_Heap_Size = 0x200
                0x00000400                        _Min_Stack_Size = 0x400

.isr_vector     0x08000000      0x10c
                0x08000000                        . = ALIGN (0x4)
 *(.isr_vector)
 .isr_vector    0x08000000      0x10c ./Core/Startup/startup_stm32f103c6ux.o
                0x08000000                g_pfnVectors
                0x0800010c                        . = ALIGN (0x4)

.text           0x0800010c     0x220c
                0x0800010c                        . = ALIGN (0x4)
 *(.text)
 .text          0x0800010c       0x40 C:/ST/STM32CubeIDE_1.7.0/STM32CubeIDE/plugins/com.st.stm32cube.ide.mcu.externaltools.gnu-tools-for-stm32.12.3.rel1.win32_1.0.200.202406191623/tools/bin/../lib/gcc/arm-none-eabi/12.3.1/thumb/v7-m/nofp/crtbegin.o
 *(.text*)
 .text.isButtonPressed
                0x0800014c       0x34 ./Core/Src/button.o
                0x0800014c                isButtonPressed
 .text.subKeyProcess
                0x08000180       0x2c ./Core/Src/button.o
                0x08000180                subKeyProcess
 .text.getKeyInput
                0x080001ac       0xf4 ./Core/Src/button.o
                0x080001ac                getKeyInput
 .text.fsm_automatic_run
                0x080002a0      0x16c ./Core/Src/fsm_automatic.o
                0x080002a0                fsm_automatic_run
 .text.fsm_manual_run
                0x0800040c      0x108 ./Core/Src/fsm_manual.o
                0x0800040c                fsm_manual_run
 .text.fsm_setting
                0x08000514        0xc ./Core/Src/fsm_setting.o
                0x08000514                fsm_setting
 .text.display7SEG_MODE
                0x08000520      0x1e4 ./Core/Src/led7_segment.o
                0x08000520                display7SEG_MODE
 .text.main     0x08000704       0x38 ./Core/Src/main.o
                0x08000704                main
 .text.SystemClock_Config
                0x0800073c       0x76 ./Core/Src/main.o
                0x0800073c                SystemClock_Config
 *fill*         0x080007b2        0x2 
 .text.MX_TIM2_Init
                0x080007b4       0x98 ./Core/Src/main.o
 .text.MX_GPIO_Init
                0x0800084c       0xc4 ./Core/Src/main.o
 .text.HAL_TIM_PeriodElapsedCallback
                0x08000910       0x18 ./Core/Src/main.o
                0x08000910                HAL_TIM_PeriodElapsedCallback
 .text.Error_Handler
                0x08000928        0xc ./Core/Src/main.o
                0x08000928                Error_Handler
 .text.HAL_MspInit
                0x08000934       0x64 ./Core/Src/stm32f1xx_hal_msp.o
                0x08000934                HAL_MspInit
 .text.HAL_TIM_Base_MspInit
                0x08000998       0x48 ./Core/Src/stm32f1xx_hal_msp.o
                0x08000998                HAL_TIM_Base_MspInit
 .text.NMI_Handler
                0x080009e0        0x8 ./Core/Src/stm32f1xx_it.o
                0x080009e0                NMI_Handler
 .text.HardFault_Handler
                0x080009e8        0x8 ./Core/Src/stm32f1xx_it.o
                0x080009e8                HardFault_Handler
 .text.MemManage_Handler
                0x080009f0        0x8 ./Core/Src/stm32f1xx_it.o
                0x080009f0                MemManage_Handler
 .text.BusFault_Handler
                0x080009f8        0x8 ./Core/Src/stm32f1xx_it.o
                0x080009f8                BusFault_Handler
 .text.UsageFault_Handler
                0x08000a00        0x8 ./Core/Src/stm32f1xx_it.o
                0x08000a00                UsageFault_Handler
 .text.SVC_Handler
                0x08000a08        0xc ./Core/Src/stm32f1xx_it.o
                0x08000a08                SVC_Handler
 .text.DebugMon_Handler
                0x08000a14        0xc ./Core/Src/stm32f1xx_it.o
                0x08000a14                DebugMon_Handler
 .text.PendSV_Handler
                0x08000a20        0xc ./Core/Src/stm32f1xx_it.o
                0x08000a20                PendSV_Handler
 .text.SysTick_Handler
                0x08000a2c        0xc ./Core/Src/stm32f1xx_it.o
                0x08000a2c                SysTick_Handler
 .text.TIM2_IRQHandler
                0x08000a38       0x14 ./Core/Src/stm32f1xx_it.o
                0x08000a38                TIM2_IRQHandler
 .text.SystemInit
                0x08000a4c        0xc ./Core/Src/system_stm32f1xx.o
                0x08000a4c                SystemInit
 .text.setTimer
                0x08000a58       0x30 ./Core/Src/timer.o
                0x08000a58                setTimer
 .text.isTimerExpired
                0x08000a88       0x34 ./Core/Src/timer.o
                0x08000a88                isTimerExpired
 .text.timerRun
                0x08000abc       0x60 ./Core/Src/timer.o
                0x08000abc                timerRun
 .text.turnOff_LED
                0x08000b1c       0x50 ./Core/Src/traffic_light.o
                0x08000b1c                turnOff_LED
 .text.turnOn_RED1
                0x08000b6c       0x2c ./Core/Src/traffic_light.o
                0x08000b6c                turnOn_RED1
 .text.turnOn_GREEN1
                0x08000b98       0x2c ./Core/Src/traffic_light.o
                0x08000b98                turnOn_GREEN1
 .text.turnOn_YELLOW1
                0x08000bc4       0x2c ./Core/Src/traffic_light.o
                0x08000bc4                turnOn_YELLOW1
 .text.turnOn_RED2
                0x08000bf0       0x30 ./Core/Src/traffic_light.o
                0x08000bf0                turnOn_RED2
 .text.turnOn_GREEN2
                0x08000c20       0x30 ./Core/Src/traffic_light.o
                0x08000c20                turnOn_GREEN2
 .text.turnOn_YELLOW2
                0x08000c50       0x30 ./Core/Src/traffic_light.o
                0x08000c50                turnOn_YELLOW2
 .text.Reset_Handler
                0x08000c80       0x48 ./Core/Startup/startup_stm32f103c6ux.o
                0x08000c80                Reset_Handler
 .text.Default_Handler
                0x08000cc8        0x2 ./Core/Startup/startup_stm32f103c6ux.o
                0x08000cc8                RTC_Alarm_IRQHandler
                0x08000cc8                EXTI2_IRQHandler
                0x08000cc8                TIM1_CC_IRQHandler
                0x08000cc8                PVD_IRQHandler
                0x08000cc8                EXTI3_IRQHandler
                0x08000cc8                EXTI0_IRQHandler
                0x08000cc8                ADC1_2_IRQHandler
                0x08000cc8                SPI1_IRQHandler
                0x08000cc8                TAMPER_IRQHandler
                0x08000cc8                DMA1_Channel4_IRQHandler
                0x08000cc8                RTC_IRQHandler
                0x08000cc8                DMA1_Channel7_IRQHandler
                0x08000cc8                CAN1_RX1_IRQHandler
                0x08000cc8                I2C1_EV_IRQHandler
                0x08000cc8                DMA1_Channel6_IRQHandler
                0x08000cc8                TIM3_IRQHandler
                0x08000cc8                RCC_IRQHandler
                0x08000cc8                TIM1_TRG_COM_IRQHandler
                0x08000cc8                DMA1_Channel1_IRQHandler
                0x08000cc8                Default_Handler
                0x08000cc8                EXTI15_10_IRQHandler
                0x08000cc8                EXTI9_5_IRQHandler
                0x08000cc8                DMA1_Channel5_IRQHandler
                0x08000cc8                EXTI4_IRQHandler
                0x08000cc8                USB_LP_CAN1_RX0_IRQHandler
                0x08000cc8                USB_HP_CAN1_TX_IRQHandler
                0x08000cc8                DMA1_Channel3_IRQHandler
                0x08000cc8                TIM1_UP_IRQHandler
                0x08000cc8                WWDG_IRQHandler
                0x08000cc8                TIM1_BRK_IRQHandler
                0x08000cc8                EXTI1_IRQHandler
                0x08000cc8                USART2_IRQHandler
                0x08000cc8                DMA1_Channel2_IRQHandler
                0x08000cc8                CAN1_SCE_IRQHandler
                0x08000cc8                FLASH_IRQHandler
                0x08000cc8                USART1_IRQHandler
                0x08000cc8                I2C1_ER_IRQHandler
                0x08000cc8                USBWakeUp_IRQHandler
 *fill*         0x08000cca        0x2 
 .text.HAL_Init
                0x08000ccc       0x2c ./Drivers/STM32F1xx_HAL_Driver/Src/stm32f1xx_hal.o
                0x08000ccc                HAL_Init
 .text.HAL_InitTick
                0x08000cf8       0x60 ./Drivers/STM32F1xx_HAL_Driver/Src/stm32f1xx_hal.o
                0x08000cf8                HAL_InitTick
 .text.HAL_IncTick
                0x08000d58       0x24 ./Drivers/STM32F1xx_HAL_Driver/Src/stm32f1xx_hal.o
                0x08000d58                HAL_IncTick
 .text.HAL_GetTick
                0x08000d7c       0x14 ./Drivers/STM32F1xx_HAL_Driver/Src/stm32f1xx_hal.o
                0x08000d7c                HAL_GetTick
 .text.__NVIC_SetPriorityGrouping
                0x08000d90       0x48 ./Drivers/STM32F1xx_HAL_Driver/Src/stm32f1xx_hal_cortex.o
 .text.__NVIC_GetPriorityGrouping
                0x08000dd8       0x1c ./Drivers/STM32F1xx_HAL_Driver/Src/stm32f1xx_hal_cortex.o
 .text.__NVIC_EnableIRQ
                0x08000df4       0x38 ./Drivers/STM32F1xx_HAL_Driver/Src/stm32f1xx_hal_cortex.o
 .text.__NVIC_SetPriority
                0x08000e2c       0x54 ./Drivers/STM32F1xx_HAL_Driver/Src/stm32f1xx_hal_cortex.o
 .text.NVIC_EncodePriority
                0x08000e80       0x64 ./Drivers/STM32F1xx_HAL_Driver/Src/stm32f1xx_hal_cortex.o
 .text.SysTick_Config
                0x08000ee4       0x44 ./Drivers/STM32F1xx_HAL_Driver/Src/stm32f1xx_hal_cortex.o
 .text.HAL_NVIC_SetPriorityGrouping
                0x08000f28       0x16 ./Drivers/STM32F1xx_HAL_Driver/Src/stm32f1xx_hal_cortex.o
                0x08000f28                HAL_NVIC_SetPriorityGrouping
 .text.HAL_NVIC_SetPriority
                0x08000f3e       0x38 ./Drivers/STM32F1xx_HAL_Driver/Src/stm32f1xx_hal_cortex.o
                0x08000f3e                HAL_NVIC_SetPriority
 .text.HAL_NVIC_EnableIRQ
                0x08000f76       0x1c ./Drivers/STM32F1xx_HAL_Driver/Src/stm32f1xx_hal_cortex.o
                0x08000f76                HAL_NVIC_EnableIRQ
 .text.HAL_SYSTICK_Config
                0x08000f92       0x18 ./Drivers/STM32F1xx_HAL_Driver/Src/stm32f1xx_hal_cortex.o
                0x08000f92                HAL_SYSTICK_Config
 *fill*         0x08000faa        0x2 
 .text.HAL_GPIO_Init
                0x08000fac      0x2f8 ./Drivers/STM32F1xx_HAL_Driver/Src/stm32f1xx_hal_gpio.o
                0x08000fac                HAL_GPIO_Init
 .text.HAL_GPIO_ReadPin
                0x080012a4       0x2e ./Drivers/STM32F1xx_HAL_Driver/Src/stm32f1xx_hal_gpio.o
                0x080012a4                HAL_GPIO_ReadPin
 .text.HAL_GPIO_WritePin
                0x080012d2       0x30 ./Drivers/STM32F1xx_HAL_Driver/Src/stm32f1xx_hal_gpio.o
                0x080012d2                HAL_GPIO_WritePin
 .text.HAL_GPIO_TogglePin
                0x08001302       0x32 ./Drivers/STM32F1xx_HAL_Driver/Src/stm32f1xx_hal_gpio.o
                0x08001302                HAL_GPIO_TogglePin
 .text.HAL_RCC_OscConfig
                0x08001334      0x504 ./Drivers/STM32F1xx_HAL_Driver/Src/stm32f1xx_hal_rcc.o
                0x08001334                HAL_RCC_OscConfig
 .text.HAL_RCC_ClockConfig
                0x08001838      0x1d4 ./Drivers/STM32F1xx_HAL_Driver/Src/stm32f1xx_hal_rcc.o
                0x08001838                HAL_RCC_ClockConfig
 .text.HAL_RCC_GetSysClockFreq
                0x08001a0c       0xa8 ./Drivers/STM32F1xx_HAL_Driver/Src/stm32f1xx_hal_rcc.o
                0x08001a0c                HAL_RCC_GetSysClockFreq
 .text.RCC_Delay
                0x08001ab4       0x3c ./Drivers/STM32F1xx_HAL_Driver/Src/stm32f1xx_hal_rcc.o
 .text.HAL_TIM_Base_Init
                0x08001af0       0x9e ./Drivers/STM32F1xx_HAL_Driver/Src/stm32f1xx_hal_tim.o
                0x08001af0                HAL_TIM_Base_Init
 *fill*         0x08001b8e        0x2 
 .text.HAL_TIM_Base_Start_IT
                0x08001b90       0x98 ./Drivers/STM32F1xx_HAL_Driver/Src/stm32f1xx_hal_tim.o
                0x08001b90                HAL_TIM_Base_Start_IT
 .text.HAL_TIM_IRQHandler
                0x08001c28      0x1e0 ./Drivers/STM32F1xx_HAL_Driver/Src/stm32f1xx_hal_tim.o
                0x08001c28                HAL_TIM_IRQHandler
 .text.HAL_TIM_ConfigClockSource
                0x08001e08      0x18e ./Drivers/STM32F1xx_HAL_Driver/Src/stm32f1xx_hal_tim.o
                0x08001e08                HAL_TIM_ConfigClockSource
 .text.HAL_TIM_OC_DelayElapsedCallback
                0x08001f96       0x12 ./Drivers/STM32F1xx_HAL_Driver/Src/stm32f1xx_hal_tim.o
                0x08001f96                HAL_TIM_OC_DelayElapsedCallback
 .text.HAL_TIM_IC_CaptureCallback
                0x08001fa8       0x12 ./Drivers/STM32F1xx_HAL_Driver/Src/stm32f1xx_hal_tim.o
                0x08001fa8                HAL_TIM_IC_CaptureCallback
 .text.HAL_TIM_PWM_PulseFinishedCallback
                0x08001fba       0x12 ./Drivers/STM32F1xx_HAL_Driver/Src/stm32f1xx_hal_tim.o
                0x08001fba                HAL_TIM_PWM_PulseFinishedCallback
 .text.HAL_TIM_TriggerCallback
                0x08001fcc       0x12 ./Drivers/STM32F1xx_HAL_Driver/Src/stm32f1xx_hal_tim.o
                0x08001fcc                HAL_TIM_TriggerCallback
 *fill*         0x08001fde        0x2 
 .text.TIM_Base_SetConfig
                0x08001fe0       0xc8 ./Drivers/STM32F1xx_HAL_Driver/Src/stm32f1xx_hal_tim.o
                0x08001fe0                TIM_Base_SetConfig
 .text.TIM_TI1_ConfigInputStage
                0x080020a8       0x5c ./Drivers/STM32F1xx_HAL_Driver/Src/stm32f1xx_hal_tim.o
 .text.TIM_TI2_ConfigInputStage
                0x08002104       0x5e ./Drivers/STM32F1xx_HAL_Driver/Src/stm32f1xx_hal_tim.o
 .text.TIM_ITRx_SetConfig
                0x08002162       0x34 ./Drivers/STM32F1xx_HAL_Driver/Src/stm32f1xx_hal_tim.o
 .text.TIM_ETR_SetConfig
                0x08002196       0x3e ./Drivers/STM32F1xx_HAL_Driver/Src/stm32f1xx_hal_tim.o
                0x08002196                TIM_ETR_SetConfig
 .text.HAL_TIMEx_MasterConfigSynchronization
                0x080021d4       0xb0 ./Drivers/STM32F1xx_HAL_Driver/Src/stm32f1xx_hal_tim_ex.o
                0x080021d4                HAL_TIMEx_MasterConfigSynchronization
 .text.HAL_TIMEx_CommutCallback
                0x08002284       0x12 ./Drivers/STM32F1xx_HAL_Driver/Src/stm32f1xx_hal_tim_ex.o
                0x08002284                HAL_TIMEx_CommutCallback
 .text.HAL_TIMEx_BreakCallback
                0x08002296       0x12 ./Drivers/STM32F1xx_HAL_Driver/Src/stm32f1xx_hal_tim_ex.o
                0x08002296                HAL_TIMEx_BreakCallback
 .text.memset   0x080022a8       0x10 C:/ST/STM32CubeIDE_1.7.0/STM32CubeIDE/plugins/com.st.stm32cube.ide.mcu.externaltools.gnu-tools-for-stm32.12.3.rel1.win32_1.0.200.202406191623/tools/bin/../lib/gcc/arm-none-eabi/12.3.1/../../../../arm-none-eabi/lib/thumb/v7-m/nofp\libc_nano.a(libc_a-memset.o)
                0x080022a8                memset
 .text.__libc_init_array
                0x080022b8       0x48 C:/ST/STM32CubeIDE_1.7.0/STM32CubeIDE/plugins/com.st.stm32cube.ide.mcu.externaltools.gnu-tools-for-stm32.12.3.rel1.win32_1.0.200.202406191623/tools/bin/../lib/gcc/arm-none-eabi/12.3.1/../../../../arm-none-eabi/lib/thumb/v7-m/nofp\libc_nano.a(libc_a-init.o)
                0x080022b8                __libc_init_array
 *(.glue_7)
 .glue_7        0x08002300        0x0 linker stubs
 *(.glue_7t)
 .glue_7t       0x08002300        0x0 linker stubs
 *(.eh_frame)
 .eh_frame      0x08002300        0x0 C:/ST/STM32CubeIDE_1.7.0/STM32CubeIDE/plugins/com.st.stm32cube.ide.mcu.externaltools.gnu-tools-for-stm32.12.3.rel1.win32_1.0.200.202406191623/tools/bin/../lib/gcc/arm-none-eabi/12.3.1/thumb/v7-m/nofp/crtbegin.o
 *(.init)
 .init          0x08002300        0x4 C:/ST/STM32CubeIDE_1.7.0/STM32CubeIDE/plugins/com.st.stm32cube.ide.mcu.externaltools.gnu-tools-for-stm32.12.3.rel1.win32_1.0.200.202406191623/tools/bin/../lib/gcc/arm-none-eabi/12.3.1/thumb/v7-m/nofp/crti.o
                0x08002300                _init
 .init          0x08002304        0x8 C:/ST/STM32CubeIDE_1.7.0/STM32CubeIDE/plugins/com.st.stm32cube.ide.mcu.externaltools.gnu-tools-for-stm32.12.3.rel1.win32_1.0.200.202406191623/tools/bin/../lib/gcc/arm-none-eabi/12.3.1/thumb/v7-m/nofp/crtn.o
 *(.fini)
 .fini          0x0800230c        0x4 C:/ST/STM32CubeIDE_1.7.0/STM32CubeIDE/plugins/com.st.stm32cube.ide.mcu.externaltools.gnu-tools-for-stm32.12.3.rel1.win32_1.0.200.202406191623/tools/bin/../lib/gcc/arm-none-eabi/12.3.1/thumb/v7-m/nofp/crti.o
                0x0800230c                _fini
 .fini          0x08002310        0x8 C:/ST/STM32CubeIDE_1.7.0/STM32CubeIDE/plugins/com.st.stm32cube.ide.mcu.externaltools.gnu-tools-for-stm32.12.3.rel1.win32_1.0.200.202406191623/tools/bin/../lib/gcc/arm-none-eabi/12.3.1/thumb/v7-m/nofp/crtn.o
                0x08002318                        . = ALIGN (0x4)
                0x08002318                        _etext = .

.vfp11_veneer   0x08002318        0x0
 .vfp11_veneer  0x08002318        0x0 linker stubs

.v4_bx          0x08002318        0x0
 .v4_bx         0x08002318        0x0 linker stubs

.iplt           0x08002318        0x0
 .iplt          0x08002318        0x0 C:/ST/STM32CubeIDE_1.7.0/STM32CubeIDE/plugins/com.st.stm32cube.ide.mcu.externaltools.gnu-tools-for-stm32.12.3.rel1.win32_1.0.200.202406191623/tools/bin/../lib/gcc/arm-none-eabi/12.3.1/thumb/v7-m/nofp/crtbegin.o

.rodata         0x08002318       0x24
                0x08002318                        . = ALIGN (0x4)
 *(.rodata)
 *(.rodata*)
 .rodata.AHBPrescTable
                0x08002318       0x10 ./Core/Src/system_stm32f1xx.o
                0x08002318                AHBPrescTable
 .rodata.aPLLMULFactorTable.1
                0x08002328       0x10 ./Drivers/STM32F1xx_HAL_Driver/Src/stm32f1xx_hal_rcc.o
 .rodata.aPredivFactorTable.0
                0x08002338        0x2 ./Drivers/STM32F1xx_HAL_Driver/Src/stm32f1xx_hal_rcc.o
                0x0800233c                        . = ALIGN (0x4)
 *fill*         0x0800233a        0x2 

.ARM.extab      0x0800233c        0x0
                0x0800233c                        . = ALIGN (0x4)
 *(.ARM.extab* .gnu.linkonce.armextab.*)
                0x0800233c                        . = ALIGN (0x4)

.ARM            0x0800233c        0x0
                0x0800233c                        . = ALIGN (0x4)
                0x0800233c                        __exidx_start = .
 *(.ARM.exidx*)
                0x0800233c                        __exidx_end = .
                0x0800233c                        . = ALIGN (0x4)

.preinit_array  0x0800233c        0x0
                0x0800233c                        . = ALIGN (0x4)
                0x0800233c                        PROVIDE (__preinit_array_start = .)
 *(.preinit_array*)
                0x0800233c                        PROVIDE (__preinit_array_end = .)
                0x0800233c                        . = ALIGN (0x4)

.init_array     0x0800233c        0x4
                0x0800233c                        . = ALIGN (0x4)
                0x0800233c                        PROVIDE (__init_array_start = .)
 *(SORT_BY_NAME(.init_array.*))
 *(.init_array*)
 .init_array    0x0800233c        0x4 C:/ST/STM32CubeIDE_1.7.0/STM32CubeIDE/plugins/com.st.stm32cube.ide.mcu.externaltools.gnu-tools-for-stm32.12.3.rel1.win32_1.0.200.202406191623/tools/bin/../lib/gcc/arm-none-eabi/12.3.1/thumb/v7-m/nofp/crtbegin.o
                0x08002340                        PROVIDE (__init_array_end = .)
                0x08002340                        . = ALIGN (0x4)

.fini_array     0x08002340        0x4
                0x08002340                        . = ALIGN (0x4)
                [!provide]                        PROVIDE (__fini_array_start = .)
 *(SORT_BY_NAME(.fini_array.*))
 *(.fini_array*)
 .fini_array    0x08002340        0x4 C:/ST/STM32CubeIDE_1.7.0/STM32CubeIDE/plugins/com.st.stm32cube.ide.mcu.externaltools.gnu-tools-for-stm32.12.3.rel1.win32_1.0.200.202406191623/tools/bin/../lib/gcc/arm-none-eabi/12.3.1/thumb/v7-m/nofp/crtbegin.o
                [!provide]                        PROVIDE (__fini_array_end = .)
                0x08002344                        . = ALIGN (0x4)
                0x08002344                        _sidata = LOADADDR (.data)

.rel.dyn        0x08002344        0x0
 .rel.iplt      0x08002344        0x0 C:/ST/STM32CubeIDE_1.7.0/STM32CubeIDE/plugins/com.st.stm32cube.ide.mcu.externaltools.gnu-tools-for-stm32.12.3.rel1.win32_1.0.200.202406191623/tools/bin/../lib/gcc/arm-none-eabi/12.3.1/thumb/v7-m/nofp/crtbegin.o

.data           0x20000000       0x10 load address 0x08002344
                0x20000000                        . = ALIGN (0x4)
                0x20000000                        _sdata = .
 *(.data)
 *(.data*)
 .data.TimerForKeyPress
                0x20000000        0x4 ./Core/Src/button.o
                0x20000000                TimerForKeyPress
 .data.SystemCoreClock
                0x20000004        0x4 ./Core/Src/system_stm32f1xx.o
                0x20000004                SystemCoreClock
 .data.uwTickPrio
                0x20000008        0x4 ./Drivers/STM32F1xx_HAL_Driver/Src/stm32f1xx_hal.o
                0x20000008                uwTickPrio
 .data.uwTickFreq
                0x2000000c        0x1 ./Drivers/STM32F1xx_HAL_Driver/Src/stm32f1xx_hal.o
                0x2000000c                uwTickFreq
 *(.RamFunc)
 *(.RamFunc*)
                0x20000010                        . = ALIGN (0x4)
 *fill*         0x2000000d        0x3 
                0x20000010                        _edata = .

.igot.plt       0x20000010        0x0 load address 0x08002354
 .igot.plt      0x20000010        0x0 C:/ST/STM32CubeIDE_1.7.0/STM32CubeIDE/plugins/com.st.stm32cube.ide.mcu.externaltools.gnu-tools-for-stm32.12.3.rel1.win32_1.0.200.202406191623/tools/bin/../lib/gcc/arm-none-eabi/12.3.1/thumb/v7-m/nofp/crtbegin.o
                0x20000010                        . = ALIGN (0x4)

.bss            0x20000010      0x184 load address 0x08002354
                0x20000010                        _sbss = .
                0x20000010                        __bss_start__ = _sbss
 *(.bss)
 .bss           0x20000010       0x1c C:/ST/STM32CubeIDE_1.7.0/STM32CubeIDE/plugins/com.st.stm32cube.ide.mcu.externaltools.gnu-tools-for-stm32.12.3.rel1.win32_1.0.200.202406191623/tools/bin/../lib/gcc/arm-none-eabi/12.3.1/thumb/v7-m/nofp/crtbegin.o
 *(.bss*)
 .bss.KeyReg0   0x2000002c       0x28 ./Core/Src/button.o
                0x2000002c                KeyReg0
 .bss.KeyReg1   0x20000054       0x28 ./Core/Src/button.o
                0x20000054                KeyReg1
 .bss.KeyReg2   0x2000007c       0x28 ./Core/Src/button.o
                0x2000007c                KeyReg2
 .bss.KeyReg3   0x200000a4       0x28 ./Core/Src/button.o
                0x200000a4                KeyReg3
 .bss.button_flag
                0x200000cc       0x28 ./Core/Src/button.o
                0x200000cc                button_flag
 .bss.status    0x200000f4        0x4 ./Core/Src/global.o
                0x200000f4                status
 .bss.htim2     0x200000f8       0x48 ./Core/Src/main.o
                0x200000f8                htim2
 .bss.timer_counter
                0x20000140       0x28 ./Core/Src/timer.o
                0x20000140                timer_counter
 .bss.timer_flag
                0x20000168       0x28 ./Core/Src/timer.o
                0x20000168                timer_flag
 .bss.uwTick    0x20000190        0x4 ./Drivers/STM32F1xx_HAL_Driver/Src/stm32f1xx_hal.o
                0x20000190                uwTick
 *(COMMON)
                0x20000194                        . = ALIGN (0x4)
                0x20000194                        _ebss = .
                0x20000194                        __bss_end__ = _ebss

._user_heap_stack
                0x20000194      0x604 load address 0x08002354
                0x20000198                        . = ALIGN (0x8)
 *fill*         0x20000194        0x4 
                [!provide]                        PROVIDE (end = .)
                0x20000198                        PROVIDE (_end = .)
                0x20000398                        . = (. + _Min_Heap_Size)
 *fill*         0x20000198      0x200 
                0x20000798                        . = (. + _Min_Stack_Size)
 *fill*         0x20000398      0x400 
                0x20000798                        . = ALIGN (0x8)

/DISCARD/
 libc.a(*)
 libm.a(*)
 libgcc.a(*)

.ARM.attributes
                0x00000000       0x29
 *(.ARM.attributes)
 .ARM.attributes
                0x00000000       0x1d C:/ST/STM32CubeIDE_1.7.0/STM32CubeIDE/plugins/com.st.stm32cube.ide.mcu.externaltools.gnu-tools-for-stm32.12.3.rel1.win32_1.0.200.202406191623/tools/bin/../lib/gcc/arm-none-eabi/12.3.1/thumb/v7-m/nofp/crti.o
 .ARM.attributes
                0x0000001d       0x2d C:/ST/STM32CubeIDE_1.7.0/STM32CubeIDE/plugins/com.st.stm32cube.ide.mcu.externaltools.gnu-tools-for-stm32.12.3.rel1.win32_1.0.200.202406191623/tools/bin/../lib/gcc/arm-none-eabi/12.3.1/thumb/v7-m/nofp/crtbegin.o
 .ARM.attributes
                0x0000004a       0x2d ./Core/Src/button.o
 .ARM.attributes
                0x00000077       0x2d ./Core/Src/fsm_automatic.o
 .ARM.attributes
                0x000000a4       0x2d ./Core/Src/fsm_manual.o
 .ARM.attributes
                0x000000d1       0x2d ./Core/Src/fsm_setting.o
 .ARM.attributes
                0x000000fe       0x2d ./Core/Src/global.o
 .ARM.attributes
                0x0000012b       0x2d ./Core/Src/led7_segment.o
 .ARM.attributes
                0x00000158       0x2d ./Core/Src/main.o
 .ARM.attributes
                0x00000185       0x2d ./Core/Src/stm32f1xx_hal_msp.o
 .ARM.attributes
                0x000001b2       0x2d ./Core/Src/stm32f1xx_it.o
 .ARM.attributes
                0x000001df       0x2d ./Core/Src/system_stm32f1xx.o
 .ARM.attributes
                0x0000020c       0x2d ./Core/Src/timer.o
 .ARM.attributes
                0x00000239       0x2d ./Core/Src/traffic_light.o
 .ARM.attributes
                0x00000266       0x21 ./Core/Startup/startup_stm32f103c6ux.o
 .ARM.attributes
                0x00000287       0x2d ./Drivers/STM32F1xx_HAL_Driver/Src/stm32f1xx_hal.o
 .ARM.attributes
                0x000002b4       0x2d ./Drivers/STM32F1xx_HAL_Driver/Src/stm32f1xx_hal_cortex.o
 .ARM.attributes
                0x000002e1       0x2d ./Drivers/STM32F1xx_HAL_Driver/Src/stm32f1xx_hal_gpio.o
 .ARM.attributes
                0x0000030e       0x2d ./Drivers/STM32F1xx_HAL_Driver/Src/stm32f1xx_hal_rcc.o
 .ARM.attributes
                0x0000033b       0x2d ./Drivers/STM32F1xx_HAL_Driver/Src/stm32f1xx_hal_tim.o
 .ARM.attributes
                0x00000368       0x2d ./Drivers/STM32F1xx_HAL_Driver/Src/stm32f1xx_hal_tim_ex.o
 .ARM.attributes
                0x00000395       0x2d C:/ST/STM32CubeIDE_1.7.0/STM32CubeIDE/plugins/com.st.stm32cube.ide.mcu.externaltools.gnu-tools-for-stm32.12.3.rel1.win32_1.0.200.202406191623/tools/bin/../lib/gcc/arm-none-eabi/12.3.1/../../../../arm-none-eabi/lib/thumb/v7-m/nofp\libc_nano.a(libc_a-memset.o)
 .ARM.attributes
                0x000003c2       0x2d C:/ST/STM32CubeIDE_1.7.0/STM32CubeIDE/plugins/com.st.stm32cube.ide.mcu.externaltools.gnu-tools-for-stm32.12.3.rel1.win32_1.0.200.202406191623/tools/bin/../lib/gcc/arm-none-eabi/12.3.1/../../../../arm-none-eabi/lib/thumb/v7-m/nofp\libc_nano.a(libc_a-init.o)
 .ARM.attributes
                0x000003ef       0x1d C:/ST/STM32CubeIDE_1.7.0/STM32CubeIDE/plugins/com.st.stm32cube.ide.mcu.externaltools.gnu-tools-for-stm32.12.3.rel1.win32_1.0.200.202406191623/tools/bin/../lib/gcc/arm-none-eabi/12.3.1/thumb/v7-m/nofp/crtn.o
OUTPUT(LAB3_Exercise.elf elf32-littlearm)
LOAD linker stubs
LOAD C:/ST/STM32CubeIDE_1.7.0/STM32CubeIDE/plugins/com.st.stm32cube.ide.mcu.externaltools.gnu-tools-for-stm32.12.3.rel1.win32_1.0.200.202406191623/tools/bin/../lib/gcc/arm-none-eabi/12.3.1/../../../../arm-none-eabi/lib/thumb/v7-m/nofp\libc.a
LOAD C:/ST/STM32CubeIDE_1.7.0/STM32CubeIDE/plugins/com.st.stm32cube.ide.mcu.externaltools.gnu-tools-for-stm32.12.3.rel1.win32_1.0.200.202406191623/tools/bin/../lib/gcc/arm-none-eabi/12.3.1/../../../../arm-none-eabi/lib/thumb/v7-m/nofp\libm.a
LOAD C:/ST/STM32CubeIDE_1.7.0/STM32CubeIDE/plugins/com.st.stm32cube.ide.mcu.externaltools.gnu-tools-for-stm32.12.3.rel1.win32_1.0.200.202406191623/tools/bin/../lib/gcc/arm-none-eabi/12.3.1/thumb/v7-m/nofp\libgcc.a

.debug_info     0x00000000     0x8685
 .debug_info    0x00000000      0x29f ./Core/Src/button.o
 .debug_info    0x0000029f      0x20d ./Core/Src/fsm_automatic.o
 .debug_info    0x000004ac      0x12f ./Core/Src/fsm_manual.o
 .debug_info    0x000005db       0xa4 ./Core/Src/fsm_setting.o
 .debug_info    0x0000067f       0x8a ./Core/Src/global.o
 .debug_info    0x00000709      0x1e5 ./Core/Src/led7_segment.o
 .debug_info    0x000008ee      0xba5 ./Core/Src/main.o
 .debug_info    0x00001493      0x91a ./Core/Src/stm32f1xx_hal_msp.o
 .debug_info    0x00001dad      0x6a1 ./Core/Src/stm32f1xx_it.o
 .debug_info    0x0000244e      0x222 ./Core/Src/system_stm32f1xx.o
 .debug_info    0x00002670      0x150 ./Core/Src/timer.o
 .debug_info    0x000027c0      0x1d2 ./Core/Src/traffic_light.o
 .debug_info    0x00002992       0x30 ./Core/Startup/startup_stm32f103c6ux.o
 .debug_info    0x000029c2      0x6e6 ./Drivers/STM32F1xx_HAL_Driver/Src/stm32f1xx_hal.o
 .debug_info    0x000030a8      0xa69 ./Drivers/STM32F1xx_HAL_Driver/Src/stm32f1xx_hal_cortex.o
 .debug_info    0x00003b11      0x5ab ./Drivers/STM32F1xx_HAL_Driver/Src/stm32f1xx_hal_gpio.o
 .debug_info    0x000040bc      0x7d5 ./Drivers/STM32F1xx_HAL_Driver/Src/stm32f1xx_hal_rcc.o
 .debug_info    0x00004891     0x2959 ./Drivers/STM32F1xx_HAL_Driver/Src/stm32f1xx_hal_tim.o
 .debug_info    0x000071ea     0x149b ./Drivers/STM32F1xx_HAL_Driver/Src/stm32f1xx_hal_tim_ex.o

.debug_abbrev   0x00000000     0x1cef
 .debug_abbrev  0x00000000      0x1ab ./Core/Src/button.o
 .debug_abbrev  0x000001ab      0x117 ./Core/Src/fsm_automatic.o
 .debug_abbrev  0x000002c2       0xa5 ./Core/Src/fsm_manual.o
 .debug_abbrev  0x00000367       0x65 ./Core/Src/fsm_setting.o
 .debug_abbrev  0x000003cc       0x4a ./Core/Src/global.o
 .debug_abbrev  0x00000416      0x145 ./Core/Src/led7_segment.o
 .debug_abbrev  0x0000055b      0x2b1 ./Core/Src/main.o
 .debug_abbrev  0x0000080c      0x1ad ./Core/Src/stm32f1xx_hal_msp.o
 .debug_abbrev  0x000009b9      0x191 ./Core/Src/stm32f1xx_it.o
 .debug_abbrev  0x00000b4a      0x13f ./Core/Src/system_stm32f1xx.o
 .debug_abbrev  0x00000c89       0xf3 ./Core/Src/timer.o
 .debug_abbrev  0x00000d7c       0xe0 ./Core/Src/traffic_light.o
 .debug_abbrev  0x00000e5c       0x24 ./Core/Startup/startup_stm32f103c6ux.o
 .debug_abbrev  0x00000e80      0x201 ./Drivers/STM32F1xx_HAL_Driver/Src/stm32f1xx_hal.o
 .debug_abbrev  0x00001081      0x2f8 ./Drivers/STM32F1xx_HAL_Driver/Src/stm32f1xx_hal_cortex.o
 .debug_abbrev  0x00001379      0x1ca ./Drivers/STM32F1xx_HAL_Driver/Src/stm32f1xx_hal_gpio.o
 .debug_abbrev  0x00001543      0x2b3 ./Drivers/STM32F1xx_HAL_Driver/Src/stm32f1xx_hal_rcc.o
 .debug_abbrev  0x000017f6      0x277 ./Drivers/STM32F1xx_HAL_Driver/Src/stm32f1xx_hal_tim.o
 .debug_abbrev  0x00001a6d      0x282 ./Drivers/STM32F1xx_HAL_Driver/Src/stm32f1xx_hal_tim_ex.o

.debug_aranges  0x00000000      0xa88
 .debug_aranges
                0x00000000       0x30 ./Core/Src/button.o
 .debug_aranges
                0x00000030       0x20 ./Core/Src/fsm_automatic.o
 .debug_aranges
                0x00000050       0x20 ./Core/Src/fsm_manual.o
 .debug_aranges
                0x00000070       0x20 ./Core/Src/fsm_setting.o
 .debug_aranges
                0x00000090       0x18 ./Core/Src/global.o
 .debug_aranges
                0x000000a8       0x30 ./Core/Src/led7_segment.o
 .debug_aranges
                0x000000d8       0x48 ./Core/Src/main.o
 .debug_aranges
                0x00000120       0x30 ./Core/Src/stm32f1xx_hal_msp.o
 .debug_aranges
                0x00000150       0x68 ./Core/Src/stm32f1xx_it.o
 .debug_aranges
                0x000001b8       0x28 ./Core/Src/system_stm32f1xx.o
 .debug_aranges
                0x000001e0       0x30 ./Core/Src/timer.o
 .debug_aranges
                0x00000210       0x50 ./Core/Src/traffic_light.o
 .debug_aranges
                0x00000260       0x28 ./Core/Startup/startup_stm32f103c6ux.o
 .debug_aranges
                0x00000288       0xe0 ./Drivers/STM32F1xx_HAL_Driver/Src/stm32f1xx_hal.o
 .debug_aranges
                0x00000368      0x100 ./Drivers/STM32F1xx_HAL_Driver/Src/stm32f1xx_hal_cortex.o
 .debug_aranges
                0x00000468       0x58 ./Drivers/STM32F1xx_HAL_Driver/Src/stm32f1xx_hal_gpio.o
 .debug_aranges
                0x000004c0       0x90 ./Drivers/STM32F1xx_HAL_Driver/Src/stm32f1xx_hal_rcc.o
 .debug_aranges
                0x00000550      0x3d0 ./Drivers/STM32F1xx_HAL_Driver/Src/stm32f1xx_hal_tim.o
 .debug_aranges
                0x00000920      0x168 ./Drivers/STM32F1xx_HAL_Driver/Src/stm32f1xx_hal_tim_ex.o

.debug_rnglists
                0x00000000      0x7e9
 .debug_rnglists
                0x00000000       0x20 ./Core/Src/button.o
 .debug_rnglists
                0x00000020       0x14 ./Core/Src/fsm_automatic.o
 .debug_rnglists
                0x00000034       0x14 ./Core/Src/fsm_manual.o
 .debug_rnglists
                0x00000048       0x13 ./Core/Src/fsm_setting.o
 .debug_rnglists
                0x0000005b       0x22 ./Core/Src/led7_segment.o
 .debug_rnglists
                0x0000007d       0x33 ./Core/Src/main.o
 .debug_rnglists
                0x000000b0       0x1f ./Core/Src/stm32f1xx_hal_msp.o
 .debug_rnglists
                0x000000cf       0x49 ./Core/Src/stm32f1xx_it.o
 .debug_rnglists
                0x00000118       0x1a ./Core/Src/system_stm32f1xx.o
 .debug_rnglists
                0x00000132       0x1f ./Core/Src/timer.o
 .debug_rnglists
                0x00000151       0x37 ./Core/Src/traffic_light.o
 .debug_rnglists
                0x00000188       0x19 ./Core/Startup/startup_stm32f103c6ux.o
 .debug_rnglists
                0x000001a1       0xa3 ./Drivers/STM32F1xx_HAL_Driver/Src/stm32f1xx_hal.o
 .debug_rnglists
                0x00000244       0xbb ./Drivers/STM32F1xx_HAL_Driver/Src/stm32f1xx_hal_cortex.o
 .debug_rnglists
                0x000002ff       0x3f ./Drivers/STM32F1xx_HAL_Driver/Src/stm32f1xx_hal_gpio.o
 .debug_rnglists
                0x0000033e       0x6c ./Drivers/STM32F1xx_HAL_Driver/Src/stm32f1xx_hal_rcc.o
 .debug_rnglists
                0x000003aa      0x31a ./Drivers/STM32F1xx_HAL_Driver/Src/stm32f1xx_hal_tim.o
 .debug_rnglists
                0x000006c4      0x125 ./Drivers/STM32F1xx_HAL_Driver/Src/stm32f1xx_hal_tim_ex.o

.debug_macro    0x00000000    0x173db
 .debug_macro   0x00000000      0x1ff ./Core/Src/button.o
 .debug_macro   0x000001ff      0xaa8 ./Core/Src/button.o
 .debug_macro   0x00000ca7      0x215 ./Core/Src/button.o
 .debug_macro   0x00000ebc       0x2e ./Core/Src/button.o
 .debug_macro   0x00000eea       0x22 ./Core/Src/button.o
 .debug_macro   0x00000f0c       0x22 ./Core/Src/button.o
 .debug_macro   0x00000f2e       0x8e ./Core/Src/button.o
 .debug_macro   0x00000fbc       0x51 ./Core/Src/button.o
 .debug_macro   0x0000100d      0x103 ./Core/Src/button.o
 .debug_macro   0x00001110       0x6a ./Core/Src/button.o
 .debug_macro   0x0000117a      0x1df ./Core/Src/button.o
 .debug_macro   0x00001359       0x1c ./Core/Src/button.o
 .debug_macro   0x00001375       0x22 ./Core/Src/button.o
 .debug_macro   0x00001397       0xbd ./Core/Src/button.o
 .debug_macro   0x00001454      0xd23 ./Core/Src/button.o
 .debug_macro   0x00002177     0xde75 ./Core/Src/button.o
 .debug_macro   0x0000ffec       0x6d ./Core/Src/button.o
 .debug_macro   0x00010059     0x34a2 ./Core/Src/button.o
 .debug_macro   0x000134fb      0x189 ./Core/Src/button.o
 .debug_macro   0x00013684       0x5c ./Core/Src/button.o
 .debug_macro   0x000136e0      0x5bc ./Core/Src/button.o
 .debug_macro   0x00013c9c      0x1b7 ./Core/Src/button.o
 .debug_macro   0x00013e53      0x1cb ./Core/Src/button.o
 .debug_macro   0x0001401e      0x114 ./Core/Src/button.o
 .debug_macro   0x00014132      0x1b2 ./Core/Src/button.o
 .debug_macro   0x000142e4       0x27 ./Core/Src/button.o
 .debug_macro   0x0001430b      0x12f ./Core/Src/button.o
 .debug_macro   0x0001443a      0x1bc ./Core/Src/button.o
 .debug_macro   0x000145f6       0x34 ./Core/Src/button.o
 .debug_macro   0x0001462a       0x3c ./Core/Src/button.o
 .debug_macro   0x00014666       0x57 ./Core/Src/button.o
 .debug_macro   0x000146bd       0x87 ./Core/Src/button.o
 .debug_macro   0x00014744      0x183 ./Core/Src/button.o
 .debug_macro   0x000148c7      0x140 ./Core/Src/button.o
 .debug_macro   0x00014a07      0x8ed ./Core/Src/button.o
 .debug_macro   0x000152f4       0x69 ./Core/Src/button.o
 .debug_macro   0x0001535d      0x184 ./Core/Src/button.o
 .debug_macro   0x000154e1       0x40 ./Core/Src/button.o
 .debug_macro   0x00015521      0x1f9 ./Core/Src/fsm_automatic.o
 .debug_macro   0x0001571a      0x1f9 ./Core/Src/fsm_manual.o
 .debug_macro   0x00015913      0x1ff ./Core/Src/fsm_setting.o
 .debug_macro   0x00015b12      0x1f5 ./Core/Src/global.o
 .debug_macro   0x00015d07      0x1f9 ./Core/Src/led7_segment.o
 .debug_macro   0x00015f00      0x213 ./Core/Src/main.o
 .debug_macro   0x00016113      0x1a6 ./Core/Src/stm32f1xx_hal_msp.o
 .debug_macro   0x000162b9      0x1b0 ./Core/Src/stm32f1xx_it.o
 .debug_macro   0x00016469      0x197 ./Core/Src/system_stm32f1xx.o
 .debug_macro   0x00016600      0x1b6 ./Core/Src/timer.o
 .debug_macro   0x000167b6      0x1f9 ./Core/Src/traffic_light.o
 .debug_macro   0x000169af      0x1bb ./Drivers/STM32F1xx_HAL_Driver/Src/stm32f1xx_hal.o
 .debug_macro   0x00016b6a      0x197 ./Drivers/STM32F1xx_HAL_Driver/Src/stm32f1xx_hal_cortex.o
 .debug_macro   0x00016d01      0x202 ./Drivers/STM32F1xx_HAL_Driver/Src/stm32f1xx_hal_gpio.o
 .debug_macro   0x00016f03      0x1a9 ./Drivers/STM32F1xx_HAL_Driver/Src/stm32f1xx_hal_rcc.o
 .debug_macro   0x000170ac      0x198 ./Drivers/STM32F1xx_HAL_Driver/Src/stm32f1xx_hal_tim.o
 .debug_macro   0x00017244      0x197 ./Drivers/STM32F1xx_HAL_Driver/Src/stm32f1xx_hal_tim_ex.o

.debug_line     0x00000000     0xd6d6
 .debug_line    0x00000000      0x7f0 ./Core/Src/button.o
 .debug_line    0x000007f0      0x7d8 ./Core/Src/fsm_automatic.o
 .debug_line    0x00000fc8      0x7b4 ./Core/Src/fsm_manual.o
 .debug_line    0x0000177c      0x758 ./Core/Src/fsm_setting.o
 .debug_line    0x00001ed4      0x730 ./Core/Src/global.o
 .debug_line    0x00002604      0x85d ./Core/Src/led7_segment.o
 .debug_line    0x00002e61      0x890 ./Core/Src/main.o
 .debug_line    0x000036f1      0x725 ./Core/Src/stm32f1xx_hal_msp.o
 .debug_line    0x00003e16      0x7c3 ./Core/Src/stm32f1xx_it.o
 .debug_line    0x000045d9      0x767 ./Core/Src/system_stm32f1xx.o
 .debug_line    0x00004d40      0x74b ./Core/Src/timer.o
 .debug_line    0x0000548b      0x7e7 ./Core/Src/traffic_light.o
 .debug_line    0x00005c72       0x78 ./Core/Startup/startup_stm32f103c6ux.o
 .debug_line    0x00005cea      0x994 ./Drivers/STM32F1xx_HAL_Driver/Src/stm32f1xx_hal.o
 .debug_line    0x0000667e      0xb80 ./Drivers/STM32F1xx_HAL_Driver/Src/stm32f1xx_hal_cortex.o
 .debug_line    0x000071fe      0xa18 ./Drivers/STM32F1xx_HAL_Driver/Src/stm32f1xx_hal_gpio.o
 .debug_line    0x00007c16      0xd9d ./Drivers/STM32F1xx_HAL_Driver/Src/stm32f1xx_hal_rcc.o
 .debug_line    0x000089b3     0x3470 ./Drivers/STM32F1xx_HAL_Driver/Src/stm32f1xx_hal_tim.o
 .debug_line    0x0000be23     0x18b3 ./Drivers/STM32F1xx_HAL_Driver/Src/stm32f1xx_hal_tim_ex.o

.debug_str      0x00000000    0x826b6
 .debug_str     0x00000000    0x7fb02 ./Core/Src/button.o
                              0x7fe45 (size before relaxing)
 .debug_str     0x0007fb02       0xc0 ./Core/Src/fsm_automatic.o
                              0x7fe51 (size before relaxing)
 .debug_str     0x0007fbc2       0x28 ./Core/Src/fsm_manual.o
                              0x7fde2 (size before relaxing)
 .debug_str     0x0007fbea       0x3a ./Core/Src/fsm_setting.o
                              0x7fd6a (size before relaxing)
 .debug_str     0x0007fc24       0x15 ./Core/Src/global.o
                              0x7fd44 (size before relaxing)
 .debug_str     0x0007fc39       0x49 ./Core/Src/led7_segment.o
                              0x7fdf1 (size before relaxing)
 .debug_str     0x0007fc82      0x79f ./Core/Src/main.o
                              0x80646 (size before relaxing)
 .debug_str     0x00080421      0x300 ./Core/Src/stm32f1xx_hal_msp.o
                              0x80488 (size before relaxing)
 .debug_str     0x00080721       0xec ./Core/Src/stm32f1xx_it.o
                              0x801c3 (size before relaxing)
 .debug_str     0x0008080d       0x88 ./Core/Src/system_stm32f1xx.o
                              0x7f734 (size before relaxing)
 .debug_str     0x00080895       0x31 ./Core/Src/timer.o
                              0x7fc89 (size before relaxing)
 .debug_str     0x000808c6       0x1c ./Core/Src/traffic_light.o
                              0x7fe1d (size before relaxing)
 .debug_str     0x000808e2       0x44 ./Core/Startup/startup_stm32f103c6ux.o
                                 0x70 (size before relaxing)
 .debug_str     0x00080926      0x38e ./Drivers/STM32F1xx_HAL_Driver/Src/stm32f1xx_hal.o
                              0x7fe2d (size before relaxing)
 .debug_str     0x00080cb4      0x294 ./Drivers/STM32F1xx_HAL_Driver/Src/stm32f1xx_hal_cortex.o
                              0x7fd79 (size before relaxing)
 .debug_str     0x00080f48      0x2d2 ./Drivers/STM32F1xx_HAL_Driver/Src/stm32f1xx_hal_gpio.o
                              0x7faba (size before relaxing)
 .debug_str     0x0008121a      0x229 ./Drivers/STM32F1xx_HAL_Driver/Src/stm32f1xx_hal_rcc.o
                              0x7fb63 (size before relaxing)
 .debug_str     0x00081443      0xde0 ./Drivers/STM32F1xx_HAL_Driver/Src/stm32f1xx_hal_tim.o
                              0x80b65 (size before relaxing)
 .debug_str     0x00082223      0x493 ./Drivers/STM32F1xx_HAL_Driver/Src/stm32f1xx_hal_tim_ex.o
                              0x80371 (size before relaxing)

.comment        0x00000000       0x43
 .comment       0x00000000       0x43 ./Core/Src/button.o
                                 0x44 (size before relaxing)
 .comment       0x00000043       0x44 ./Core/Src/fsm_automatic.o
 .comment       0x00000043       0x44 ./Core/Src/fsm_manual.o
 .comment       0x00000043       0x44 ./Core/Src/fsm_setting.o
 .comment       0x00000043       0x44 ./Core/Src/global.o
 .comment       0x00000043       0x44 ./Core/Src/led7_segment.o
 .comment       0x00000043       0x44 ./Core/Src/main.o
 .comment       0x00000043       0x44 ./Core/Src/stm32f1xx_hal_msp.o
 .comment       0x00000043       0x44 ./Core/Src/stm32f1xx_it.o
 .comment       0x00000043       0x44 ./Core/Src/system_stm32f1xx.o
 .comment       0x00000043       0x44 ./Core/Src/timer.o
 .comment       0x00000043       0x44 ./Core/Src/traffic_light.o
 .comment       0x00000043       0x44 ./Drivers/STM32F1xx_HAL_Driver/Src/stm32f1xx_hal.o
 .comment       0x00000043       0x44 ./Drivers/STM32F1xx_HAL_Driver/Src/stm32f1xx_hal_cortex.o
 .comment       0x00000043       0x44 ./Drivers/STM32F1xx_HAL_Driver/Src/stm32f1xx_hal_gpio.o
 .comment       0x00000043       0x44 ./Drivers/STM32F1xx_HAL_Driver/Src/stm32f1xx_hal_rcc.o
 .comment       0x00000043       0x44 ./Drivers/STM32F1xx_HAL_Driver/Src/stm32f1xx_hal_tim.o
 .comment       0x00000043       0x44 ./Drivers/STM32F1xx_HAL_Driver/Src/stm32f1xx_hal_tim_ex.o

.debug_frame    0x00000000     0x28ac
 .debug_frame   0x00000000       0x80 ./Core/Src/button.o
 .debug_frame   0x00000080       0x2c ./Core/Src/fsm_automatic.o
 .debug_frame   0x000000ac       0x2c ./Core/Src/fsm_manual.o
 .debug_frame   0x000000d8       0x30 ./Core/Src/fsm_setting.o
 .debug_frame   0x00000108       0x84 ./Core/Src/led7_segment.o
 .debug_frame   0x0000018c       0xd4 ./Core/Src/main.o
 .debug_frame   0x00000260       0x80 ./Core/Src/stm32f1xx_hal_msp.o
 .debug_frame   0x000002e0      0x120 ./Core/Src/stm32f1xx_it.o
 .debug_frame   0x00000400       0x58 ./Core/Src/system_stm32f1xx.o
 .debug_frame   0x00000458       0x88 ./Core/Src/timer.o
 .debug_frame   0x000004e0       0xd4 ./Core/Src/traffic_light.o
 .debug_frame   0x000005b4      0x334 ./Drivers/STM32F1xx_HAL_Driver/Src/stm32f1xx_hal.o
 .debug_frame   0x000008e8      0x428 ./Drivers/STM32F1xx_HAL_Driver/Src/stm32f1xx_hal_cortex.o
 .debug_frame   0x00000d10      0x14c ./Drivers/STM32F1xx_HAL_Driver/Src/stm32f1xx_hal_gpio.o
 .debug_frame   0x00000e5c      0x218 ./Drivers/STM32F1xx_HAL_Driver/Src/stm32f1xx_hal_rcc.o
 .debug_frame   0x00001074     0x11b4 ./Drivers/STM32F1xx_HAL_Driver/Src/stm32f1xx_hal_tim.o
 .debug_frame   0x00002228      0x638 ./Drivers/STM32F1xx_HAL_Driver/Src/stm32f1xx_hal_tim_ex.o
 .debug_frame   0x00002860       0x20 C:/ST/STM32CubeIDE_1.7.0/STM32CubeIDE/plugins/com.st.stm32cube.ide.mcu.externaltools.gnu-tools-for-stm32.12.3.rel1.win32_1.0.200.202406191623/tools/bin/../lib/gcc/arm-none-eabi/12.3.1/../../../../arm-none-eabi/lib/thumb/v7-m/nofp\libc_nano.a(libc_a-memset.o)
 .debug_frame   0x00002880       0x2c C:/ST/STM32CubeIDE_1.7.0/STM32CubeIDE/plugins/com.st.stm32cube.ide.mcu.externaltools.gnu-tools-for-stm32.12.3.rel1.win32_1.0.200.202406191623/tools/bin/../lib/gcc/arm-none-eabi/12.3.1/../../../../arm-none-eabi/lib/thumb/v7-m/nofp\libc_nano.a(libc_a-init.o)

.debug_line_str
                0x00000000       0x54
 .debug_line_str
                0x00000000       0x54 ./Core/Startup/startup_stm32f103c6ux.o
